Archive member included to satisfy reference by file (symbol)

/usr/local/gcc-arm/bin/../lib/gcc/arm-none-eabi/5.4.1/../../../../arm-none-eabi/lib/armv7e-m/fpu/libc_nano.a(lib_a-exit.o)
                              /usr/local/gcc-arm/bin/../lib/gcc/arm-none-eabi/5.4.1/../../../../arm-none-eabi/lib/armv7e-m/fpu/crt0.o (exit)
/usr/local/gcc-arm/bin/../lib/gcc/arm-none-eabi/5.4.1/../../../../arm-none-eabi/lib/armv7e-m/fpu/libc_nano.a(lib_a-impure.o)
                              /usr/local/gcc-arm/bin/../lib/gcc/arm-none-eabi/5.4.1/../../../../arm-none-eabi/lib/armv7e-m/fpu/libc_nano.a(lib_a-exit.o) (_global_impure_ptr)
/usr/local/gcc-arm/bin/../lib/gcc/arm-none-eabi/5.4.1/../../../../arm-none-eabi/lib/armv7e-m/fpu/libc_nano.a(lib_a-init.o)
                              /usr/local/gcc-arm/bin/../lib/gcc/arm-none-eabi/5.4.1/../../../../arm-none-eabi/lib/armv7e-m/fpu/crt0.o (__libc_init_array)
/usr/local/gcc-arm/bin/../lib/gcc/arm-none-eabi/5.4.1/../../../../arm-none-eabi/lib/armv7e-m/fpu/libc_nano.a(lib_a-memset.o)
                              /usr/local/gcc-arm/bin/../lib/gcc/arm-none-eabi/5.4.1/../../../../arm-none-eabi/lib/armv7e-m/fpu/crt0.o (memset)
/usr/local/gcc-arm/bin/../lib/gcc/arm-none-eabi/5.4.1/../../../../arm-none-eabi/lib/armv7e-m/fpu/libnosys.a(_exit.o)
                              /usr/local/gcc-arm/bin/../lib/gcc/arm-none-eabi/5.4.1/../../../../arm-none-eabi/lib/armv7e-m/fpu/libc_nano.a(lib_a-exit.o) (_exit)
/usr/local/gcc-arm/bin/../lib/gcc/arm-none-eabi/5.4.1/armv7e-m/fpu/libgcc.a(_arm_addsubdf3.o)
                              _build/nrf52832_xxaa_manager.c.o (__aeabi_i2d)
/usr/local/gcc-arm/bin/../lib/gcc/arm-none-eabi/5.4.1/armv7e-m/fpu/libgcc.a(_arm_muldivdf3.o)
                              _build/nrf52832_xxaa_manager.c.o (__aeabi_dmul)
/usr/local/gcc-arm/bin/../lib/gcc/arm-none-eabi/5.4.1/armv7e-m/fpu/libgcc.a(_arm_fixunsdfsi.o)
                              _build/nrf52832_xxaa_manager.c.o (__aeabi_d2uiz)
/usr/local/gcc-arm/bin/../lib/gcc/arm-none-eabi/5.4.1/armv7e-m/fpu/libgcc.a(_arm_truncdfsf2.o)
                              _build/nrf52832_xxaa_manager.c.o (__aeabi_d2f)
/usr/local/gcc-arm/bin/../lib/gcc/arm-none-eabi/5.4.1/armv7e-m/fpu/libgcc.a(_aeabi_uldivmod.o)
                              _build/nrf52832_xxaa_manager.c.o (__aeabi_uldivmod)
/usr/local/gcc-arm/bin/../lib/gcc/arm-none-eabi/5.4.1/armv7e-m/fpu/libgcc.a(_udivmoddi4.o)
                              /usr/local/gcc-arm/bin/../lib/gcc/arm-none-eabi/5.4.1/armv7e-m/fpu/libgcc.a(_aeabi_uldivmod.o) (__udivmoddi4)
/usr/local/gcc-arm/bin/../lib/gcc/arm-none-eabi/5.4.1/armv7e-m/fpu/libgcc.a(_dvmd_tls.o)
                              /usr/local/gcc-arm/bin/../lib/gcc/arm-none-eabi/5.4.1/armv7e-m/fpu/libgcc.a(_aeabi_uldivmod.o) (__aeabi_ldiv0)
/usr/local/gcc-arm/bin/../lib/gcc/arm-none-eabi/5.4.1/../../../../arm-none-eabi/lib/armv7e-m/fpu/libc_nano.a(lib_a-locale.o)
                              _build/nrf52832_xxaa_nrf_log_backend_serial.c.o (__locale_ctype_ptr)
/usr/local/gcc-arm/bin/../lib/gcc/arm-none-eabi/5.4.1/../../../../arm-none-eabi/lib/armv7e-m/fpu/libc_nano.a(lib_a-mbtowc_r.o)
                              /usr/local/gcc-arm/bin/../lib/gcc/arm-none-eabi/5.4.1/../../../../arm-none-eabi/lib/armv7e-m/fpu/libc_nano.a(lib_a-locale.o) (__ascii_mbtowc)
/usr/local/gcc-arm/bin/../lib/gcc/arm-none-eabi/5.4.1/../../../../arm-none-eabi/lib/armv7e-m/fpu/libc_nano.a(lib_a-memcmp.o)
                              _build/nrf52832_xxaa_manager.c.o (memcmp)
/usr/local/gcc-arm/bin/../lib/gcc/arm-none-eabi/5.4.1/../../../../arm-none-eabi/lib/armv7e-m/fpu/libc_nano.a(lib_a-memcpy-stub.o)
                              _build/nrf52832_xxaa_manager.c.o (memcpy)
/usr/local/gcc-arm/bin/../lib/gcc/arm-none-eabi/5.4.1/../../../../arm-none-eabi/lib/armv7e-m/fpu/libc_nano.a(lib_a-snprintf.o)
                              _build/nrf52832_xxaa_nrf_log_backend_serial.c.o (snprintf)
/usr/local/gcc-arm/bin/../lib/gcc/arm-none-eabi/5.4.1/../../../../arm-none-eabi/lib/armv7e-m/fpu/libc_nano.a(lib_a-strcmp.o)
                              /usr/local/gcc-arm/bin/../lib/gcc/arm-none-eabi/5.4.1/../../../../arm-none-eabi/lib/armv7e-m/fpu/libc_nano.a(lib_a-locale.o) (strcmp)
/usr/local/gcc-arm/bin/../lib/gcc/arm-none-eabi/5.4.1/../../../../arm-none-eabi/lib/armv7e-m/fpu/libc_nano.a(lib_a-strlen.o)
                              _build/nrf52832_xxaa_manager.c.o (strlen)
/usr/local/gcc-arm/bin/../lib/gcc/arm-none-eabi/5.4.1/../../../../arm-none-eabi/lib/armv7e-m/fpu/libc_nano.a(lib_a-wctomb_r.o)
                              /usr/local/gcc-arm/bin/../lib/gcc/arm-none-eabi/5.4.1/../../../../arm-none-eabi/lib/armv7e-m/fpu/libc_nano.a(lib_a-locale.o) (__ascii_wctomb)
/usr/local/gcc-arm/bin/../lib/gcc/arm-none-eabi/5.4.1/../../../../arm-none-eabi/lib/armv7e-m/fpu/libc_nano.a(lib_a-ctype_.o)
                              /usr/local/gcc-arm/bin/../lib/gcc/arm-none-eabi/5.4.1/../../../../arm-none-eabi/lib/armv7e-m/fpu/libc_nano.a(lib_a-locale.o) (_ctype_)
[...]
Memory Configuration

Name             Origin             Length             Attributes
FLASH            0x000000000001f000 0x0000000000061000 xr
RAM              0x0000000020007ab0 0x0000000000008550 xrw
*default*        0x0000000000000000 0xffffffffffffffff

Linker script and memory map


.text           0x000000000001f000     0x66d4
 *(.isr_vector)
 .isr_vector    0x000000000001f000      0x200 _build/nrf52832_xxaa_gcc_startup_nrf52.S.o
                0x000000000001f000                __isr_vector
 *(.text*)
 .text          0x000000000001f200       0x5c /usr/local/gcc-arm/bin/../lib/gcc/arm-none-eabi/5.4.1/armv7e-m/fpu/crtbegin.o
 .text          0x000000000001f25c       0x74 /usr/local/gcc-arm/bin/../lib/gcc/arm-none-eabi/5.4.1/../../../../arm-none-eabi/lib/armv7e-m/fpu/crt0.o
                0x000000000001f25c                _mainCRTStartup
                0x000000000001f25c                _start
 .text.exit     0x000000000001f2d0       0x28 /usr/local/gcc-arm/bin/../lib/gcc/arm-none-eabi/5.4.1/../../../../arm-none-eabi/lib/armv7e-m/fpu/libc_nano.a(lib_a-exit.o)
                0x000000000001f2d0                exit
 .text.__libc_init_array
                0x000000000001f2f8       0x4c /usr/local/gcc-arm/bin/../lib/gcc/arm-none-eabi/5.4.1/../../../../arm-none-eabi/lib/armv7e-m/fpu/libc_nano.a(lib_a-init.o)
                0x000000000001f2f8                __libc_init_array
 .text.memset   0x000000000001f344       0x10 /usr/local/gcc-arm/bin/../lib/gcc/arm-none-eabi/5.4.1/../../../../arm-none-eabi/lib/armv7e-m/fpu/libc_nano.a(lib_a-memset.o)
                0x000000000001f344                memset
 .text._exit    0x000000000001f354        0x4 /usr/local/gcc-arm/bin/../lib/gcc/arm-none-eabi/5.4.1/../../../../arm-none-eabi/lib/armv7e-m/fpu/libnosys.a(_exit.o)
                0x000000000001f354                _exit
 .text.receivedData
                0x000000000001f358        0xc _build/nrf52832_xxaa_main.c.o
                0x000000000001f358                receivedData
 .text.handleEvents
                0x000000000001f364        0x4 _build/nrf52832_xxaa_main.c.o
                0x000000000001f364                handleEvents
 .text.setupConnection
                0x000000000001f368       0x74 _build/nrf52832_xxaa_main.c.o
                0x000000000001f368                setupConnection
 .text.startup.main
                0x000000000001f3dc       0x24 _build/nrf52832_xxaa_main.c.o
                0x000000000001f3dc                main
 .text.sd_ble_gap_adv_start
                0x000000000001f400        0x4 _build/nrf52832_xxaa_advertising.c.o
 .text.sd_ble_gap_adv_stop
                0x000000000001f404        0x4 _build/nrf52832_xxaa_advertising.c.o
 .text.sd_ble_gap_scan_start
                0x000000000001f408        0x4 _build/nrf52832_xxaa_advertising.c.o
 .text.sd_ble_gap_scan_stop
                0x000000000001f40c        0x4 _build/nrf52832_xxaa_advertising.c.o
 .text.getScanParams
                0x000000000001f410        0x8 _build/nrf52832_xxaa_advertising.c.o
                0x000000000001f410                getScanParams
 .text.setAdvertisingData
                0x000000000001f418        0xc _build/nrf52832_xxaa_advertising.c.o
                0x000000000001f418                setAdvertisingData
 .text.startAdvertising
                0x000000000001f424       0x1c _build/nrf52832_xxaa_advertising.c.o
                0x000000000001f424                startAdvertising
 .text.stopAdvertising
                0x000000000001f440       0x10 _build/nrf52832_xxaa_advertising.c.o
                0x000000000001f440                stopAdvertising
 .text.startScan
                0x000000000001f450       0x18 _build/nrf52832_xxaa_advertising.c.o
                0x000000000001f450                startScan
 .text.stopScan
                0x000000000001f468       0x14 _build/nrf52832_xxaa_advertising.c.o
                0x000000000001f468                stopScan
 .text.nameFromReport
                0x000000000001f47c       0x44 _build/nrf52832_xxaa_advertising.c.o
                0x000000000001f47c                nameFromReport
 .text.bufferInit
                0x000000000001f4c0       0x10 _build/nrf52832_xxaa_buffer.c.o
                0x000000000001f4c0                bufferInit
 .text.bufferInsert
                0x000000000001f4d0       0x50 _build/nrf52832_xxaa_buffer.c.o
                0x000000000001f4d0                bufferInsert
 .text.bufferGetNext
                0x000000000001f520       0x24 _build/nrf52832_xxaa_buffer.c.o
                0x000000000001f520                bufferGetNext
 .text.bufferDeleteNext
                0x000000000001f544       0x2c _build/nrf52832_xxaa_buffer.c.o
                0x000000000001f544                bufferDeleteNext
 .text.bufferHasElement
                0x000000000001f570       0x18 _build/nrf52832_xxaa_buffer.c.o
                0x000000000001f570                bufferHasElement
 .text.sd_ble_gap_ppcp_set
                0x000000000001f588        0x4 _build/nrf52832_xxaa_connect.c.o
 .text.sd_ble_gap_connect
                0x000000000001f58c        0x4 _build/nrf52832_xxaa_connect.c.o
 .text.onConnectionParamsEvent
                0x000000000001f590        0x4 _build/nrf52832_xxaa_connect.c.o
 .text.onConnectionParamsError
                0x000000000001f594        0x4 _build/nrf52832_xxaa_connect.c.o
 .text.connectInternal
                0x000000000001f598       0x18 _build/nrf52832_xxaa_connect.c.o
                0x000000000001f598                connectInternal
 .text.setConnectionParameters
                0x000000000001f5b0       0x48 _build/nrf52832_xxaa_connect.c.o
                0x000000000001f5b0                setConnectionParameters
 .text.unlikely.sd_ble_gap_addr_get
                0x000000000001f5f8        0x4 _build/nrf52832_xxaa_manager.c.o
 .text.sd_ble_gap_conn_param_update
                0x000000000001f5fc        0x4 _build/nrf52832_xxaa_manager.c.o
 .text.sd_ble_gap_disconnect
                0x000000000001f600        0x4 _build/nrf52832_xxaa_manager.c.o
 .text.unlikely.sd_ble_gap_tx_power_set
                0x000000000001f604        0x4 _build/nrf52832_xxaa_manager.c.o
 .text.sd_ble_gap_device_name_set
                0x000000000001f608        0x4 _build/nrf52832_xxaa_manager.c.o
 .text.sd_ble_gap_rssi_start
                0x000000000001f60c        0x4 _build/nrf52832_xxaa_manager.c.o
 .text.sd_ble_gattc_read
                0x000000000001f610        0x4 _build/nrf52832_xxaa_manager.c.o
 .text.sd_ble_gattc_write
                0x000000000001f614        0x4 _build/nrf52832_xxaa_manager.c.o
 .text.sd_ble_gattc_hv_confirm
                0x000000000001f618        0x4 _build/nrf52832_xxaa_manager.c.o
 .text.sd_ble_gatts_service_add
                0x000000000001f61c        0x4 _build/nrf52832_xxaa_manager.c.o
 .text.sd_ble_gatts_sys_attr_set
                0x000000000001f620        0x4 _build/nrf52832_xxaa_manager.c.o
 .text.sd_ble_cfg_set
                0x000000000001f624        0x4 _build/nrf52832_xxaa_manager.c.o
 .text.sd_ble_uuid_vs_add
                0x000000000001f628        0x4 _build/nrf52832_xxaa_manager.c.o
 .text.sd_ble_user_mem_reply
                0x000000000001f62c        0x4 _build/nrf52832_xxaa_manager.c.o
 .text.unlikely.sd_ble_opt_set
                0x000000000001f630        0x4 _build/nrf52832_xxaa_manager.c.o
 .text.sd_app_evt_wait
                0x000000000001f634        0x4 _build/nrf52832_xxaa_manager.c.o
 .text.handleDatabaseDiscovery
                0x000000000001f638      0x13c _build/nrf52832_xxaa_manager.c.o
 .text.handleGattEvent
                0x000000000001f774       0x90 _build/nrf52832_xxaa_manager.c.o
 .text.startStopScanAndAvertising
                0x000000000001f804       0x8c _build/nrf52832_xxaa_manager.c.o
 .text.handleBluetoothEvent
                0x000000000001f890      0xa50 _build/nrf52832_xxaa_manager.c.o
 .text.initialiseManager
                0x00000000000202e0      0x284 _build/nrf52832_xxaa_manager.c.o
                0x00000000000202e0                initialiseManager
 .text.addConnection
                0x0000000000020564      0x12c _build/nrf52832_xxaa_manager.c.o
                0x0000000000020564                addConnection
 .text.loopAndLog
                0x0000000000020690        0x8 _build/nrf52832_xxaa_manager.c.o
                0x0000000000020690                loopAndLog
 .text.peerAddressEqual
                0x0000000000020698       0x58 _build/nrf52832_xxaa_util.c.o
                0x0000000000020698                peerAddressEqual
 .text.printPeerAddress
                0x00000000000206f0        0xc _build/nrf52832_xxaa_util.c.o
                0x00000000000206f0                printPeerAddress
 .text.RTC1_IRQHandler
                0x00000000000206fc       0xa0 _build/nrf52832_xxaa_app_timer.c.o
                0x00000000000206fc                RTC1_IRQHandler
 .text.SWI0_EGU0_IRQHandler
                0x000000000002079c      0x64c _build/nrf52832_xxaa_app_timer.c.o
                0x000000000002079c                SWI0_EGU0_IRQHandler
 .text.app_timer_init
                0x0000000000020de8      0x184 _build/nrf52832_xxaa_app_timer.c.o
                0x0000000000020de8                app_timer_init
 .text.app_timer_create
                0x0000000000020f6c       0x24 _build/nrf52832_xxaa_app_timer.c.o
                0x0000000000020f6c                app_timer_create
 .text.app_timer_start
                0x0000000000020f90       0xac _build/nrf52832_xxaa_app_timer.c.o
                0x0000000000020f90                app_timer_start
 .text.app_timer_stop
                0x000000000002103c       0x78 _build/nrf52832_xxaa_app_timer.c.o
                0x000000000002103c                app_timer_stop
 .text.bsp_board_led_on
                0x00000000000210b4       0x18 _build/nrf52832_xxaa_boards.c.o
                0x00000000000210b4                bsp_board_led_on
 .text.bsp_board_led_off
                0x00000000000210cc       0x18 _build/nrf52832_xxaa_boards.c.o
                0x00000000000210cc                bsp_board_led_off
 .text.bsp_board_leds_init
                0x00000000000210e4       0x3c _build/nrf52832_xxaa_boards.c.o
                0x00000000000210e4                bsp_board_leds_init
 .text.sd_ble_gap_addr_get
                0x0000000000021120        0x4 _build/nrf52832_xxaa_ble_advdata.c.o
 .text.sd_ble_gap_adv_data_set
                0x0000000000021124        0x4 _build/nrf52832_xxaa_ble_advdata.c.o
 .text.sd_ble_gap_appearance_get
                0x0000000000021128        0x4 _build/nrf52832_xxaa_ble_advdata.c.o
 .text.sd_ble_gap_device_name_get
                0x000000000002112c        0x4 _build/nrf52832_xxaa_ble_advdata.c.o
 .text.sd_ble_uuid_encode
                0x0000000000021130        0x4 _build/nrf52832_xxaa_ble_advdata.c.o
 .text.uuid_list_sized_encode
                0x0000000000021134       0xb8 _build/nrf52832_xxaa_ble_advdata.c.o
 .text.adv_data_encode
                0x00000000000211ec      0x3f8 _build/nrf52832_xxaa_ble_advdata.c.o
                0x00000000000211ec                adv_data_encode
 .text.ble_advdata_set
                0x00000000000215e4      0x4dc _build/nrf52832_xxaa_ble_advdata.c.o
                0x00000000000215e4                ble_advdata_set
 .text.sd_ble_gap_conn_param_update
                0x0000000000021ac0        0x4 _build/nrf52832_xxaa_ble_conn_params.c.o
 .text.sd_ble_gap_disconnect
                0x0000000000021ac4        0x4 _build/nrf52832_xxaa_ble_conn_params.c.o
 .text.sd_ble_gap_ppcp_set
                0x0000000000021ac8        0x4 _build/nrf52832_xxaa_ble_conn_params.c.o
 .text.sd_ble_gap_ppcp_get
                0x0000000000021acc        0x4 _build/nrf52832_xxaa_ble_conn_params.c.o
 .text.update_timeout_handler
                0x0000000000021ad0       0x74 _build/nrf52832_xxaa_ble_conn_params.c.o
 .text.conn_params_negotiation
                0x0000000000021b44       0x94 _build/nrf52832_xxaa_ble_conn_params.c.o
 .text.ble_conn_params_init
                0x0000000000021bd8       0x74 _build/nrf52832_xxaa_ble_conn_params.c.o
                0x0000000000021bd8                ble_conn_params_init
 .text.ble_conn_params_on_ble_evt
                0x0000000000021c4c       0xb8 _build/nrf52832_xxaa_ble_conn_params.c.o
                0x0000000000021c4c                ble_conn_params_on_ble_evt
 .text.sd_ble_gatts_characteristic_add
                0x0000000000021d04        0x4 _build/nrf52832_xxaa_ble_srv_common.c.o
 .text.ble_srv_is_notification_enabled
                0x0000000000021d08        0x8 _build/nrf52832_xxaa_ble_srv_common.c.o
                0x0000000000021d08                ble_srv_is_notification_enabled
 .text.ble_srv_is_indication_enabled
                0x0000000000021d10        0x8 _build/nrf52832_xxaa_ble_srv_common.c.o
                0x0000000000021d10                ble_srv_is_indication_enabled
 .text.characteristic_add
                0x0000000000021d18      0x3fc _build/nrf52832_xxaa_ble_srv_common.c.o
                0x0000000000021d18                characteristic_add
 .text.sd_ble_gattc_primary_services_discover
                0x0000000000022114        0x4 _build/nrf52832_xxaa_ble_db_discovery.c.o
 .text.sd_ble_gattc_characteristics_discover
                0x0000000000022118        0x4 _build/nrf52832_xxaa_ble_db_discovery.c.o
 .text.sd_ble_gattc_descriptors_discover
                0x000000000002211c        0x4 _build/nrf52832_xxaa_ble_db_discovery.c.o
 .text.discovery_error_evt_trigger
                0x0000000000022120       0xdc _build/nrf52832_xxaa_ble_db_discovery.c.o
 .text.descriptors_discover
                0x00000000000221fc       0xcc _build/nrf52832_xxaa_ble_db_discovery.c.o
 .text.ble_db_discovery_init
                0x00000000000222c8       0x34 _build/nrf52832_xxaa_ble_db_discovery.c.o
                0x00000000000222c8                ble_db_discovery_init
 .text.ble_db_discovery_evt_register
                0x00000000000222fc       0xd0 _build/nrf52832_xxaa_ble_db_discovery.c.o
                0x00000000000222fc                ble_db_discovery_evt_register
 .text.ble_db_discovery_start
                0x00000000000223cc       0x68 _build/nrf52832_xxaa_ble_db_discovery.c.o
                0x00000000000223cc                ble_db_discovery_start
 .text.ble_db_discovery_on_ble_evt
                0x0000000000022434      0xc94 _build/nrf52832_xxaa_ble_db_discovery.c.o
                0x0000000000022434                ble_db_discovery_on_ble_evt
 .text.sd_ble_gap_data_length_update
                0x00000000000230c8        0x4 _build/nrf52832_xxaa_nrf_ble_gatt.c.o
 .text.sd_ble_gattc_exchange_mtu_request
                0x00000000000230cc        0x4 _build/nrf52832_xxaa_nrf_ble_gatt.c.o
 .text.sd_ble_gatts_exchange_mtu_reply
                0x00000000000230d0        0x4 _build/nrf52832_xxaa_nrf_ble_gatt.c.o
 .text.nrf_ble_gatt_init
                0x00000000000230d4       0x38 _build/nrf52832_xxaa_nrf_ble_gatt.c.o
                0x00000000000230d4                nrf_ble_gatt_init
 .text.nrf_ble_gatt_att_mtu_periph_set
                0x000000000002310c       0x18 _build/nrf52832_xxaa_nrf_ble_gatt.c.o
                0x000000000002310c                nrf_ble_gatt_att_mtu_periph_set
 .text.nrf_ble_gatt_att_mtu_central_set
                0x0000000000023124       0x18 _build/nrf52832_xxaa_nrf_ble_gatt.c.o
                0x0000000000023124                nrf_ble_gatt_att_mtu_central_set
 .text.nrf_ble_gatt_data_length_set
                0x000000000002313c       0x4c _build/nrf52832_xxaa_nrf_ble_gatt.c.o
                0x000000000002313c                nrf_ble_gatt_data_length_set
 .text.nrf_ble_gatt_on_ble_evt
                0x0000000000023188      0x208 _build/nrf52832_xxaa_nrf_ble_gatt.c.o
                0x0000000000023188                nrf_ble_gatt_on_ble_evt
 .text.POWER_CLOCK_IRQHandler
                0x0000000000023390       0x78 _build/nrf52832_xxaa_nrf_drv_clock.c.o
                0x0000000000023390                POWER_CLOCK_IRQHandler
 .text.nrf_drv_clock_on_soc_event
                0x0000000000023408       0x20 _build/nrf52832_xxaa_nrf_drv_clock.c.o
                0x0000000000023408                nrf_drv_clock_on_soc_event
 .text.nrf_drv_clock_on_sd_enable
                0x0000000000023428       0x64 _build/nrf52832_xxaa_nrf_drv_clock.c.o
                0x0000000000023428                nrf_drv_clock_on_sd_enable
 .text.nrf_drv_common_irq_enable
                0x000000000002348c       0x50 _build/nrf52832_xxaa_nrf_drv_common.c.o
                0x000000000002348c                nrf_drv_common_irq_enable
 .text.GPIOTE_IRQHandler
                0x00000000000234dc      0x4f4 _build/nrf52832_xxaa_nrf_drv_gpiote.c.o
                0x00000000000234dc                GPIOTE_IRQHandler
 .text.RTC2_IRQHandler
                0x00000000000239d0      0x138 _build/nrf52832_xxaa_nrf_drv_rtc.c.o
                0x00000000000239d0                RTC2_IRQHandler
 .text.nrf_drv_uart_init
                0x0000000000023b08      0x1dc _build/nrf52832_xxaa_nrf_drv_uart.c.o
                0x0000000000023b08                nrf_drv_uart_init
 .text.nrf_drv_uart_uninit
                0x0000000000023ce4      0x10c _build/nrf52832_xxaa_nrf_drv_uart.c.o
                0x0000000000023ce4                nrf_drv_uart_uninit
 .text.UARTE0_UART0_IRQHandler
                0x0000000000023df0      0x2fc _build/nrf52832_xxaa_nrf_drv_uart.c.o
                0x0000000000023df0                UARTE0_UART0_IRQHandler
 .text.uart_event_handler
                0x00000000000240ec       0x10 _build/nrf52832_xxaa_nrf_log_backend_serial.c.o
 .text.nrf_log_backend_init
                0x00000000000240fc       0x80 _build/nrf52832_xxaa_nrf_log_backend_serial.c.o
                0x00000000000240fc                nrf_log_backend_init
 .text.nrf_log_blocking_backend_set
                0x000000000002417c        0x8 _build/nrf52832_xxaa_nrf_log_frontend.c.o
                0x000000000002417c                nrf_log_blocking_backend_set
 .text.nrf_log_frontend_std_0
                0x0000000000024184       0xb0 _build/nrf52832_xxaa_nrf_log_frontend.c.o
                0x0000000000024184                nrf_log_frontend_std_0
 .text.nrf_log_frontend_std_1
                0x0000000000024234       0xbc _build/nrf52832_xxaa_nrf_log_frontend.c.o
                0x0000000000024234                nrf_log_frontend_std_1
 .text.nrf_log_frontend_std_2
                0x00000000000242f0       0xcc _build/nrf52832_xxaa_nrf_log_frontend.c.o
                0x00000000000242f0                nrf_log_frontend_std_2
 .text.nrf_log_frontend_dequeue
                0x00000000000243bc      0x13c _build/nrf52832_xxaa_nrf_log_frontend.c.o
                0x00000000000243bc                nrf_log_frontend_dequeue
 .text.app_error_handler_bare
                0x00000000000244f8       0x20 _build/nrf52832_xxaa_app_error.c.o
                0x00000000000244f8                app_error_handler_bare
 .text.app_error_fault_handler
                0x0000000000024518       0x48 _build/nrf52832_xxaa_app_error_weak.c.o
                0x0000000000024518                app_error_fault_handler
 .text.app_util_critical_region_enter
                0x0000000000024560       0x50 _build/nrf52832_xxaa_app_util_platform.c.o
                0x0000000000024560                app_util_critical_region_enter
 .text.app_util_critical_region_exit
                0x00000000000245b0       0x30 _build/nrf52832_xxaa_app_util_platform.c.o
                0x00000000000245b0                app_util_critical_region_exit
 .text          0x00000000000245e0       0x3c _build/nrf52832_xxaa_gcc_startup_nrf52.S.o
                0x00000000000245e0                Reset_Handler
                0x0000000000024608                NMI_Handler
                0x000000000002460a                HardFault_Handler
                0x000000000002460c                MemoryManagement_Handler
                0x000000000002460e                BusFault_Handler
                0x0000000000024610                UsageFault_Handler
                0x0000000000024612                SVC_Handler
                0x0000000000024614                DebugMon_Handler
                0x0000000000024616                PendSV_Handler
                0x0000000000024618                SysTick_Handler
                0x000000000002461a                TIMER4_IRQHandler
                0x000000000002461a                I2S_IRQHandler
                0x000000000002461a                SWI4_EGU4_IRQHandler
                0x000000000002461a                TIMER0_IRQHandler
                0x000000000002461a                TIMER1_IRQHandler
                0x000000000002461a                PWM2_IRQHandler
                0x000000000002461a                ECB_IRQHandler
                0x000000000002461a                SPIM1_SPIS1_TWIM1_TWIS1_SPI1_TWI1_IRQHandler
                0x000000000002461a                Default_Handler
                0x000000000002461a                SAADC_IRQHandler
                0x000000000002461a                CCM_AAR_IRQHandler
                0x000000000002461a                WDT_IRQHandler
                0x000000000002461a                SWI5_EGU5_IRQHandler
                0x000000000002461a                RNG_IRQHandler
                0x000000000002461a                PWM0_IRQHandler
                0x000000000002461a                SWI3_EGU3_IRQHandler
                0x000000000002461a                SWI1_EGU1_IRQHandler
                0x000000000002461a                SPIM2_SPIS2_SPI2_IRQHandler
                0x000000000002461a                NFCT_IRQHandler
                0x000000000002461a                MWU_IRQHandler
                0x000000000002461a                TIMER2_IRQHandler
                0x000000000002461a                COMP_LPCOMP_IRQHandler
                0x000000000002461a                RTC0_IRQHandler
                0x000000000002461a                PWM1_IRQHandler
                0x000000000002461a                RADIO_IRQHandler
                0x000000000002461a                PDM_IRQHandler
                0x000000000002461a                TEMP_IRQHandler
                0x000000000002461a                QDEC_IRQHandler
                0x000000000002461a                TIMER3_IRQHandler
                0x000000000002461a                FPU_IRQHandler
                0x000000000002461a                SPIM0_SPIS0_TWIM0_TWIS0_SPI0_TWI0_IRQHandler
 .text.SystemInit
                0x000000000002461c      0x348 _build/nrf52832_xxaa_system_nrf52.c.o
                0x000000000002461c                SystemInit
 .text.sd_evt_get
                0x0000000000024964        0x4 _build/nrf52832_xxaa_softdevice_handler.c.o
 .text.sd_softdevice_enable
                0x0000000000024968        0x4 _build/nrf52832_xxaa_softdevice_handler.c.o
 .text.sd_ble_enable
                0x000000000002496c        0x4 _build/nrf52832_xxaa_softdevice_handler.c.o
 .text.sd_ble_evt_get
                0x0000000000024970        0x4 _build/nrf52832_xxaa_softdevice_handler.c.o
 .text.softdevice_fault_handler
                0x0000000000024974        0x4 _build/nrf52832_xxaa_softdevice_handler.c.o
                0x0000000000024974                softdevice_fault_handler
 .text.intern_softdevice_events_execute.part.2
                0x0000000000024978       0xc0 _build/nrf52832_xxaa_softdevice_handler.c.o
 .text.softdevice_handler_is_enabled
                0x0000000000024a38        0xc _build/nrf52832_xxaa_softdevice_handler.c.o
                0x0000000000024a38                softdevice_handler_is_enabled
 .text.softdevice_handler_init
                0x0000000000024a44       0x94 _build/nrf52832_xxaa_softdevice_handler.c.o
                0x0000000000024a44                softdevice_handler_init
 .text.softdevice_ble_evt_handler_set
                0x0000000000024ad8       0x14 _build/nrf52832_xxaa_softdevice_handler.c.o
                0x0000000000024ad8                softdevice_ble_evt_handler_set
 .text.SWI2_EGU2_IRQHandler
                0x0000000000024aec       0x30 _build/nrf52832_xxaa_softdevice_handler.c.o
                0x0000000000024aec                SWI2_EGU2_IRQHandler
 .text.softdevice_app_ram_start_get
                0x0000000000024b1c       0x14 _build/nrf52832_xxaa_softdevice_handler.c.o
                0x0000000000024b1c                softdevice_app_ram_start_get
 .text.softdevice_enable
                0x0000000000024b30       0x68 _build/nrf52832_xxaa_softdevice_handler.c.o
                0x0000000000024b30                softdevice_enable
 .text          0x0000000000024b98      0x370 /usr/local/gcc-arm/bin/../lib/gcc/arm-none-eabi/5.4.1/armv7e-m/fpu/libgcc.a(_arm_addsubdf3.o)
                0x0000000000024b98                __aeabi_drsub
                0x0000000000024ba0                __subdf3
                0x0000000000024ba0                __aeabi_dsub
                0x0000000000024ba4                __aeabi_dadd
                0x0000000000024ba4                __adddf3
                0x0000000000024e1c                __aeabi_ui2d
                0x0000000000024e1c                __floatunsidf
                0x0000000000024e3c                __floatsidf
                0x0000000000024e3c                __aeabi_i2d
                0x0000000000024e60                __extendsfdf2
                0x0000000000024e60                __aeabi_f2d
                0x0000000000024e9c                __aeabi_ul2d
                0x0000000000024e9c                __floatundidf
                0x0000000000024eac                __aeabi_l2d
                0x0000000000024eac                __floatdidf
 .text          0x0000000000024f08      0x424 /usr/local/gcc-arm/bin/../lib/gcc/arm-none-eabi/5.4.1/armv7e-m/fpu/libgcc.a(_arm_muldivdf3.o)
                0x0000000000024f08                __aeabi_dmul
                0x0000000000024f08                __muldf3
                0x000000000002515c                __aeabi_ddiv
                0x000000000002515c                __divdf3
 .text          0x000000000002532c       0x40 /usr/local/gcc-arm/bin/../lib/gcc/arm-none-eabi/5.4.1/armv7e-m/fpu/libgcc.a(_arm_fixunsdfsi.o)
                0x000000000002532c                __fixunsdfsi
                0x000000000002532c                __aeabi_d2uiz
 .text.memcmp   0x000000000002536c       0x1e /usr/local/gcc-arm/bin/../lib/gcc/arm-none-eabi/5.4.1/../../../../arm-none-eabi/lib/armv7e-m/fpu/libc_nano.a(lib_a-memcmp.o)
                0x000000000002536c                memcmp
 .text.memcpy   0x000000000002538a       0x16 /usr/local/gcc-arm/bin/../lib/gcc/arm-none-eabi/5.4.1/../../../../arm-none-eabi/lib/armv7e-m/fpu/libc_nano.a(lib_a-memcpy-stub.o)
                0x000000000002538a                memcpy
 .text          0x00000000000253a0       0x10 /usr/local/gcc-arm/bin/../lib/gcc/arm-none-eabi/5.4.1/../../../../arm-none-eabi/lib/armv7e-m/fpu/libc_nano.a(lib_a-strlen.o)
                0x00000000000253a0                strlen
 *(.init)
 .init          0x00000000000253b0        0x4 /usr/local/gcc-arm/bin/../lib/gcc/arm-none-eabi/5.4.1/armv7e-m/fpu/crti.o
                0x00000000000253b0                _init
 .init          0x00000000000253b4        0x8 /usr/local/gcc-arm/bin/../lib/gcc/arm-none-eabi/5.4.1/armv7e-m/fpu/crtn.o
 *(.fini)
 .fini          0x00000000000253bc        0x4 /usr/local/gcc-arm/bin/../lib/gcc/arm-none-eabi/5.4.1/armv7e-m/fpu/crti.o
                0x00000000000253bc                _fini
 .fini          0x00000000000253c0        0x8 /usr/local/gcc-arm/bin/../lib/gcc/arm-none-eabi/5.4.1/armv7e-m/fpu/crtn.o
 *crtbegin.o(.ctors)
 *crtbegin?.o(.ctors)
 *(EXCLUDE_FILE(*crtend.o *crtend?.o) .ctors)
 *(SORT(.ctors.*))
 *(.ctors)
 *crtbegin.o(.dtors)
 *crtbegin?.o(.dtors)
 *(EXCLUDE_FILE(*crtend.o *crtend?.o) .dtors)
 *(SORT(.dtors.*))
 *(.dtors)
 *(.rodata*)
 .rodata._global_impure_ptr
                0x00000000000253c8        0x4 /usr/local/gcc-arm/bin/../lib/gcc/arm-none-eabi/5.4.1/../../../../arm-none-eabi/lib/armv7e-m/fpu/libc_nano.a(lib_a-impure.o)
                0x00000000000253c8                _global_impure_ptr
 .rodata.str1.4
                0x00000000000253cc        0x8 _build/nrf52832_xxaa_main.c.o
 .rodata.advertisingParameters
                0x00000000000253d4       0x10 _build/nrf52832_xxaa_advertising.c.o
                0x00000000000253d4                advertisingParameters
 .rodata.advertisingData
                0x00000000000253e4       0x3c _build/nrf52832_xxaa_advertising.c.o
                0x00000000000253e4                advertisingData
 .rodata.scanParameters
                0x0000000000025420        0x8 _build/nrf52832_xxaa_advertising.c.o
 .rodata        0x0000000000025428       0x14 _build/nrf52832_xxaa_manager.c.o
 .rodata.str1.4
                0x000000000002543c        0x4 _build/nrf52832_xxaa_manager.c.o
 .rodata.m_board_led_list
                0x0000000000025440        0x4 _build/nrf52832_xxaa_boards.c.o
 .rodata.m_conn_params_timer_id
                0x0000000000025444        0x4 _build/nrf52832_xxaa_ble_conn_params.c.o
 .rodata.str1.4
                0x0000000000025448      0x185 _build/nrf52832_xxaa_nrf_ble_gatt.c.o
 *fill*         0x00000000000255cd        0x3 
 .rodata        0x00000000000255d0       0x20 _build/nrf52832_xxaa_nrf_log_backend_serial.c.o
 .rodata.str1.4
                0x00000000000255f0        0xb _build/nrf52832_xxaa_nrf_log_frontend.c.o
 *fill*         0x00000000000255fb        0x1 
 .rodata.str1.4
                0x00000000000255fc       0x29 _build/nrf52832_xxaa_app_error_weak.c.o
 *fill*         0x0000000000025625        0x3 
 .rodata.str1.4
                0x0000000000025628       0xa8 _build/nrf52832_xxaa_softdevice_handler.c.o
                                         0xa5 (size before relaxing)
 *(.eh_frame*)
 .eh_frame      0x00000000000256d0        0x0 /usr/local/gcc-arm/bin/../lib/gcc/arm-none-eabi/5.4.1/armv7e-m/fpu/crtbegin.o
 .eh_frame      0x00000000000256d0        0x4 /usr/local/gcc-arm/bin/../lib/gcc/arm-none-eabi/5.4.1/armv7e-m/fpu/crtend.o

.glue_7         0x00000000000256d4        0x0
 .glue_7        0x00000000000256d4        0x0 linker stubs

.glue_7t        0x00000000000256d4        0x0
 .glue_7t       0x00000000000256d4        0x0 linker stubs

.vfp11_veneer   0x00000000000256d4        0x0
 .vfp11_veneer  0x00000000000256d4        0x0 linker stubs

.v4_bx          0x00000000000256d4        0x0
 .v4_bx         0x00000000000256d4        0x0 linker stubs

.iplt           0x00000000000256d4        0x0
 .iplt          0x00000000000256d4        0x0 /usr/local/gcc-arm/bin/../lib/gcc/arm-none-eabi/5.4.1/armv7e-m/fpu/crtbegin.o

.pwr_mgmt_data  0x00000000000256d4        0x0
                [!provide]                        PROVIDE (__start_pwr_mgmt_data, .)
 *(SORT(.pwr_mgmt_data*))
                [!provide]                        PROVIDE (__stop_pwr_mgmt_data, .)

.ARM.extab
 *(.ARM.extab* .gnu.linkonce.armextab.*)
                0x00000000000256d4                __exidx_start = .

.ARM.exidx      0x00000000000256d4        0x8
 *(.ARM.exidx* .gnu.linkonce.armexidx.*)
 .ARM.exidx     0x00000000000256d4        0x8 /usr/local/gcc-arm/bin/../lib/gcc/arm-none-eabi/5.4.1/../../../../arm-none-eabi/lib/armv7e-m/fpu/crt0.o
                0x00000000000256dc                __exidx_end = .
                0x00000000000256dc                __etext = .

.rel.dyn        0x00000000000256dc        0x0
 .rel.iplt      0x00000000000256dc        0x0 /usr/local/gcc-arm/bin/../lib/gcc/arm-none-eabi/5.4.1/armv7e-m/fpu/crtbegin.o

.data           0x0000000020007ab0       0x84 load address 0x00000000000256dc
                0x0000000020007ab0                __data_start__ = .
 *(vtable)
 *(.data*)
 .data.impure_data
                0x0000000020007ab0       0x60 /usr/local/gcc-arm/bin/../lib/gcc/arm-none-eabi/5.4.1/../../../../arm-none-eabi/lib/armv7e-m/fpu/libc_nano.a(lib_a-impure.o)
 .data.peerID   0x0000000020007b10        0x1 _build/nrf52832_xxaa_main.c.o
                0x0000000020007b10                peerID
 *fill*         0x0000000020007b11        0x3 
 .data.connectionParameters
                0x0000000020007b14        0x8 _build/nrf52832_xxaa_connect.c.o
 .data.m_uart   0x0000000020007b1c        0x8 _build/nrf52832_xxaa_nrf_log_backend_serial.c.o
 .data.SystemCoreClock
                0x0000000020007b24        0x4 _build/nrf52832_xxaa_system_nrf52.c.o
                0x0000000020007b24                SystemCoreClock
                0x0000000020007b28                . = ALIGN (0x4)
                0x0000000020007b28                PROVIDE (__preinit_array_start, .)
 *(.preinit_array)
                0x0000000020007b28                PROVIDE (__preinit_array_end, .)
                0x0000000020007b28                . = ALIGN (0x4)
                0x0000000020007b28                PROVIDE (__init_array_start, .)
 *(SORT(.init_array.*))
 *(.init_array)
 .init_array    0x0000000020007b28        0x4 /usr/local/gcc-arm/bin/../lib/gcc/arm-none-eabi/5.4.1/armv7e-m/fpu/crtbegin.o
                0x0000000020007b2c                PROVIDE (__init_array_end, .)
                0x0000000020007b2c                . = ALIGN (0x4)
                [!provide]                        PROVIDE (__fini_array_start, .)
 *(SORT(.fini_array.*))
 *(.fini_array)
 .fini_array    0x0000000020007b2c        0x4 /usr/local/gcc-arm/bin/../lib/gcc/arm-none-eabi/5.4.1/armv7e-m/fpu/crtbegin.o
                [!provide]                        PROVIDE (__fini_array_end, .)
 *(.jcr*)
 .jcr           0x0000000020007b30        0x0 /usr/local/gcc-arm/bin/../lib/gcc/arm-none-eabi/5.4.1/armv7e-m/fpu/crtbegin.o
 .jcr           0x0000000020007b30        0x4 /usr/local/gcc-arm/bin/../lib/gcc/arm-none-eabi/5.4.1/armv7e-m/fpu/crtend.o
                0x0000000020007b34                . = ALIGN (0x4)
                0x0000000020007b34                __data_end__ = .
LOAD /usr/local/gcc-arm/bin/../lib/gcc/arm-none-eabi/5.4.1/armv7e-m/fpu/crti.o
LOAD /usr/local/gcc-arm/bin/../lib/gcc/arm-none-eabi/5.4.1/armv7e-m/fpu/crtbegin.o
LOAD /usr/local/gcc-arm/bin/../lib/gcc/arm-none-eabi/5.4.1/../../../../arm-none-eabi/lib/armv7e-m/fpu/crt0.o
LOAD /usr/local/gcc-arm/bin/../lib/gcc/arm-none-eabi/5.4.1/../../../../arm-none-eabi/lib/armv7e-m/fpu/libc_nano.a
LOAD /usr/local/gcc-arm/bin/../lib/gcc/arm-none-eabi/5.4.1/../../../../arm-none-eabi/lib/armv7e-m/fpu/libnosys.a
LOAD _build/nrf52832_xxaa_main.c.o
LOAD _build/nrf52832_xxaa_advertising.c.o
LOAD _build/nrf52832_xxaa_buffer.c.o
LOAD _build/nrf52832_xxaa_counter.c.o
LOAD _build/nrf52832_xxaa_connect.c.o
LOAD _build/nrf52832_xxaa_manager.c.o
LOAD _build/nrf52832_xxaa_util.c.o
LOAD _build/nrf52832_xxaa_app_timer.c.o
LOAD _build/nrf52832_xxaa_hardfault_implementation.c.o
LOAD _build/nrf52832_xxaa_nrf_strerror.c.o
LOAD _build/nrf52832_xxaa_boards.c.o
LOAD _build/nrf52832_xxaa_ble_advdata.c.o
LOAD _build/nrf52832_xxaa_ble_conn_params.c.o
LOAD _build/nrf52832_xxaa_ble_srv_common.c.o
LOAD _build/nrf52832_xxaa_ble_db_discovery.c.o
LOAD _build/nrf52832_xxaa_nrf_ble_gatt.c.o
LOAD _build/nrf52832_xxaa_nrf_drv_clock.c.o
LOAD _build/nrf52832_xxaa_nrf_drv_common.c.o
LOAD _build/nrf52832_xxaa_nrf_drv_gpiote.c.o
LOAD _build/nrf52832_xxaa_nrf_drv_rtc.c.o
LOAD _build/nrf52832_xxaa_nrf_drv_uart.c.o
LOAD _build/nrf52832_xxaa_bsp.c.o
LOAD _build/nrf52832_xxaa_nrf_log_backend_serial.c.o
LOAD _build/nrf52832_xxaa_nrf_log_frontend.c.o
LOAD _build/nrf52832_xxaa_app_error.c.o
LOAD _build/nrf52832_xxaa_app_error_weak.c.o
LOAD _build/nrf52832_xxaa_app_util_platform.c.o
LOAD _build/nrf52832_xxaa_nrf_assert.c.o
LOAD _build/nrf52832_xxaa_gcc_startup_nrf52.S.o
LOAD _build/nrf52832_xxaa_system_nrf52.c.o
LOAD _build/nrf52832_xxaa_softdevice_handler.c.o
LOAD /usr/local/gcc-arm/bin/../lib/gcc/arm-none-eabi/5.4.1/../../../../arm-none-eabi/lib/armv7e-m/fpu/libm.a
START GROUP
LOAD /usr/local/gcc-arm/bin/../lib/gcc/arm-none-eabi/5.4.1/armv7e-m/fpu/libgcc.a
LOAD /usr/local/gcc-arm/bin/../lib/gcc/arm-none-eabi/5.4.1/../../../../arm-none-eabi/lib/armv7e-m/fpu/libc_nano.a
END GROUP
START GROUP
LOAD /usr/local/gcc-arm/bin/../lib/gcc/arm-none-eabi/5.4.1/armv7e-m/fpu/libgcc.a
LOAD /usr/local/gcc-arm/bin/../lib/gcc/arm-none-eabi/5.4.1/../../../../arm-none-eabi/lib/armv7e-m/fpu/libc_nano.a
END GROUP
LOAD /usr/local/gcc-arm/bin/../lib/gcc/arm-none-eabi/5.4.1/armv7e-m/fpu/crtend.o
LOAD /usr/local/gcc-arm/bin/../lib/gcc/arm-none-eabi/5.4.1/armv7e-m/fpu/crtn.o
START GROUP
LOAD /usr/local/gcc-arm/bin/../lib/gcc/arm-none-eabi/5.4.1/armv7e-m/fpu/libgcc.a
LOAD /usr/local/gcc-arm/bin/../lib/gcc/arm-none-eabi/5.4.1/../../../../arm-none-eabi/lib/armv7e-m/fpu/libc.a
LOAD /usr/local/gcc-arm/bin/../lib/gcc/arm-none-eabi/5.4.1/../../../../arm-none-eabi/lib/armv7e-m/fpu/libnosys.a
END GROUP

.igot.plt       0x0000000020007b34        0x0 load address 0x0000000000025760
 .igot.plt      0x0000000020007b34        0x0 /usr/local/gcc-arm/bin/../lib/gcc/arm-none-eabi/5.4.1/armv7e-m/fpu/crtbegin.o

.fs_data        0x0000000020007b34        0x0
                [!provide]                        PROVIDE (__start_fs_data, .)
 *(.fs_data)
                [!provide]                        PROVIDE (__stop_fs_data, .)

.bss            0x0000000020007b34     0x1da4 load address 0x0000000000025760
                0x0000000020007b34                . = ALIGN (0x4)
                0x0000000020007b34                __bss_start__ = .
 *(.bss*)
 .bss           0x0000000020007b34       0x1c /usr/local/gcc-arm/bin/../lib/gcc/arm-none-eabi/5.4.1/armv7e-m/fpu/crtbegin.o
 .bss.gattModule
                0x0000000020007b50       0x1c _build/nrf52832_xxaa_manager.c.o
 .bss.receiveHandles
                0x0000000020007b6c        0x8 _build/nrf52832_xxaa_manager.c.o
 .bss.connectionsCount
                0x0000000020007b74        0x1 _build/nrf52832_xxaa_manager.c.o
 *fill*         0x0000000020007b75        0x3 
 .bss.BLE_EVT_BUFFER.9528
                0x0000000020007b78      0x130 _build/nrf52832_xxaa_manager.c.o
 .bss.baseUuidType
                0x0000000020007ca8        0x1 _build/nrf52832_xxaa_manager.c.o
 *fill*         0x0000000020007ca9        0x3 
 .bss.connections
                0x0000000020007cac     0x1338 _build/nrf52832_xxaa_manager.c.o
 .bss.m_ticks_latest
                0x0000000020008fe4        0x4 _build/nrf52832_xxaa_app_timer.c.o
 .bss.mp_timer_id_head
                0x0000000020008fe8        0x4 _build/nrf52832_xxaa_app_timer.c.o
 .bss.m_ticks_elapsed_q_read_ind
                0x0000000020008fec        0x1 _build/nrf52832_xxaa_app_timer.c.o
 .bss.m_ticks_elapsed_q_write_ind
                0x0000000020008fed        0x1 _build/nrf52832_xxaa_app_timer.c.o
 .bss.m_rtc1_reset
                0x0000000020008fee        0x1 _build/nrf52832_xxaa_app_timer.c.o
 *fill*         0x0000000020008fef        0x1 
 .bss.m_op_queue
                0x0000000020008ff0      0x10c _build/nrf52832_xxaa_app_timer.c.o
 .bss.m_ticks_elapsed
                0x00000000200090fc        0x8 _build/nrf52832_xxaa_app_timer.c.o
 .bss.m_rtc1_running
                0x0000000020009104        0x1 _build/nrf52832_xxaa_app_timer.c.o
 .bss.m_change_param
                0x0000000020009105        0x1 _build/nrf52832_xxaa_ble_conn_params.c.o
 *fill*         0x0000000020009106        0x2 
 .bss.m_current_conn_params
                0x0000000020009108        0x8 _build/nrf52832_xxaa_ble_conn_params.c.o
 .bss.m_update_count
                0x0000000020009110        0x1 _build/nrf52832_xxaa_ble_conn_params.c.o
 *fill*         0x0000000020009111        0x3 
 .bss.m_conn_params_config
                0x0000000020009114       0x1c _build/nrf52832_xxaa_ble_conn_params.c.o
 .bss.m_conn_params_timer_id_data
                0x0000000020009130       0x20 _build/nrf52832_xxaa_ble_conn_params.c.o
 .bss.m_conn_handle
                0x0000000020009150        0x2 _build/nrf52832_xxaa_ble_conn_params.c.o
 *fill*         0x0000000020009152        0x2 
 .bss.m_preferred_conn_params
                0x0000000020009154        0x8 _build/nrf52832_xxaa_ble_conn_params.c.o
 .bss.m_evt_handler
                0x000000002000915c        0x4 _build/nrf52832_xxaa_ble_db_discovery.c.o
 .bss.m_pending_user_evts
                0x0000000020009160      0x288 _build/nrf52832_xxaa_ble_db_discovery.c.o
 .bss.m_pending_usr_evt_index
                0x00000000200093e8        0x4 _build/nrf52832_xxaa_ble_db_discovery.c.o
 .bss.m_registered_handlers
                0x00000000200093ec       0x18 _build/nrf52832_xxaa_ble_db_discovery.c.o
 .bss.m_initialized
                0x0000000020009404        0x1 _build/nrf52832_xxaa_ble_db_discovery.c.o
 *fill*         0x0000000020009405        0x3 
 .bss.m_num_of_handlers_reg
                0x0000000020009408        0x4 _build/nrf52832_xxaa_ble_db_discovery.c.o
 .bss.m_clock_cb
                0x000000002000940c       0x14 _build/nrf52832_xxaa_nrf_drv_clock.c.o
 .bss.m_cb      0x0000000020009420       0x58 _build/nrf52832_xxaa_nrf_drv_gpiote.c.o
 .bss.m_handlers
                0x0000000020009478        0x4 _build/nrf52832_xxaa_nrf_drv_rtc.c.o
 .bss.m_cb      0x000000002000947c       0x20 _build/nrf52832_xxaa_nrf_drv_uart.c.o
 .bss.m_rx_done
                0x000000002000949c        0x1 _build/nrf52832_xxaa_nrf_log_backend_serial.c.o
 .bss.m_blocking_mode
                0x000000002000949d        0x1 _build/nrf52832_xxaa_nrf_log_backend_serial.c.o
 .bss.m_initialized
                0x000000002000949e        0x1 _build/nrf52832_xxaa_nrf_log_backend_serial.c.o
 *fill*         0x000000002000949f        0x1 
 .bss.m_log_data
                0x00000000200094a0      0x418 _build/nrf52832_xxaa_nrf_log_frontend.c.o
 .bss.m_suspended
                0x00000000200098b8        0x1 _build/nrf52832_xxaa_softdevice_handler.c.o
 .bss.m_softdevice_enabled
                0x00000000200098b9        0x1 _build/nrf52832_xxaa_softdevice_handler.c.o
 .bss.m_ble_evt_buffer_size
                0x00000000200098ba        0x2 _build/nrf52832_xxaa_softdevice_handler.c.o
 .bss.mp_ble_evt_buffer
                0x00000000200098bc        0x4 _build/nrf52832_xxaa_softdevice_handler.c.o
 .bss.m_sys_evt_handler
                0x00000000200098c0        0x4 _build/nrf52832_xxaa_softdevice_handler.c.o
 .bss.m_ble_evt_handler
                0x00000000200098c4        0x4 _build/nrf52832_xxaa_softdevice_handler.c.o
 .bss.m_evt_schedule_func
                0x00000000200098c8        0x4 _build/nrf52832_xxaa_softdevice_handler.c.o
 *(COMMON)
 COMMON         0x00000000200098cc        0xc _build/nrf52832_xxaa_app_util_platform.c.o
                0x00000000200098cc                nrf_nvic_state
                0x00000000200098d8                . = ALIGN (0x4)
                0x00000000200098d8                __bss_end__ = .

.heap           0x00000000200098d8     0x2000
                0x00000000200098d8                __HeapBase = .
                0x00000000200098d8                __end__ = .
                0x00000000200098d8                PROVIDE (end, .)
 *(.heap*)
 .heap          0x00000000200098d8     0x2000 _build/nrf52832_xxaa_gcc_startup_nrf52.S.o
                0x000000002000b8d8                __HeapLimit = .

.stack_dummy    0x00000000200098d8     0x2000
 *(.stack*)
 .stack         0x00000000200098d8     0x2000 _build/nrf52832_xxaa_gcc_startup_nrf52.S.o
                0x0000000020010000                __StackTop = (ORIGIN (RAM) + LENGTH (RAM))
                0x000000002000e000                __StackLimit = (__StackTop - SIZEOF (.stack_dummy))
                0x0000000020010000                PROVIDE (__stack, __StackTop)
                0x0000000000000001                ASSERT ((__StackLimit >= __HeapLimit), region RAM overflowed with stack)
OUTPUT(_build/nrf52832_xxaa.out elf32-littlearm)

.ARM.attributes
                0x0000000000000000       0x30
 .ARM.attributes
                0x0000000000000000       0x22 /usr/local/gcc-arm/bin/../lib/gcc/arm-none-eabi/5.4.1/armv7e-m/fpu/crti.o
 .ARM.attributes
                0x0000000000000022       0x34 /usr/local/gcc-arm/bin/../lib/gcc/arm-none-eabi/5.4.1/armv7e-m/fpu/crtbegin.o
 .ARM.attributes
                0x0000000000000056       0x20 /usr/local/gcc-arm/bin/../lib/gcc/arm-none-eabi/5.4.1/../../../../arm-none-eabi/lib/armv7e-m/fpu/crt0.o
 .ARM.attributes
                0x0000000000000076       0x34 /usr/local/gcc-arm/bin/../lib/gcc/arm-none-eabi/5.4.1/../../../../arm-none-eabi/lib/armv7e-m/fpu/libc_nano.a(lib_a-exit.o)
 .ARM.attributes
                0x00000000000000aa       0x34 /usr/local/gcc-arm/bin/../lib/gcc/arm-none-eabi/5.4.1/../../../../arm-none-eabi/lib/armv7e-m/fpu/libc_nano.a(lib_a-impure.o)
 .ARM.attributes
                0x00000000000000de       0x34 /usr/local/gcc-arm/bin/../lib/gcc/arm-none-eabi/5.4.1/../../../../arm-none-eabi/lib/armv7e-m/fpu/libc_nano.a(lib_a-init.o)
 .ARM.attributes
                0x0000000000000112       0x34 /usr/local/gcc-arm/bin/../lib/gcc/arm-none-eabi/5.4.1/../../../../arm-none-eabi/lib/armv7e-m/fpu/libc_nano.a(lib_a-memset.o)
 .ARM.attributes
                0x0000000000000146       0x34 /usr/local/gcc-arm/bin/../lib/gcc/arm-none-eabi/5.4.1/../../../../arm-none-eabi/lib/armv7e-m/fpu/libnosys.a(_exit.o)
 .ARM.attributes
                0x000000000000017a       0x39 _build/nrf52832_xxaa_main.c.o
 .ARM.attributes
                0x00000000000001b3       0x39 _build/nrf52832_xxaa_advertising.c.o
 .ARM.attributes
                0x00000000000001ec       0x39 _build/nrf52832_xxaa_buffer.c.o
 .ARM.attributes
                0x0000000000000225       0x39 _build/nrf52832_xxaa_connect.c.o
 .ARM.attributes
                0x000000000000025e       0x39 _build/nrf52832_xxaa_manager.c.o
 .ARM.attributes
                0x0000000000000297       0x39 _build/nrf52832_xxaa_util.c.o
 .ARM.attributes
                0x00000000000002d0       0x39 _build/nrf52832_xxaa_app_timer.c.o
 .ARM.attributes
                0x0000000000000309       0x39 _build/nrf52832_xxaa_boards.c.o
 .ARM.attributes
                0x0000000000000342       0x39 _build/nrf52832_xxaa_ble_advdata.c.o
 .ARM.attributes
                0x000000000000037b       0x39 _build/nrf52832_xxaa_ble_conn_params.c.o
 .ARM.attributes
                0x00000000000003b4       0x39 _build/nrf52832_xxaa_ble_srv_common.c.o
 .ARM.attributes
                0x00000000000003ed       0x39 _build/nrf52832_xxaa_ble_db_discovery.c.o
 .ARM.attributes
                0x0000000000000426       0x39 _build/nrf52832_xxaa_nrf_ble_gatt.c.o
 .ARM.attributes
                0x000000000000045f       0x39 _build/nrf52832_xxaa_nrf_drv_clock.c.o
 .ARM.attributes
                0x0000000000000498       0x39 _build/nrf52832_xxaa_nrf_drv_common.c.o
 .ARM.attributes
                0x00000000000004d1       0x39 _build/nrf52832_xxaa_nrf_drv_gpiote.c.o
 .ARM.attributes
                0x000000000000050a       0x39 _build/nrf52832_xxaa_nrf_drv_rtc.c.o
 .ARM.attributes
                0x0000000000000543       0x39 _build/nrf52832_xxaa_nrf_drv_uart.c.o
 .ARM.attributes
                0x000000000000057c       0x39 _build/nrf52832_xxaa_nrf_log_backend_serial.c.o
 .ARM.attributes
                0x00000000000005b5       0x39 _build/nrf52832_xxaa_nrf_log_frontend.c.o
 .ARM.attributes
                0x00000000000005ee       0x39 _build/nrf52832_xxaa_app_error.c.o
 .ARM.attributes
                0x0000000000000627       0x39 _build/nrf52832_xxaa_app_error_weak.c.o
 .ARM.attributes
                0x0000000000000660       0x39 _build/nrf52832_xxaa_app_util_platform.c.o
 .ARM.attributes
                0x0000000000000699       0x1c _build/nrf52832_xxaa_gcc_startup_nrf52.S.o
 .ARM.attributes
                0x00000000000006b5       0x39 _build/nrf52832_xxaa_system_nrf52.c.o
 .ARM.attributes
                0x00000000000006ee       0x39 _build/nrf52832_xxaa_softdevice_handler.c.o
 .ARM.attributes
                0x0000000000000727       0x22 /usr/local/gcc-arm/bin/../lib/gcc/arm-none-eabi/5.4.1/armv7e-m/fpu/libgcc.a(_arm_addsubdf3.o)
 .ARM.attributes
                0x0000000000000749       0x22 /usr/local/gcc-arm/bin/../lib/gcc/arm-none-eabi/5.4.1/armv7e-m/fpu/libgcc.a(_arm_muldivdf3.o)
 .ARM.attributes
                0x000000000000076b       0x22 /usr/local/gcc-arm/bin/../lib/gcc/arm-none-eabi/5.4.1/armv7e-m/fpu/libgcc.a(_arm_fixunsdfsi.o)
 .ARM.attributes
                0x000000000000078d       0x34 /usr/local/gcc-arm/bin/../lib/gcc/arm-none-eabi/5.4.1/../../../../arm-none-eabi/lib/armv7e-m/fpu/libc_nano.a(lib_a-memcmp.o)
 .ARM.attributes
                0x00000000000007c1       0x34 /usr/local/gcc-arm/bin/../lib/gcc/arm-none-eabi/5.4.1/../../../../arm-none-eabi/lib/armv7e-m/fpu/libc_nano.a(lib_a-memcpy-stub.o)
 .ARM.attributes
                0x00000000000007f5       0x1b /usr/local/gcc-arm/bin/../lib/gcc/arm-none-eabi/5.4.1/../../../../arm-none-eabi/lib/armv7e-m/fpu/libc_nano.a(lib_a-strlen.o)
 .ARM.attributes
                0x0000000000000810       0x34 /usr/local/gcc-arm/bin/../lib/gcc/arm-none-eabi/5.4.1/armv7e-m/fpu/crtend.o
 .ARM.attributes
                0x0000000000000844       0x22 /usr/local/gcc-arm/bin/../lib/gcc/arm-none-eabi/5.4.1/armv7e-m/fpu/crtn.o

.comment        0x0000000000000000       0x6e
 .comment       0x0000000000000000       0x6e _build/nrf52832_xxaa_main.c.o
                                         0x6f (size before relaxing)
 .comment       0x000000000000006e       0x6f _build/nrf52832_xxaa_advertising.c.o
 .comment       0x000000000000006e       0x6f _build/nrf52832_xxaa_buffer.c.o
 .comment       0x000000000000006e       0x6f _build/nrf52832_xxaa_connect.c.o
 .comment       0x000000000000006e       0x6f _build/nrf52832_xxaa_manager.c.o
 .comment       0x000000000000006e       0x6f _build/nrf52832_xxaa_util.c.o
 .comment       0x000000000000006e       0x6f _build/nrf52832_xxaa_app_timer.c.o
 .comment       0x000000000000006e       0x6f _build/nrf52832_xxaa_boards.c.o
 .comment       0x000000000000006e       0x6f _build/nrf52832_xxaa_ble_advdata.c.o
 .comment       0x000000000000006e       0x6f _build/nrf52832_xxaa_ble_conn_params.c.o
 .comment       0x000000000000006e       0x6f _build/nrf52832_xxaa_ble_srv_common.c.o
 .comment       0x000000000000006e       0x6f _build/nrf52832_xxaa_ble_db_discovery.c.o
 .comment       0x000000000000006e       0x6f _build/nrf52832_xxaa_nrf_ble_gatt.c.o
 .comment       0x000000000000006e       0x6f _build/nrf52832_xxaa_nrf_drv_clock.c.o
 .comment       0x000000000000006e       0x6f _build/nrf52832_xxaa_nrf_drv_common.c.o
 .comment       0x000000000000006e       0x6f _build/nrf52832_xxaa_nrf_drv_gpiote.c.o
 .comment       0x000000000000006e       0x6f _build/nrf52832_xxaa_nrf_drv_rtc.c.o
 .comment       0x000000000000006e       0x6f _build/nrf52832_xxaa_nrf_drv_uart.c.o
 .comment       0x000000000000006e       0x6f _build/nrf52832_xxaa_nrf_log_backend_serial.c.o
 .comment       0x000000000000006e       0x6f _build/nrf52832_xxaa_nrf_log_frontend.c.o
 .comment       0x000000000000006e       0x6f _build/nrf52832_xxaa_app_error.c.o
 .comment       0x000000000000006e       0x6f _build/nrf52832_xxaa_app_error_weak.c.o
 .comment       0x000000000000006e       0x6f _build/nrf52832_xxaa_app_util_platform.c.o
 .comment       0x000000000000006e       0x6f _build/nrf52832_xxaa_system_nrf52.c.o
 .comment       0x000000000000006e       0x6f _build/nrf52832_xxaa_softdevice_handler.c.o

.debug_frame    0x0000000000000000     0x1e14
 .debug_frame   0x0000000000000000       0x28 /usr/local/gcc-arm/bin/../lib/gcc/arm-none-eabi/5.4.1/../../../../arm-none-eabi/lib/armv7e-m/fpu/libc_nano.a(lib_a-exit.o)
 .debug_frame   0x0000000000000028       0x2c /usr/local/gcc-arm/bin/../lib/gcc/arm-none-eabi/5.4.1/../../../../arm-none-eabi/lib/armv7e-m/fpu/libc_nano.a(lib_a-init.o)
 .debug_frame   0x0000000000000054       0x20 /usr/local/gcc-arm/bin/../lib/gcc/arm-none-eabi/5.4.1/../../../../arm-none-eabi/lib/armv7e-m/fpu/libc_nano.a(lib_a-memset.o)
 .debug_frame   0x0000000000000074       0x20 /usr/local/gcc-arm/bin/../lib/gcc/arm-none-eabi/5.4.1/../../../../arm-none-eabi/lib/armv7e-m/fpu/libnosys.a(_exit.o)
 .debug_frame   0x0000000000000094       0x94 _build/nrf52832_xxaa_main.c.o
 .debug_frame   0x0000000000000128       0xf4 _build/nrf52832_xxaa_advertising.c.o
 .debug_frame   0x000000000000021c       0xa8 _build/nrf52832_xxaa_buffer.c.o
 .debug_frame   0x00000000000002c4       0xc0 _build/nrf52832_xxaa_connect.c.o
 .debug_frame   0x0000000000000384      0x3b8 _build/nrf52832_xxaa_manager.c.o
 .debug_frame   0x000000000000073c       0x60 _build/nrf52832_xxaa_util.c.o
 .debug_frame   0x000000000000079c      0x150 _build/nrf52832_xxaa_app_timer.c.o
 .debug_frame   0x00000000000008ec      0x104 _build/nrf52832_xxaa_boards.c.o
 .debug_frame   0x00000000000009f0      0x100 _build/nrf52832_xxaa_ble_advdata.c.o
 .debug_frame   0x0000000000000af0      0x138 _build/nrf52832_xxaa_ble_conn_params.c.o
 .debug_frame   0x0000000000000c28       0xcc _build/nrf52832_xxaa_ble_srv_common.c.o
 .debug_frame   0x0000000000000cf4      0x17c _build/nrf52832_xxaa_ble_db_discovery.c.o
 .debug_frame   0x0000000000000e70       0xe8 _build/nrf52832_xxaa_nrf_ble_gatt.c.o
 .debug_frame   0x0000000000000f58      0x1f8 _build/nrf52832_xxaa_nrf_drv_clock.c.o
 .debug_frame   0x0000000000001150       0x3c _build/nrf52832_xxaa_nrf_drv_common.c.o
 .debug_frame   0x000000000000118c      0x25c _build/nrf52832_xxaa_nrf_drv_gpiote.c.o
 .debug_frame   0x00000000000013e8      0x178 _build/nrf52832_xxaa_nrf_drv_rtc.c.o
 .debug_frame   0x0000000000001560      0x1c0 _build/nrf52832_xxaa_nrf_drv_uart.c.o
 .debug_frame   0x0000000000001720       0xec _build/nrf52832_xxaa_nrf_log_backend_serial.c.o
 .debug_frame   0x000000000000180c      0x294 _build/nrf52832_xxaa_nrf_log_frontend.c.o
 .debug_frame   0x0000000000001aa0       0x70 _build/nrf52832_xxaa_app_error.c.o
 .debug_frame   0x0000000000001b10       0x28 _build/nrf52832_xxaa_app_error_weak.c.o
 .debug_frame   0x0000000000001b38       0x94 _build/nrf52832_xxaa_app_util_platform.c.o
 .debug_frame   0x0000000000001bcc       0x48 _build/nrf52832_xxaa_system_nrf52.c.o
 .debug_frame   0x0000000000001c14      0x1b0 _build/nrf52832_xxaa_softdevice_handler.c.o
 .debug_frame   0x0000000000001dc4       0x28 /usr/local/gcc-arm/bin/../lib/gcc/arm-none-eabi/5.4.1/../../../../arm-none-eabi/lib/armv7e-m/fpu/libc_nano.a(lib_a-memcmp.o)
 .debug_frame   0x0000000000001dec       0x28 /usr/local/gcc-arm/bin/../lib/gcc/arm-none-eabi/5.4.1/../../../../arm-none-eabi/lib/armv7e-m/fpu/libc_nano.a(lib_a-memcpy-stub.o)

.debug_info     0x0000000000000000    0x22d98
 .debug_info    0x0000000000000000      0x45c _build/nrf52832_xxaa_main.c.o
 .debug_info    0x000000000000045c      0xa8d _build/nrf52832_xxaa_advertising.c.o
 .debug_info    0x0000000000000ee9      0x3cf _build/nrf52832_xxaa_buffer.c.o
 .debug_info    0x00000000000012b8      0x75c _build/nrf52832_xxaa_connect.c.o
 .debug_info    0x0000000000001a14     0x4ede _build/nrf52832_xxaa_manager.c.o
 .debug_info    0x00000000000068f2      0x1cf _build/nrf52832_xxaa_util.c.o
 .debug_info    0x0000000000006ac1     0x1aa9 _build/nrf52832_xxaa_app_timer.c.o
 .debug_info    0x000000000000856a      0xbf8 _build/nrf52832_xxaa_boards.c.o
 .debug_info    0x0000000000009162     0x1b26 _build/nrf52832_xxaa_ble_advdata.c.o
 .debug_info    0x000000000000ac88     0x1c5f _build/nrf52832_xxaa_ble_conn_params.c.o
 .debug_info    0x000000000000c8e7      0xcb5 _build/nrf52832_xxaa_ble_srv_common.c.o
 .debug_info    0x000000000000d59c     0x274d _build/nrf52832_xxaa_ble_db_discovery.c.o
 .debug_info    0x000000000000fce9     0x20b9 _build/nrf52832_xxaa_nrf_ble_gatt.c.o
 .debug_info    0x0000000000011da2     0x1719 _build/nrf52832_xxaa_nrf_drv_clock.c.o
 .debug_info    0x00000000000134bb      0x6c6 _build/nrf52832_xxaa_nrf_drv_common.c.o
 .debug_info    0x0000000000013b81     0x2787 _build/nrf52832_xxaa_nrf_drv_gpiote.c.o
 .debug_info    0x0000000000016308     0x14f4 _build/nrf52832_xxaa_nrf_drv_rtc.c.o
 .debug_info    0x00000000000177fc     0x43a3 _build/nrf52832_xxaa_nrf_drv_uart.c.o
 .debug_info    0x000000000001bb9f     0x1637 _build/nrf52832_xxaa_nrf_log_backend_serial.c.o
 .debug_info    0x000000000001d1d6     0x1565 _build/nrf52832_xxaa_nrf_log_frontend.c.o
 .debug_info    0x000000000001e73b      0x3a0 _build/nrf52832_xxaa_app_error.c.o
 .debug_info    0x000000000001eadb      0x3ea _build/nrf52832_xxaa_app_error_weak.c.o
 .debug_info    0x000000000001eec5      0x980 _build/nrf52832_xxaa_app_util_platform.c.o
 .debug_info    0x000000000001f845      0xe22 _build/nrf52832_xxaa_system_nrf52.c.o
 .debug_info    0x0000000000020667     0x2731 _build/nrf52832_xxaa_softdevice_handler.c.o

.debug_abbrev   0x0000000000000000     0x4c2c
 .debug_abbrev  0x0000000000000000      0x19e _build/nrf52832_xxaa_main.c.o
 .debug_abbrev  0x000000000000019e      0x290 _build/nrf52832_xxaa_advertising.c.o
 .debug_abbrev  0x000000000000042e      0x184 _build/nrf52832_xxaa_buffer.c.o
 .debug_abbrev  0x00000000000005b2      0x235 _build/nrf52832_xxaa_connect.c.o
 .debug_abbrev  0x00000000000007e7      0x539 _build/nrf52832_xxaa_manager.c.o
 .debug_abbrev  0x0000000000000d20      0x150 _build/nrf52832_xxaa_util.c.o
 .debug_abbrev  0x0000000000000e70      0x40d _build/nrf52832_xxaa_app_timer.c.o
 .debug_abbrev  0x000000000000127d      0x269 _build/nrf52832_xxaa_boards.c.o
 .debug_abbrev  0x00000000000014e6      0x369 _build/nrf52832_xxaa_ble_advdata.c.o
 .debug_abbrev  0x000000000000184f      0x409 _build/nrf52832_xxaa_ble_conn_params.c.o
 .debug_abbrev  0x0000000000001c58      0x24f _build/nrf52832_xxaa_ble_srv_common.c.o
 .debug_abbrev  0x0000000000001ea7      0x45a _build/nrf52832_xxaa_ble_db_discovery.c.o
 .debug_abbrev  0x0000000000002301      0x3a6 _build/nrf52832_xxaa_nrf_ble_gatt.c.o
 .debug_abbrev  0x00000000000026a7      0x482 _build/nrf52832_xxaa_nrf_drv_clock.c.o
 .debug_abbrev  0x0000000000002b29      0x1ad _build/nrf52832_xxaa_nrf_drv_common.c.o
 .debug_abbrev  0x0000000000002cd6      0x41f _build/nrf52832_xxaa_nrf_drv_gpiote.c.o
 .debug_abbrev  0x00000000000030f5      0x3fd _build/nrf52832_xxaa_nrf_drv_rtc.c.o
 .debug_abbrev  0x00000000000034f2      0x3ce _build/nrf52832_xxaa_nrf_drv_uart.c.o
 .debug_abbrev  0x00000000000038c0      0x3db _build/nrf52832_xxaa_nrf_log_backend_serial.c.o
 .debug_abbrev  0x0000000000003c9b      0x354 _build/nrf52832_xxaa_nrf_log_frontend.c.o
 .debug_abbrev  0x0000000000003fef      0x14c _build/nrf52832_xxaa_app_error.c.o
 .debug_abbrev  0x000000000000413b      0x189 _build/nrf52832_xxaa_app_error_weak.c.o
 .debug_abbrev  0x00000000000042c4      0x2ad _build/nrf52832_xxaa_app_util_platform.c.o
 .debug_abbrev  0x0000000000004571      0x1e7 _build/nrf52832_xxaa_system_nrf52.c.o
 .debug_abbrev  0x0000000000004758      0x4d4 _build/nrf52832_xxaa_softdevice_handler.c.o

.debug_loc      0x0000000000000000    0x120c4
 .debug_loc     0x0000000000000000       0x21 _build/nrf52832_xxaa_main.c.o
 .debug_loc     0x0000000000000021      0x12b _build/nrf52832_xxaa_advertising.c.o
 .debug_loc     0x000000000000014c      0x130 _build/nrf52832_xxaa_buffer.c.o
 .debug_loc     0x000000000000027c      0x147 _build/nrf52832_xxaa_connect.c.o
 .debug_loc     0x00000000000003c3     0x1e96 _build/nrf52832_xxaa_manager.c.o
 .debug_loc     0x0000000000002259       0xbc _build/nrf52832_xxaa_util.c.o
 .debug_loc     0x0000000000002315      0xe3f _build/nrf52832_xxaa_app_timer.c.o
 .debug_loc     0x0000000000003154      0x885 _build/nrf52832_xxaa_boards.c.o
 .debug_loc     0x00000000000039d9     0x1acf _build/nrf52832_xxaa_ble_advdata.c.o
 .debug_loc     0x00000000000054a8      0x3ba _build/nrf52832_xxaa_ble_conn_params.c.o
 .debug_loc     0x0000000000005862      0x56c _build/nrf52832_xxaa_ble_srv_common.c.o
 .debug_loc     0x0000000000005dce     0x210a _build/nrf52832_xxaa_ble_db_discovery.c.o
 .debug_loc     0x0000000000007ed8      0xc29 _build/nrf52832_xxaa_nrf_ble_gatt.c.o
 .debug_loc     0x0000000000008b01      0x511 _build/nrf52832_xxaa_nrf_drv_clock.c.o
 .debug_loc     0x0000000000009012       0xea _build/nrf52832_xxaa_nrf_drv_common.c.o
 .debug_loc     0x00000000000090fc     0x23f5 _build/nrf52832_xxaa_nrf_drv_gpiote.c.o
 .debug_loc     0x000000000000b4f1      0xecc _build/nrf52832_xxaa_nrf_drv_rtc.c.o
 .debug_loc     0x000000000000c3bd     0x275b _build/nrf52832_xxaa_nrf_drv_uart.c.o
 .debug_loc     0x000000000000eb18      0xfe9 _build/nrf52832_xxaa_nrf_log_backend_serial.c.o
 .debug_loc     0x000000000000fb01     0x1dc6 _build/nrf52832_xxaa_nrf_log_frontend.c.o
 .debug_loc     0x00000000000118c7      0x145 _build/nrf52832_xxaa_app_error.c.o
 .debug_loc     0x0000000000011a0c       0x63 _build/nrf52832_xxaa_app_error_weak.c.o
 .debug_loc     0x0000000000011a6f       0xe4 _build/nrf52832_xxaa_app_util_platform.c.o
 .debug_loc     0x0000000000011b53      0x571 _build/nrf52832_xxaa_softdevice_handler.c.o

.debug_aranges  0x0000000000000000      0xa98
 .debug_aranges
                0x0000000000000000       0x40 _build/nrf52832_xxaa_main.c.o
 .debug_aranges
                0x0000000000000040       0x70 _build/nrf52832_xxaa_advertising.c.o
 .debug_aranges
                0x00000000000000b0       0x50 _build/nrf52832_xxaa_buffer.c.o
 .debug_aranges
                0x0000000000000100       0x60 _build/nrf52832_xxaa_connect.c.o
 .debug_aranges
                0x0000000000000160      0x140 _build/nrf52832_xxaa_manager.c.o
 .debug_aranges
                0x00000000000002a0       0x28 _build/nrf52832_xxaa_util.c.o
 .debug_aranges
                0x00000000000002c8       0x70 _build/nrf52832_xxaa_app_timer.c.o
 .debug_aranges
                0x0000000000000338       0x80 _build/nrf52832_xxaa_boards.c.o
 .debug_aranges
                0x00000000000003b8       0x58 _build/nrf52832_xxaa_ble_advdata.c.o
 .debug_aranges
                0x0000000000000410       0x68 _build/nrf52832_xxaa_ble_conn_params.c.o
 .debug_aranges
                0x0000000000000478       0x58 _build/nrf52832_xxaa_ble_srv_common.c.o
 .debug_aranges
                0x00000000000004d0       0x68 _build/nrf52832_xxaa_ble_db_discovery.c.o
 .debug_aranges
                0x0000000000000538       0x68 _build/nrf52832_xxaa_nrf_ble_gatt.c.o
 .debug_aranges
                0x00000000000005a0       0xb0 _build/nrf52832_xxaa_nrf_drv_clock.c.o
 .debug_aranges
                0x0000000000000650       0x28 _build/nrf52832_xxaa_nrf_drv_common.c.o
 .debug_aranges
                0x0000000000000678       0xd8 _build/nrf52832_xxaa_nrf_drv_gpiote.c.o
 .debug_aranges
                0x0000000000000750       0x78 _build/nrf52832_xxaa_nrf_drv_rtc.c.o
 .debug_aranges
                0x00000000000007c8       0x78 _build/nrf52832_xxaa_nrf_drv_uart.c.o
 .debug_aranges
                0x0000000000000840       0x50 _build/nrf52832_xxaa_nrf_log_backend_serial.c.o
 .debug_aranges
                0x0000000000000890       0x98 _build/nrf52832_xxaa_nrf_log_frontend.c.o
 .debug_aranges
                0x0000000000000928       0x30 _build/nrf52832_xxaa_app_error.c.o
 .debug_aranges
                0x0000000000000958       0x20 _build/nrf52832_xxaa_app_error_weak.c.o
 .debug_aranges
                0x0000000000000978       0x48 _build/nrf52832_xxaa_app_util_platform.c.o
 .debug_aranges
                0x00000000000009c0       0x28 _build/nrf52832_xxaa_system_nrf52.c.o
 .debug_aranges
                0x00000000000009e8       0xb0 _build/nrf52832_xxaa_softdevice_handler.c.o

.debug_ranges   0x0000000000000000     0x3c70
 .debug_ranges  0x0000000000000000       0x30 _build/nrf52832_xxaa_main.c.o
 .debug_ranges  0x0000000000000030       0x88 _build/nrf52832_xxaa_advertising.c.o
 .debug_ranges  0x00000000000000b8       0x40 _build/nrf52832_xxaa_buffer.c.o
 .debug_ranges  0x00000000000000f8       0x50 _build/nrf52832_xxaa_connect.c.o
 .debug_ranges  0x0000000000000148      0x7f0 _build/nrf52832_xxaa_manager.c.o
 .debug_ranges  0x0000000000000938       0x18 _build/nrf52832_xxaa_util.c.o
 .debug_ranges  0x0000000000000950      0x4d0 _build/nrf52832_xxaa_app_timer.c.o
 .debug_ranges  0x0000000000000e20      0x130 _build/nrf52832_xxaa_boards.c.o
 .debug_ranges  0x0000000000000f50      0x310 _build/nrf52832_xxaa_ble_advdata.c.o
 .debug_ranges  0x0000000000001260       0xd0 _build/nrf52832_xxaa_ble_conn_params.c.o
 .debug_ranges  0x0000000000001330      0x160 _build/nrf52832_xxaa_ble_srv_common.c.o
 .debug_ranges  0x0000000000001490      0x5f0 _build/nrf52832_xxaa_ble_db_discovery.c.o
 .debug_ranges  0x0000000000001a80       0xd0 _build/nrf52832_xxaa_nrf_ble_gatt.c.o
 .debug_ranges  0x0000000000001b50      0x3d0 _build/nrf52832_xxaa_nrf_drv_clock.c.o
 .debug_ranges  0x0000000000001f20       0x38 _build/nrf52832_xxaa_nrf_drv_common.c.o
 .debug_ranges  0x0000000000001f58      0xa18 _build/nrf52832_xxaa_nrf_drv_gpiote.c.o
 .debug_ranges  0x0000000000002970      0x310 _build/nrf52832_xxaa_nrf_drv_rtc.c.o
 .debug_ranges  0x0000000000002c80      0x7c0 _build/nrf52832_xxaa_nrf_drv_uart.c.o
 .debug_ranges  0x0000000000003440      0x178 _build/nrf52832_xxaa_nrf_log_backend_serial.c.o
 .debug_ranges  0x00000000000035b8      0x2f8 _build/nrf52832_xxaa_nrf_log_frontend.c.o
 .debug_ranges  0x00000000000038b0       0x20 _build/nrf52832_xxaa_app_error.c.o
 .debug_ranges  0x00000000000038d0       0x10 _build/nrf52832_xxaa_app_error_weak.c.o
 .debug_ranges  0x00000000000038e0       0x80 _build/nrf52832_xxaa_app_util_platform.c.o
 .debug_ranges  0x0000000000003960      0x130 _build/nrf52832_xxaa_system_nrf52.c.o
 .debug_ranges  0x0000000000003a90      0x1e0 _build/nrf52832_xxaa_softdevice_handler.c.o

.debug_macro    0x0000000000000000    0x1987d
 .debug_macro   0x0000000000000000      0x3a4 _build/nrf52832_xxaa_main.c.o
 .debug_macro   0x00000000000003a4      0x8f2 _build/nrf52832_xxaa_main.c.o
 .debug_macro   0x0000000000000c96       0x22 _build/nrf52832_xxaa_main.c.o
 .debug_macro   0x0000000000000cb8       0x4f _build/nrf52832_xxaa_main.c.o
 .debug_macro   0x0000000000000d07       0x44 _build/nrf52832_xxaa_main.c.o
 .debug_macro   0x0000000000000d4b       0xfd _build/nrf52832_xxaa_main.c.o
 .debug_macro   0x0000000000000e48       0x5e _build/nrf52832_xxaa_main.c.o
 .debug_macro   0x0000000000000ea6      0x1df _build/nrf52832_xxaa_main.c.o
 .debug_macro   0x0000000000001085       0x22 _build/nrf52832_xxaa_main.c.o
 .debug_macro   0x00000000000010a7      0x139 _build/nrf52832_xxaa_main.c.o
 .debug_macro   0x00000000000011e0      0x1fb _build/nrf52832_xxaa_main.c.o
 .debug_macro   0x00000000000013db       0x16 _build/nrf52832_xxaa_main.c.o
 .debug_macro   0x00000000000013f1      0x464 _build/nrf52832_xxaa_main.c.o
 .debug_macro   0x0000000000001855       0x9a _build/nrf52832_xxaa_main.c.o
 .debug_macro   0x00000000000018ef       0x34 _build/nrf52832_xxaa_main.c.o
 .debug_macro   0x0000000000001923      0x1f7 _build/nrf52832_xxaa_main.c.o
 .debug_macro   0x0000000000001b1a       0x22 _build/nrf52832_xxaa_main.c.o
 .debug_macro   0x0000000000001b3c       0x2d _build/nrf52832_xxaa_main.c.o
 .debug_macro   0x0000000000001b69       0x3b _build/nrf52832_xxaa_main.c.o
 .debug_macro   0x0000000000001ba4       0x50 _build/nrf52832_xxaa_main.c.o
 .debug_macro   0x0000000000001bf4      0xe66 _build/nrf52832_xxaa_main.c.o
 .debug_macro   0x0000000000002a5a      0x392 _build/nrf52832_xxaa_main.c.o
 .debug_macro   0x0000000000002dec     0xcc8d _build/nrf52832_xxaa_main.c.o
 .debug_macro   0x000000000000fa79     0x1313 _build/nrf52832_xxaa_main.c.o
 .debug_macro   0x0000000000010d8c       0x82 _build/nrf52832_xxaa_main.c.o
 .debug_macro   0x0000000000010e0e       0x22 _build/nrf52832_xxaa_main.c.o
 .debug_macro   0x0000000000010e30       0x1c _build/nrf52832_xxaa_main.c.o
 .debug_macro   0x0000000000010e4c       0xf1 _build/nrf52832_xxaa_main.c.o
 .debug_macro   0x0000000000010f3d       0x3c _build/nrf52832_xxaa_main.c.o
 .debug_macro   0x0000000000010f79      0x16d _build/nrf52832_xxaa_main.c.o
 .debug_macro   0x00000000000110e6      0x491 _build/nrf52832_xxaa_main.c.o
 .debug_macro   0x0000000000011577      0x2e9 _build/nrf52832_xxaa_main.c.o
 .debug_macro   0x0000000000011860       0x10 _build/nrf52832_xxaa_main.c.o
 .debug_macro   0x0000000000011870       0x52 _build/nrf52832_xxaa_main.c.o
 .debug_macro   0x00000000000118c2       0x35 _build/nrf52832_xxaa_main.c.o
 .debug_macro   0x00000000000118f7       0x9c _build/nrf52832_xxaa_main.c.o
 .debug_macro   0x0000000000011993      0x16d _build/nrf52832_xxaa_main.c.o
 .debug_macro   0x0000000000011b00       0x52 _build/nrf52832_xxaa_main.c.o
 .debug_macro   0x0000000000011b52       0x1f _build/nrf52832_xxaa_main.c.o
 .debug_macro   0x0000000000011b71       0x43 _build/nrf52832_xxaa_main.c.o
 .debug_macro   0x0000000000011bb4       0x20 _build/nrf52832_xxaa_main.c.o
 .debug_macro   0x0000000000011bd4      0x187 _build/nrf52832_xxaa_main.c.o
 .debug_macro   0x0000000000011d5b      0x330 _build/nrf52832_xxaa_main.c.o
 .debug_macro   0x000000000001208b       0x10 _build/nrf52832_xxaa_main.c.o
 .debug_macro   0x000000000001209b       0x35 _build/nrf52832_xxaa_main.c.o
 .debug_macro   0x00000000000120d0      0x406 _build/nrf52832_xxaa_main.c.o
 .debug_macro   0x00000000000124d6       0x78 _build/nrf52832_xxaa_main.c.o
 .debug_macro   0x000000000001254e       0x16 _build/nrf52832_xxaa_main.c.o
 .debug_macro   0x0000000000012564       0x16 _build/nrf52832_xxaa_main.c.o
 .debug_macro   0x000000000001257a       0x1c _build/nrf52832_xxaa_main.c.o
 .debug_macro   0x0000000000012596      0x2a4 _build/nrf52832_xxaa_main.c.o
 .debug_macro   0x000000000001283a       0x1c _build/nrf52832_xxaa_main.c.o
 .debug_macro   0x0000000000012856       0x10 _build/nrf52832_xxaa_main.c.o
 .debug_macro   0x0000000000012866       0x10 _build/nrf52832_xxaa_main.c.o
 .debug_macro   0x0000000000012876       0xb6 _build/nrf52832_xxaa_main.c.o
 .debug_macro   0x000000000001292c       0x16 _build/nrf52832_xxaa_main.c.o
 .debug_macro   0x0000000000012942      0x145 _build/nrf52832_xxaa_main.c.o
 .debug_macro   0x0000000000012a87       0x2b _build/nrf52832_xxaa_main.c.o
 .debug_macro   0x0000000000012ab2       0x10 _build/nrf52832_xxaa_main.c.o
 .debug_macro   0x0000000000012ac2       0x16 _build/nrf52832_xxaa_main.c.o
 .debug_macro   0x0000000000012ad8       0x22 _build/nrf52832_xxaa_main.c.o
 .debug_macro   0x0000000000012afa       0x16 _build/nrf52832_xxaa_main.c.o
 .debug_macro   0x0000000000012b10      0x261 _build/nrf52832_xxaa_main.c.o
 .debug_macro   0x0000000000012d71      0x115 _build/nrf52832_xxaa_main.c.o
 .debug_macro   0x0000000000012e86      0x3f4 _build/nrf52832_xxaa_advertising.c.o
 .debug_macro   0x000000000001327a       0x82 _build/nrf52832_xxaa_advertising.c.o
 .debug_macro   0x00000000000132fc      0x3be _build/nrf52832_xxaa_advertising.c.o
 .debug_macro   0x00000000000136ba       0x2e _build/nrf52832_xxaa_advertising.c.o
 .debug_macro   0x00000000000136e8       0x22 _build/nrf52832_xxaa_advertising.c.o
 .debug_macro   0x000000000001370a       0x4b _build/nrf52832_xxaa_advertising.c.o
 .debug_macro   0x0000000000013755       0x1c _build/nrf52832_xxaa_advertising.c.o
 .debug_macro   0x0000000000013771      0x194 _build/nrf52832_xxaa_advertising.c.o
 .debug_macro   0x0000000000013905       0x65 _build/nrf52832_xxaa_advertising.c.o
 .debug_macro   0x000000000001396a       0x28 _build/nrf52832_xxaa_advertising.c.o
 .debug_macro   0x0000000000013992       0x22 _build/nrf52832_xxaa_advertising.c.o
 .debug_macro   0x00000000000139b4       0x94 _build/nrf52832_xxaa_advertising.c.o
 .debug_macro   0x0000000000013a48       0x22 _build/nrf52832_xxaa_advertising.c.o
 .debug_macro   0x0000000000013a6a       0x64 _build/nrf52832_xxaa_advertising.c.o
 .debug_macro   0x0000000000013ace       0x16 _build/nrf52832_xxaa_advertising.c.o
 .debug_macro   0x0000000000013ae4       0x1c _build/nrf52832_xxaa_advertising.c.o
 .debug_macro   0x0000000000013b00       0x1c _build/nrf52832_xxaa_advertising.c.o
 .debug_macro   0x0000000000013b1c      0x2f4 _build/nrf52832_xxaa_buffer.c.o
 .debug_macro   0x0000000000013e10      0x1f1 _build/nrf52832_xxaa_buffer.c.o
 .debug_macro   0x0000000000014001      0x46a _build/nrf52832_xxaa_buffer.c.o
 .debug_macro   0x000000000001446b       0x3a _build/nrf52832_xxaa_buffer.c.o
 .debug_macro   0x00000000000144a5       0x10 _build/nrf52832_xxaa_buffer.c.o
 .debug_macro   0x00000000000144b5      0x389 _build/nrf52832_xxaa_connect.c.o
 .debug_macro   0x000000000001483e       0x16 _build/nrf52832_xxaa_connect.c.o
 .debug_macro   0x0000000000014854       0x2e _build/nrf52832_xxaa_connect.c.o
 .debug_macro   0x0000000000014882      0x4df _build/nrf52832_xxaa_manager.c.o
 .debug_macro   0x0000000000014d61       0x28 _build/nrf52832_xxaa_manager.c.o
 .debug_macro   0x0000000000014d89       0xa6 _build/nrf52832_xxaa_manager.c.o
 .debug_macro   0x0000000000014e2f       0x46 _build/nrf52832_xxaa_manager.c.o
 .debug_macro   0x0000000000014e75       0x64 _build/nrf52832_xxaa_manager.c.o
 .debug_macro   0x0000000000014ed9       0x1c _build/nrf52832_xxaa_manager.c.o
 .debug_macro   0x0000000000014ef5       0xf7 _build/nrf52832_xxaa_manager.c.o
 .debug_macro   0x0000000000014fec       0x16 _build/nrf52832_xxaa_manager.c.o
 .debug_macro   0x0000000000015002       0x10 _build/nrf52832_xxaa_manager.c.o
 .debug_macro   0x0000000000015012       0x16 _build/nrf52832_xxaa_manager.c.o
 .debug_macro   0x0000000000015028       0x22 _build/nrf52832_xxaa_manager.c.o
 .debug_macro   0x000000000001504a       0x10 _build/nrf52832_xxaa_manager.c.o
 .debug_macro   0x000000000001505a      0x285 _build/nrf52832_xxaa_util.c.o
 .debug_macro   0x00000000000152df      0x332 _build/nrf52832_xxaa_app_timer.c.o
 .debug_macro   0x0000000000015611       0x40 _build/nrf52832_xxaa_app_timer.c.o
 .debug_macro   0x0000000000015651       0x16 _build/nrf52832_xxaa_app_timer.c.o
 .debug_macro   0x0000000000015667       0x2e _build/nrf52832_xxaa_app_timer.c.o
 .debug_macro   0x0000000000015695       0x7f _build/nrf52832_xxaa_app_timer.c.o
 .debug_macro   0x0000000000015714      0x292 _build/nrf52832_xxaa_boards.c.o
 .debug_macro   0x00000000000159a6       0x35 _build/nrf52832_xxaa_boards.c.o
 .debug_macro   0x00000000000159db       0x16 _build/nrf52832_xxaa_boards.c.o
 .debug_macro   0x00000000000159f1       0x97 _build/nrf52832_xxaa_boards.c.o
 .debug_macro   0x0000000000015a88       0xf6 _build/nrf52832_xxaa_boards.c.o
 .debug_macro   0x0000000000015b7e      0x2a3 _build/nrf52832_xxaa_ble_advdata.c.o
 .debug_macro   0x0000000000015e21      0x308 _build/nrf52832_xxaa_ble_conn_params.c.o
 .debug_macro   0x0000000000016129      0x10e _build/nrf52832_xxaa_ble_conn_params.c.o
 .debug_macro   0x0000000000016237       0x86 _build/nrf52832_xxaa_ble_conn_params.c.o
 .debug_macro   0x00000000000162bd      0x2d2 _build/nrf52832_xxaa_ble_srv_common.c.o
 .debug_macro   0x000000000001658f      0x30d _build/nrf52832_xxaa_ble_db_discovery.c.o
 .debug_macro   0x000000000001689c       0x1c _build/nrf52832_xxaa_ble_db_discovery.c.o
 .debug_macro   0x00000000000168b8      0x16a _build/nrf52832_xxaa_ble_db_discovery.c.o
 .debug_macro   0x0000000000016a22       0x5e _build/nrf52832_xxaa_ble_db_discovery.c.o
 .debug_macro   0x0000000000016a80      0x33f _build/nrf52832_xxaa_nrf_ble_gatt.c.o
 .debug_macro   0x0000000000016dbf      0x42e _build/nrf52832_xxaa_nrf_drv_clock.c.o
 .debug_macro   0x00000000000171ed       0x10 _build/nrf52832_xxaa_nrf_drv_clock.c.o
 .debug_macro   0x00000000000171fd       0x28 _build/nrf52832_xxaa_nrf_drv_clock.c.o
 .debug_macro   0x0000000000017225       0x10 _build/nrf52832_xxaa_nrf_drv_clock.c.o
 .debug_macro   0x0000000000017235       0x16 _build/nrf52832_xxaa_nrf_drv_clock.c.o
 .debug_macro   0x000000000001724b       0x2e _build/nrf52832_xxaa_nrf_drv_clock.c.o
 .debug_macro   0x0000000000017279      0x2d8 _build/nrf52832_xxaa_nrf_drv_common.c.o
 .debug_macro   0x0000000000017551      0x3ca _build/nrf52832_xxaa_nrf_drv_gpiote.c.o
 .debug_macro   0x000000000001791b       0x1f _build/nrf52832_xxaa_nrf_drv_gpiote.c.o
 .debug_macro   0x000000000001793a       0x30 _build/nrf52832_xxaa_nrf_drv_gpiote.c.o
 .debug_macro   0x000000000001796a       0x16 _build/nrf52832_xxaa_nrf_drv_gpiote.c.o
 .debug_macro   0x0000000000017980      0x164 _build/nrf52832_xxaa_nrf_drv_gpiote.c.o
 .debug_macro   0x0000000000017ae4      0x361 _build/nrf52832_xxaa_nrf_drv_rtc.c.o
 .debug_macro   0x0000000000017e45      0x3b7 _build/nrf52832_xxaa_nrf_drv_uart.c.o
 .debug_macro   0x00000000000181fc       0x10 _build/nrf52832_xxaa_nrf_drv_uart.c.o
 .debug_macro   0x000000000001820c       0x43 _build/nrf52832_xxaa_nrf_drv_uart.c.o
 .debug_macro   0x000000000001824f      0x355 _build/nrf52832_xxaa_nrf_log_backend_serial.c.o
 .debug_macro   0x00000000000185a4       0x28 _build/nrf52832_xxaa_nrf_log_backend_serial.c.o
 .debug_macro   0x00000000000185cc       0x52 _build/nrf52832_xxaa_nrf_log_backend_serial.c.o
 .debug_macro   0x000000000001861e       0x9c _build/nrf52832_xxaa_nrf_log_backend_serial.c.o
 .debug_macro   0x00000000000186ba      0x341 _build/nrf52832_xxaa_nrf_log_frontend.c.o
 .debug_macro   0x00000000000189fb       0x22 _build/nrf52832_xxaa_nrf_log_frontend.c.o
 .debug_macro   0x0000000000018a1d      0x2fd _build/nrf52832_xxaa_app_error.c.o
 .debug_macro   0x0000000000018d1a       0x16 _build/nrf52832_xxaa_app_error.c.o
 .debug_macro   0x0000000000018d30       0x16 _build/nrf52832_xxaa_app_error.c.o
 .debug_macro   0x0000000000018d46      0x2f7 _build/nrf52832_xxaa_app_error_weak.c.o
 .debug_macro   0x000000000001903d      0x26e _build/nrf52832_xxaa_app_util_platform.c.o
 .debug_macro   0x00000000000192ab       0xf5 _build/nrf52832_xxaa_system_nrf52.c.o
 .debug_macro   0x00000000000193a0      0x3e2 _build/nrf52832_xxaa_softdevice_handler.c.o
 .debug_macro   0x0000000000019782       0x4c _build/nrf52832_xxaa_softdevice_handler.c.o
 .debug_macro   0x00000000000197ce       0x55 _build/nrf52832_xxaa_softdevice_handler.c.o
 .debug_macro   0x0000000000019823       0x4a _build/nrf52832_xxaa_softdevice_handler.c.o
 .debug_macro   0x000000000001986d       0x10 _build/nrf52832_xxaa_softdevice_handler.c.o

.debug_line     0x0000000000000000     0xd89e
 .debug_line    0x0000000000000000      0x6e5 _build/nrf52832_xxaa_main.c.o
 .debug_line    0x00000000000006e5      0x80b _build/nrf52832_xxaa_advertising.c.o
 .debug_line    0x0000000000000ef0      0x62e _build/nrf52832_xxaa_buffer.c.o
 .debug_line    0x000000000000151e      0x6f3 _build/nrf52832_xxaa_connect.c.o
 .debug_line    0x0000000000001c11      0xfb7 _build/nrf52832_xxaa_manager.c.o
 .debug_line    0x0000000000002bc8      0x52c _build/nrf52832_xxaa_util.c.o
 .debug_line    0x00000000000030f4      0x9fb _build/nrf52832_xxaa_app_timer.c.o
 .debug_line    0x0000000000003aef      0x663 _build/nrf52832_xxaa_boards.c.o
 .debug_line    0x0000000000004152      0x8f5 _build/nrf52832_xxaa_ble_advdata.c.o
 .debug_line    0x0000000000004a47      0x6e0 _build/nrf52832_xxaa_ble_conn_params.c.o
 .debug_line    0x0000000000005127      0x6ce _build/nrf52832_xxaa_ble_srv_common.c.o
 .debug_line    0x00000000000057f5      0xa75 _build/nrf52832_xxaa_ble_db_discovery.c.o
 .debug_line    0x000000000000626a      0x7cc _build/nrf52832_xxaa_nrf_ble_gatt.c.o
 .debug_line    0x0000000000006a36      0xb75 _build/nrf52832_xxaa_nrf_drv_clock.c.o
 .debug_line    0x00000000000075ab      0x5a7 _build/nrf52832_xxaa_nrf_drv_common.c.o
 .debug_line    0x0000000000007b52      0xff3 _build/nrf52832_xxaa_nrf_drv_gpiote.c.o
 .debug_line    0x0000000000008b45      0xa89 _build/nrf52832_xxaa_nrf_drv_rtc.c.o
 .debug_line    0x00000000000095ce     0x1100 _build/nrf52832_xxaa_nrf_drv_uart.c.o
 .debug_line    0x000000000000a6ce      0x80a _build/nrf52832_xxaa_nrf_log_backend_serial.c.o
 .debug_line    0x000000000000aed8      0xa5f _build/nrf52832_xxaa_nrf_log_frontend.c.o
 .debug_line    0x000000000000b937      0x607 _build/nrf52832_xxaa_app_error.c.o
 .debug_line    0x000000000000bf3e      0x5ef _build/nrf52832_xxaa_app_error_weak.c.o
 .debug_line    0x000000000000c52d      0x571 _build/nrf52832_xxaa_app_util_platform.c.o
 .debug_line    0x000000000000ca9e      0x3dd _build/nrf52832_xxaa_system_nrf52.c.o
 .debug_line    0x000000000000ce7b      0xa23 _build/nrf52832_xxaa_softdevice_handler.c.o

.debug_str      0x0000000000000000    0x7b208
 .debug_str     0x0000000000000000    0x6a964 _build/nrf52832_xxaa_main.c.o
                                      0x6b559 (size before relaxing)
 .debug_str     0x000000000006a964     0x3a2f _build/nrf52832_xxaa_advertising.c.o
                                      0x6da7d (size before relaxing)
 .debug_str     0x000000000006e393      0x10c _build/nrf52832_xxaa_buffer.c.o
                                      0x6bbe8 (size before relaxing)
 .debug_str     0x000000000006e49f      0x5c5 _build/nrf52832_xxaa_connect.c.o
                                      0x6ce5f (size before relaxing)
 .debug_str     0x000000000006ea64     0x40c4 _build/nrf52832_xxaa_manager.c.o
                                      0x72d07 (size before relaxing)
 .debug_str     0x0000000000072b28       0x28 _build/nrf52832_xxaa_util.c.o
                                      0x694b9 (size before relaxing)
 .debug_str     0x0000000000072b50      0xf91 _build/nrf52832_xxaa_app_timer.c.o
                                      0x665fc (size before relaxing)
 .debug_str     0x0000000000073ae1      0x4ac _build/nrf52832_xxaa_boards.c.o
                                      0x621d6 (size before relaxing)
 .debug_str     0x0000000000073f8d      0x355 _build/nrf52832_xxaa_ble_advdata.c.o
                                      0x6a3af (size before relaxing)
 .debug_str     0x00000000000742e2      0x1c0 _build/nrf52832_xxaa_ble_conn_params.c.o
                                      0x6b9a0 (size before relaxing)
 .debug_str     0x00000000000744a2      0x2c5 _build/nrf52832_xxaa_ble_srv_common.c.o
                                      0x6a2c8 (size before relaxing)
 .debug_str     0x0000000000074767      0x77d _build/nrf52832_xxaa_ble_db_discovery.c.o
                                      0x6c54b (size before relaxing)
 .debug_str     0x0000000000074ee4      0x292 _build/nrf52832_xxaa_nrf_ble_gatt.c.o
                                      0x6d1d0 (size before relaxing)
 .debug_str     0x0000000000075176      0xebe _build/nrf52832_xxaa_nrf_drv_clock.c.o
                                      0x6d0ae (size before relaxing)
 .debug_str     0x0000000000076034       0x56 _build/nrf52832_xxaa_nrf_drv_common.c.o
                                      0x6629d (size before relaxing)
 .debug_str     0x000000000007608a     0x15f4 _build/nrf52832_xxaa_nrf_drv_gpiote.c.o
                                      0x695e1 (size before relaxing)
 .debug_str     0x000000000007767e      0x98e _build/nrf52832_xxaa_nrf_drv_rtc.c.o
                                      0x6867d (size before relaxing)
 .debug_str     0x000000000007800c     0x17fa _build/nrf52832_xxaa_nrf_drv_uart.c.o
                                      0x698e8 (size before relaxing)
 .debug_str     0x0000000000079806      0x8db _build/nrf52832_xxaa_nrf_log_backend_serial.c.o
                                      0x673dc (size before relaxing)
 .debug_str     0x000000000007a0e1      0x619 _build/nrf52832_xxaa_nrf_log_frontend.c.o
                                      0x67864 (size before relaxing)
 .debug_str     0x000000000007a6fa      0x100 _build/nrf52832_xxaa_app_error.c.o
                                      0x671a7 (size before relaxing)
 .debug_str     0x000000000007a7fa       0x54 _build/nrf52832_xxaa_app_error_weak.c.o
                                      0x67174 (size before relaxing)
 .debug_str     0x000000000007a84e      0x24f _build/nrf52832_xxaa_app_util_platform.c.o
                                      0x617b8 (size before relaxing)
 .debug_str     0x000000000007aa9d      0x279 _build/nrf52832_xxaa_system_nrf52.c.o
                                      0x5baf1 (size before relaxing)
 .debug_str     0x000000000007ad16      0x4f2 _build/nrf52832_xxaa_softdevice_handler.c.o
                                      0x6d5d0 (size before relaxing)
