Archive member included to satisfy reference by file (symbol)

/usr/local/gcc-arm/bin/../lib/gcc/arm-none-eabi/5.4.1/../../../../arm-none-eabi/lib/armv7e-m/fpu/libc_nano.a(lib_a-exit.o)
                              /usr/local/gcc-arm/bin/../lib/gcc/arm-none-eabi/5.4.1/../../../../arm-none-eabi/lib/armv7e-m/fpu/crt0.o (exit)
/usr/local/gcc-arm/bin/../lib/gcc/arm-none-eabi/5.4.1/../../../../arm-none-eabi/lib/armv7e-m/fpu/libc_nano.a(lib_a-impure.o)
                              /usr/local/gcc-arm/bin/../lib/gcc/arm-none-eabi/5.4.1/../../../../arm-none-eabi/lib/armv7e-m/fpu/libc_nano.a(lib_a-exit.o) (_global_impure_ptr)
/usr/local/gcc-arm/bin/../lib/gcc/arm-none-eabi/5.4.1/../../../../arm-none-eabi/lib/armv7e-m/fpu/libc_nano.a(lib_a-init.o)
                              /usr/local/gcc-arm/bin/../lib/gcc/arm-none-eabi/5.4.1/../../../../arm-none-eabi/lib/armv7e-m/fpu/crt0.o (__libc_init_array)
/usr/local/gcc-arm/bin/../lib/gcc/arm-none-eabi/5.4.1/../../../../arm-none-eabi/lib/armv7e-m/fpu/libc_nano.a(lib_a-memset.o)
                              /usr/local/gcc-arm/bin/../lib/gcc/arm-none-eabi/5.4.1/../../../../arm-none-eabi/lib/armv7e-m/fpu/crt0.o (memset)
/usr/local/gcc-arm/bin/../lib/gcc/arm-none-eabi/5.4.1/../../../../arm-none-eabi/lib/armv7e-m/fpu/libnosys.a(_exit.o)
                              /usr/local/gcc-arm/bin/../lib/gcc/arm-none-eabi/5.4.1/../../../../arm-none-eabi/lib/armv7e-m/fpu/libc_nano.a(lib_a-exit.o) (_exit)
/usr/local/gcc-arm/bin/../lib/gcc/arm-none-eabi/5.4.1/armv7e-m/fpu/libgcc.a(_aeabi_uldivmod.o)
                              _build/nrf52832_xxaa_bsp.c.o (__aeabi_uldivmod)
/usr/local/gcc-arm/bin/../lib/gcc/arm-none-eabi/5.4.1/armv7e-m/fpu/libgcc.a(_udivmoddi4.o)
                              /usr/local/gcc-arm/bin/../lib/gcc/arm-none-eabi/5.4.1/armv7e-m/fpu/libgcc.a(_aeabi_uldivmod.o) (__udivmoddi4)
/usr/local/gcc-arm/bin/../lib/gcc/arm-none-eabi/5.4.1/armv7e-m/fpu/libgcc.a(_dvmd_tls.o)
                              /usr/local/gcc-arm/bin/../lib/gcc/arm-none-eabi/5.4.1/armv7e-m/fpu/libgcc.a(_aeabi_uldivmod.o) (__aeabi_ldiv0)
/usr/local/gcc-arm/bin/../lib/gcc/arm-none-eabi/5.4.1/../../../../arm-none-eabi/lib/armv7e-m/fpu/libc_nano.a(lib_a-locale.o)
                              _build/nrf52832_xxaa_nrf_log_backend_serial.c.o (__locale_ctype_ptr)
/usr/local/gcc-arm/bin/../lib/gcc/arm-none-eabi/5.4.1/../../../../arm-none-eabi/lib/armv7e-m/fpu/libc_nano.a(lib_a-mbtowc_r.o)
                              /usr/local/gcc-arm/bin/../lib/gcc/arm-none-eabi/5.4.1/../../../../arm-none-eabi/lib/armv7e-m/fpu/libc_nano.a(lib_a-locale.o) (__ascii_mbtowc)
/usr/local/gcc-arm/bin/../lib/gcc/arm-none-eabi/5.4.1/../../../../arm-none-eabi/lib/armv7e-m/fpu/libc_nano.a(lib_a-memcmp.o)
                              _build/nrf52832_xxaa_main.c.o (memcmp)
/usr/local/gcc-arm/bin/../lib/gcc/arm-none-eabi/5.4.1/../../../../arm-none-eabi/lib/armv7e-m/fpu/libc_nano.a(lib_a-memcpy-stub.o)
                              _build/nrf52832_xxaa_nrf_log_backend_serial.c.o (memcpy)
/usr/local/gcc-arm/bin/../lib/gcc/arm-none-eabi/5.4.1/../../../../arm-none-eabi/lib/armv7e-m/fpu/libc_nano.a(lib_a-snprintf.o)
                              _build/nrf52832_xxaa_nrf_log_backend_serial.c.o (snprintf)
/usr/local/gcc-arm/bin/../lib/gcc/arm-none-eabi/5.4.1/../../../../arm-none-eabi/lib/armv7e-m/fpu/libc_nano.a(lib_a-strcmp.o)
                              /usr/local/gcc-arm/bin/../lib/gcc/arm-none-eabi/5.4.1/../../../../arm-none-eabi/lib/armv7e-m/fpu/libc_nano.a(lib_a-locale.o) (strcmp)
/usr/local/gcc-arm/bin/../lib/gcc/arm-none-eabi/5.4.1/../../../../arm-none-eabi/lib/armv7e-m/fpu/libc_nano.a(lib_a-strcpy.o)
                              _build/nrf52832_xxaa_SEGGER_RTT.c.o (strcpy)
/usr/local/gcc-arm/bin/../lib/gcc/arm-none-eabi/5.4.1/../../../../arm-none-eabi/lib/armv7e-m/fpu/libc_nano.a(lib_a-strlen.o)
                              _build/nrf52832_xxaa_nrf_log_backend_serial.c.o (strlen)
/usr/local/gcc-arm/bin/../lib/gcc/arm-none-eabi/5.4.1/../../../../arm-none-eabi/lib/armv7e-m/fpu/libc_nano.a(lib_a-wctomb_r.o)
                              /usr/local/gcc-arm/bin/../lib/gcc/arm-none-eabi/5.4.1/../../../../arm-none-eabi/lib/armv7e-m/fpu/libc_nano.a(lib_a-locale.o) (__ascii_wctomb)
/usr/local/gcc-arm/bin/../lib/gcc/arm-none-eabi/5.4.1/../../../../arm-none-eabi/lib/armv7e-m/fpu/libc_nano.a(lib_a-ctype_.o)
                              /usr/local/gcc-arm/bin/../lib/gcc/arm-none-eabi/5.4.1/../../../../arm-none-eabi/lib/armv7e-m/fpu/libc_nano.a(lib_a-locale.o) (_ctype_)
/usr/local/gcc-arm/bin/../lib/gcc/arm-none-eabi/5.4.1/../../../../arm-none-eabi/lib/armv7e-m/fpu/libc_nano.a(lib_a-nano-svfprintf.o)
                              /usr/local/gcc-arm/bin/../lib/gcc/arm-none-eabi/5.4.1/../../../../arm-none-eabi/lib/armv7e-m/fpu/libc_nano.a(lib_a-snprintf.o) (_svfprintf_r)
/usr/local/gcc-arm/bin/../lib/gcc/arm-none-eabi/5.4.1/../../../../arm-none-eabi/lib/armv7e-m/fpu/libc_nano.a(lib_a-nano-vfprintf_i.o)
[...]
Memory Configuration

Name             Origin             Length             Attributes
FLASH            0x000000000001f000 0x0000000000061000 xr
RAM              0x0000000020002fe0 0x000000000000d020 xrw
*default*        0x0000000000000000 0xffffffffffffffff

Linker script and memory map


.text           0x000000000001f000     0x8568
 *(.isr_vector)
 .isr_vector    0x000000000001f000      0x200 _build/nrf52832_xxaa_gcc_startup_nrf52.S.o
                0x000000000001f000                __isr_vector
 *(.text*)
 .text          0x000000000001f200       0x5c /usr/local/gcc-arm/bin/../lib/gcc/arm-none-eabi/5.4.1/armv7e-m/fpu/crtbegin.o
 .text          0x000000000001f25c       0x74 /usr/local/gcc-arm/bin/../lib/gcc/arm-none-eabi/5.4.1/../../../../arm-none-eabi/lib/armv7e-m/fpu/crt0.o
                0x000000000001f25c                _mainCRTStartup
                0x000000000001f25c                _start
 .text.exit     0x000000000001f2d0       0x28 /usr/local/gcc-arm/bin/../lib/gcc/arm-none-eabi/5.4.1/../../../../arm-none-eabi/lib/armv7e-m/fpu/libc_nano.a(lib_a-exit.o)
                0x000000000001f2d0                exit
 .text.__libc_init_array
                0x000000000001f2f8       0x4c /usr/local/gcc-arm/bin/../lib/gcc/arm-none-eabi/5.4.1/../../../../arm-none-eabi/lib/armv7e-m/fpu/libc_nano.a(lib_a-init.o)
                0x000000000001f2f8                __libc_init_array
 .text.memset   0x000000000001f344       0x10 /usr/local/gcc-arm/bin/../lib/gcc/arm-none-eabi/5.4.1/../../../../arm-none-eabi/lib/armv7e-m/fpu/libc_nano.a(lib_a-memset.o)
                0x000000000001f344                memset
 .text._exit    0x000000000001f354        0x4 /usr/local/gcc-arm/bin/../lib/gcc/arm-none-eabi/5.4.1/../../../../arm-none-eabi/lib/armv7e-m/fpu/libnosys.a(_exit.o)
                0x000000000001f354                _exit
 .text.uart_event_handler
                0x000000000001f358       0x10 _build/nrf52832_xxaa_nrf_log_backend_serial.c.o
 .text.nrf_log_backend_serial_hexdump_handler
                0x000000000001f368      0x260 _build/nrf52832_xxaa_nrf_log_backend_serial.c.o
 .text.nrf_log_backend_serial_std_handler
                0x000000000001f5c8      0x1c0 _build/nrf52832_xxaa_nrf_log_backend_serial.c.o
 .text.nrf_log_backend_init
                0x000000000001f788       0x80 _build/nrf52832_xxaa_nrf_log_backend_serial.c.o
                0x000000000001f788                nrf_log_backend_init
 .text.nrf_log_backend_std_handler_get
                0x000000000001f808        0x8 _build/nrf52832_xxaa_nrf_log_backend_serial.c.o
                0x000000000001f808                nrf_log_backend_std_handler_get
 .text.nrf_log_backend_hexdump_handler_get
                0x000000000001f810        0x8 _build/nrf52832_xxaa_nrf_log_backend_serial.c.o
                0x000000000001f810                nrf_log_backend_hexdump_handler_get
 .text.nrf_log_backend_getchar
                0x000000000001f818       0x48 _build/nrf52832_xxaa_nrf_log_backend_serial.c.o
                0x000000000001f818                nrf_log_backend_getchar
 .text.nrf_log_init
                0x000000000001f860       0x30 _build/nrf52832_xxaa_nrf_log_frontend.c.o
                0x000000000001f860                nrf_log_init
 .text.nrf_log_blocking_backend_set
                0x000000000001f890        0x8 _build/nrf52832_xxaa_nrf_log_frontend.c.o
                0x000000000001f890                nrf_log_blocking_backend_set
 .text.nrf_log_frontend_std_0
                0x000000000001f898       0xb0 _build/nrf52832_xxaa_nrf_log_frontend.c.o
                0x000000000001f898                nrf_log_frontend_std_0
 .text.nrf_log_frontend_std_1
                0x000000000001f948       0xbc _build/nrf52832_xxaa_nrf_log_frontend.c.o
                0x000000000001f948                nrf_log_frontend_std_1
 .text.nrf_log_frontend_std_2
                0x000000000001fa04       0xcc _build/nrf52832_xxaa_nrf_log_frontend.c.o
                0x000000000001fa04                nrf_log_frontend_std_2
 .text.nrf_log_frontend_std_3
                0x000000000001fad0       0xdc _build/nrf52832_xxaa_nrf_log_frontend.c.o
                0x000000000001fad0                nrf_log_frontend_std_3
 .text.nrf_log_frontend_dequeue
                0x000000000001fbac      0x13c _build/nrf52832_xxaa_nrf_log_frontend.c.o
                0x000000000001fbac                nrf_log_frontend_dequeue
 .text.nrf_log_getchar
                0x000000000001fce8        0x4 _build/nrf52832_xxaa_nrf_log_frontend.c.o
                0x000000000001fce8                nrf_log_getchar
 .text.detection_delay_timeout_handler
                0x000000000001fcec       0xa8 _build/nrf52832_xxaa_app_button.c.o
 .text.gpiote_event_handler
                0x000000000001fd94       0x5c _build/nrf52832_xxaa_app_button.c.o
 .text.app_button_init
                0x000000000001fdf0       0xb0 _build/nrf52832_xxaa_app_button.c.o
                0x000000000001fdf0                app_button_init
 .text.app_button_enable
                0x000000000001fea0       0x2c _build/nrf52832_xxaa_app_button.c.o
                0x000000000001fea0                app_button_enable
 .text.app_button_disable
                0x000000000001fecc       0x34 _build/nrf52832_xxaa_app_button.c.o
                0x000000000001fecc                app_button_disable
 .text.app_error_handler_bare
                0x000000000001ff00       0x20 _build/nrf52832_xxaa_app_error.c.o
                0x000000000001ff00                app_error_handler_bare
 .text.app_error_fault_handler
                0x000000000001ff20       0x48 _build/nrf52832_xxaa_app_error_weak.c.o
                0x000000000001ff20                app_error_fault_handler
 .text.RTC1_IRQHandler
                0x000000000001ff68       0xa0 _build/nrf52832_xxaa_app_timer.c.o
                0x000000000001ff68                RTC1_IRQHandler
 .text.SWI0_EGU0_IRQHandler
                0x0000000000020008      0x64c _build/nrf52832_xxaa_app_timer.c.o
                0x0000000000020008                SWI0_EGU0_IRQHandler
 .text.app_timer_init
                0x0000000000020654      0x184 _build/nrf52832_xxaa_app_timer.c.o
                0x0000000000020654                app_timer_init
 .text.app_timer_create
                0x00000000000207d8       0x24 _build/nrf52832_xxaa_app_timer.c.o
                0x00000000000207d8                app_timer_create
 .text.app_timer_start
                0x00000000000207fc       0xac _build/nrf52832_xxaa_app_timer.c.o
                0x00000000000207fc                app_timer_start
 .text.app_timer_stop
                0x00000000000208a8       0x78 _build/nrf52832_xxaa_app_timer.c.o
                0x00000000000208a8                app_timer_stop
 .text.app_util_critical_region_enter
                0x0000000000020920       0x50 _build/nrf52832_xxaa_app_util_platform.c.o
                0x0000000000020920                app_util_critical_region_enter
 .text.app_util_critical_region_exit
                0x0000000000020970       0x30 _build/nrf52832_xxaa_app_util_platform.c.o
                0x0000000000020970                app_util_critical_region_exit
 .text.bsp_board_led_on
                0x00000000000209a0       0x18 _build/nrf52832_xxaa_boards.c.o
                0x00000000000209a0                bsp_board_led_on
 .text.bsp_board_led_off
                0x00000000000209b8       0x18 _build/nrf52832_xxaa_boards.c.o
                0x00000000000209b8                bsp_board_led_off
 .text.bsp_board_leds_off
                0x00000000000209d0       0x2c _build/nrf52832_xxaa_boards.c.o
                0x00000000000209d0                bsp_board_leds_off
 .text.bsp_board_led_invert
                0x00000000000209fc       0x28 _build/nrf52832_xxaa_boards.c.o
                0x00000000000209fc                bsp_board_led_invert
 .text.bsp_board_leds_init
                0x0000000000020a24       0x3c _build/nrf52832_xxaa_boards.c.o
                0x0000000000020a24                bsp_board_leds_init
 .text.POWER_CLOCK_IRQHandler
                0x0000000000020a60       0x78 _build/nrf52832_xxaa_nrf_drv_clock.c.o
                0x0000000000020a60                POWER_CLOCK_IRQHandler
 .text.nrf_drv_clock_on_soc_event
                0x0000000000020ad8       0x20 _build/nrf52832_xxaa_nrf_drv_clock.c.o
                0x0000000000020ad8                nrf_drv_clock_on_soc_event
 .text.nrf_drv_clock_on_sd_enable
                0x0000000000020af8       0x64 _build/nrf52832_xxaa_nrf_drv_clock.c.o
                0x0000000000020af8                nrf_drv_clock_on_sd_enable
 .text.nrf_drv_common_irq_enable
                0x0000000000020b5c       0x50 _build/nrf52832_xxaa_nrf_drv_common.c.o
                0x0000000000020b5c                nrf_drv_common_irq_enable
 .text.nrf_drv_gpiote_init
                0x0000000000020bac       0x84 _build/nrf52832_xxaa_nrf_drv_gpiote.c.o
                0x0000000000020bac                nrf_drv_gpiote_init
 .text.nrf_drv_gpiote_is_init
                0x0000000000020c30       0x14 _build/nrf52832_xxaa_nrf_drv_gpiote.c.o
                0x0000000000020c30                nrf_drv_gpiote_is_init
 .text.nrf_drv_gpiote_in_init
                0x0000000000020c44      0x190 _build/nrf52832_xxaa_nrf_drv_gpiote.c.o
                0x0000000000020c44                nrf_drv_gpiote_in_init
 .text.nrf_drv_gpiote_in_event_enable
                0x0000000000020dd4       0xc4 _build/nrf52832_xxaa_nrf_drv_gpiote.c.o
                0x0000000000020dd4                nrf_drv_gpiote_in_event_enable
 .text.nrf_drv_gpiote_in_event_disable
                0x0000000000020e98       0x60 _build/nrf52832_xxaa_nrf_drv_gpiote.c.o
                0x0000000000020e98                nrf_drv_gpiote_in_event_disable
 .text.nrf_drv_gpiote_in_is_set
                0x0000000000020ef8       0x14 _build/nrf52832_xxaa_nrf_drv_gpiote.c.o
                0x0000000000020ef8                nrf_drv_gpiote_in_is_set
 .text.GPIOTE_IRQHandler
                0x0000000000020f0c      0x4f4 _build/nrf52832_xxaa_nrf_drv_gpiote.c.o
                0x0000000000020f0c                GPIOTE_IRQHandler
 .text.nrf_drv_rtc_init
                0x0000000000021400       0x54 _build/nrf52832_xxaa_nrf_drv_rtc.c.o
                0x0000000000021400                nrf_drv_rtc_init
 .text.nrf_drv_rtc_enable
                0x0000000000021454       0x18 _build/nrf52832_xxaa_nrf_drv_rtc.c.o
                0x0000000000021454                nrf_drv_rtc_enable
 .text.nrf_drv_rtc_disable
                0x000000000002146c       0x18 _build/nrf52832_xxaa_nrf_drv_rtc.c.o
                0x000000000002146c                nrf_drv_rtc_disable
 .text.nrf_drv_rtc_tick_disable
                0x0000000000021484       0x10 _build/nrf52832_xxaa_nrf_drv_rtc.c.o
                0x0000000000021484                nrf_drv_rtc_tick_disable
 .text.RTC2_IRQHandler
                0x0000000000021494      0x138 _build/nrf52832_xxaa_nrf_drv_rtc.c.o
                0x0000000000021494                RTC2_IRQHandler
 .text.nrf_drv_uart_init
                0x00000000000215cc      0x1dc _build/nrf52832_xxaa_nrf_drv_uart.c.o
                0x00000000000215cc                nrf_drv_uart_init
 .text.nrf_drv_uart_uninit
                0x00000000000217a8      0x10c _build/nrf52832_xxaa_nrf_drv_uart.c.o
                0x00000000000217a8                nrf_drv_uart_uninit
 .text.nrf_drv_uart_tx
                0x00000000000218b4      0x158 _build/nrf52832_xxaa_nrf_drv_uart.c.o
                0x00000000000218b4                nrf_drv_uart_tx
 .text.nrf_drv_uart_tx_in_progress
                0x0000000000021a0c       0x18 _build/nrf52832_xxaa_nrf_drv_uart.c.o
                0x0000000000021a0c                nrf_drv_uart_tx_in_progress
 .text.nrf_drv_uart_rx
                0x0000000000021a24      0x23c _build/nrf52832_xxaa_nrf_drv_uart.c.o
                0x0000000000021a24                nrf_drv_uart_rx
 .text.UARTE0_UART0_IRQHandler
                0x0000000000021c60      0x2fc _build/nrf52832_xxaa_nrf_drv_uart.c.o
                0x0000000000021c60                UARTE0_UART0_IRQHandler
 .text.sd_ble_gattc_read
                0x0000000000021f5c        0x4 _build/nrf52832_xxaa_amtc.c.o
 .text.sd_ble_gattc_write
                0x0000000000021f60        0x4 _build/nrf52832_xxaa_amtc.c.o
 .text.sd_ble_uuid_vs_add
                0x0000000000021f64        0x4 _build/nrf52832_xxaa_amtc.c.o
 .text.nrf_ble_amtc_on_db_disc_evt
                0x0000000000021f68       0xd8 _build/nrf52832_xxaa_amtc.c.o
                0x0000000000021f68                nrf_ble_amtc_on_db_disc_evt
 .text.nrf_ble_amtc_init
                0x0000000000022040       0x58 _build/nrf52832_xxaa_amtc.c.o
                0x0000000000022040                nrf_ble_amtc_init
 .text.nrf_ble_amtc_handles_assign
                0x0000000000022098       0x18 _build/nrf52832_xxaa_amtc.c.o
                0x0000000000022098                nrf_ble_amtc_handles_assign
 .text.nrf_ble_amtc_on_ble_evt
                0x00000000000220b0       0xec _build/nrf52832_xxaa_amtc.c.o
                0x00000000000220b0                nrf_ble_amtc_on_ble_evt
 .text.nrf_ble_amtc_notif_enable
                0x000000000002219c       0x90 _build/nrf52832_xxaa_amtc.c.o
                0x000000000002219c                nrf_ble_amtc_notif_enable
 .text.nrf_ble_amtc_rcb_read
                0x000000000002222c       0x84 _build/nrf52832_xxaa_amtc.c.o
                0x000000000002222c                nrf_ble_amtc_rcb_read
 .text.sd_ble_gatts_service_add
                0x00000000000222b0        0x4 _build/nrf52832_xxaa_amts.c.o
 .text.sd_ble_gatts_value_set
                0x00000000000222b4        0x4 _build/nrf52832_xxaa_amts.c.o
 .text.sd_ble_gatts_hvx
                0x00000000000222b8        0x4 _build/nrf52832_xxaa_amts.c.o
 .text.sd_ble_uuid_vs_add
                0x00000000000222bc        0x4 _build/nrf52832_xxaa_amts.c.o
 .text.char_notification_send
                0x00000000000222c0       0xe4 _build/nrf52832_xxaa_amts.c.o
 .text.nrf_ble_amts_on_ble_evt
                0x00000000000223a4       0x68 _build/nrf52832_xxaa_amts.c.o
                0x00000000000223a4                nrf_ble_amts_on_ble_evt
 .text.nrf_ble_amts_init
                0x000000000002240c       0xe4 _build/nrf52832_xxaa_amts.c.o
                0x000000000002240c                nrf_ble_amts_init
 .text.nrf_ble_amts_notif_spam
                0x00000000000224f0        0xc _build/nrf52832_xxaa_amts.c.o
                0x00000000000224f0                nrf_ble_amts_notif_spam
 .text.nrf_ble_amts_on_gatt_evt
                0x00000000000224fc       0x14 _build/nrf52832_xxaa_amts.c.o
                0x00000000000224fc                nrf_ble_amts_on_gatt_evt
 .text.nrf_ble_amts_rbc_set
                0x0000000000022510       0x54 _build/nrf52832_xxaa_amts.c.o
                0x0000000000022510                nrf_ble_amts_rbc_set
 .text.rtc_handler
                0x0000000000022564        0x8 _build/nrf52832_xxaa_counter.c.o
 .text.counter_init
                0x000000000002256c       0x40 _build/nrf52832_xxaa_counter.c.o
                0x000000000002256c                counter_init
 .text.counter_start
                0x00000000000225ac       0x14 _build/nrf52832_xxaa_counter.c.o
                0x00000000000225ac                counter_start
 .text.counter_stop
                0x00000000000225c0        0xc _build/nrf52832_xxaa_counter.c.o
                0x00000000000225c0                counter_stop
 .text.counter_get
                0x00000000000225cc        0xc _build/nrf52832_xxaa_counter.c.o
                0x00000000000225cc                counter_get
 .text.sd_ble_gap_adv_start
                0x00000000000225d8        0x4 _build/nrf52832_xxaa_main.c.o
 .text.sd_ble_gap_adv_stop
                0x00000000000225dc        0x4 _build/nrf52832_xxaa_main.c.o
 .text.sd_ble_gap_conn_param_update
                0x00000000000225e0        0x4 _build/nrf52832_xxaa_main.c.o
 .text.sd_ble_gap_disconnect
                0x00000000000225e4        0x4 _build/nrf52832_xxaa_main.c.o
 .text.sd_ble_gap_ppcp_set
                0x00000000000225e8        0x4 _build/nrf52832_xxaa_main.c.o
 .text.sd_ble_gap_device_name_set
                0x00000000000225ec        0x4 _build/nrf52832_xxaa_main.c.o
 .text.sd_ble_gap_scan_start
                0x00000000000225f0        0x4 _build/nrf52832_xxaa_main.c.o
 .text.sd_ble_gap_scan_stop
                0x00000000000225f4        0x4 _build/nrf52832_xxaa_main.c.o
 .text.sd_ble_gap_connect
                0x00000000000225f8        0x4 _build/nrf52832_xxaa_main.c.o
 .text.sd_ble_gatts_sys_attr_set
                0x00000000000225fc        0x4 _build/nrf52832_xxaa_main.c.o
 .text.sd_ble_cfg_set
                0x0000000000022600        0x4 _build/nrf52832_xxaa_main.c.o
 .text.sd_ble_user_mem_reply
                0x0000000000022604        0x4 _build/nrf52832_xxaa_main.c.o
 .text.sd_ble_opt_set
                0x0000000000022608        0x4 _build/nrf52832_xxaa_main.c.o
 .text.sd_app_evt_wait
                0x000000000002260c        0x4 _build/nrf52832_xxaa_main.c.o
 .text.conn_params_evt_handler
                0x0000000000022610       0x10 _build/nrf52832_xxaa_main.c.o
 .text.conn_params_error_handler
                0x0000000000022620        0x4 _build/nrf52832_xxaa_main.c.o
 .text.gatt_evt_handler
                0x0000000000022624       0x64 _build/nrf52832_xxaa_main.c.o
 .text.db_disc_evt_handler
                0x0000000000022688        0xc _build/nrf52832_xxaa_main.c.o
 .text.button_evt_handler
                0x0000000000022694       0x38 _build/nrf52832_xxaa_main.c.o
 .text.test_terminate
                0x00000000000226cc       0xec _build/nrf52832_xxaa_main.c.o
 .text.ble_evt_dispatch
                0x00000000000227b8      0x244 _build/nrf52832_xxaa_main.c.o
 .text.amts_evt_handler
                0x00000000000229fc      0x22c _build/nrf52832_xxaa_main.c.o
 .text.amtc_evt_handler
                0x0000000000022c28       0xd4 _build/nrf52832_xxaa_main.c.o
 .text.startup.main
                0x0000000000022cfc      0x760 _build/nrf52832_xxaa_main.c.o
                0x0000000000022cfc                main
 .text.sd_ble_gap_addr_get
                0x000000000002345c        0x4 _build/nrf52832_xxaa_ble_advdata.c.o
 .text.sd_ble_gap_adv_data_set
                0x0000000000023460        0x4 _build/nrf52832_xxaa_ble_advdata.c.o
 .text.sd_ble_gap_appearance_get
                0x0000000000023464        0x4 _build/nrf52832_xxaa_ble_advdata.c.o
 .text.sd_ble_gap_device_name_get
                0x0000000000023468        0x4 _build/nrf52832_xxaa_ble_advdata.c.o
 .text.sd_ble_uuid_encode
                0x000000000002346c        0x4 _build/nrf52832_xxaa_ble_advdata.c.o
 .text.uuid_list_sized_encode
                0x0000000000023470       0xb8 _build/nrf52832_xxaa_ble_advdata.c.o
 .text.adv_data_encode
                0x0000000000023528      0x3f8 _build/nrf52832_xxaa_ble_advdata.c.o
                0x0000000000023528                adv_data_encode
 .text.ble_advdata_set
                0x0000000000023920      0x4dc _build/nrf52832_xxaa_ble_advdata.c.o
                0x0000000000023920                ble_advdata_set
 .text.sd_ble_gap_conn_param_update
                0x0000000000023dfc        0x4 _build/nrf52832_xxaa_ble_conn_params.c.o
 .text.sd_ble_gap_disconnect
                0x0000000000023e00        0x4 _build/nrf52832_xxaa_ble_conn_params.c.o
 .text.sd_ble_gap_ppcp_set
                0x0000000000023e04        0x4 _build/nrf52832_xxaa_ble_conn_params.c.o
 .text.sd_ble_gap_ppcp_get
                0x0000000000023e08        0x4 _build/nrf52832_xxaa_ble_conn_params.c.o
 .text.update_timeout_handler
                0x0000000000023e0c       0x74 _build/nrf52832_xxaa_ble_conn_params.c.o
 .text.conn_params_negotiation
                0x0000000000023e80       0x94 _build/nrf52832_xxaa_ble_conn_params.c.o
 .text.ble_conn_params_init
                0x0000000000023f14       0x74 _build/nrf52832_xxaa_ble_conn_params.c.o
                0x0000000000023f14                ble_conn_params_init
 .text.ble_conn_params_on_ble_evt
                0x0000000000023f88       0xb8 _build/nrf52832_xxaa_ble_conn_params.c.o
                0x0000000000023f88                ble_conn_params_on_ble_evt
 .text.ble_conn_params_change_conn_params
                0x0000000000024040       0x74 _build/nrf52832_xxaa_ble_conn_params.c.o
                0x0000000000024040                ble_conn_params_change_conn_params
 .text.sd_ble_gattc_primary_services_discover
                0x00000000000240b4        0x4 _build/nrf52832_xxaa_ble_db_discovery.c.o
 .text.sd_ble_gattc_characteristics_discover
                0x00000000000240b8        0x4 _build/nrf52832_xxaa_ble_db_discovery.c.o
 .text.sd_ble_gattc_descriptors_discover
                0x00000000000240bc        0x4 _build/nrf52832_xxaa_ble_db_discovery.c.o
 .text.discovery_error_evt_trigger
                0x00000000000240c0       0xdc _build/nrf52832_xxaa_ble_db_discovery.c.o
 .text.descriptors_discover
                0x000000000002419c       0xcc _build/nrf52832_xxaa_ble_db_discovery.c.o
 .text.ble_db_discovery_init
                0x0000000000024268       0x34 _build/nrf52832_xxaa_ble_db_discovery.c.o
                0x0000000000024268                ble_db_discovery_init
 .text.ble_db_discovery_evt_register
                0x000000000002429c       0xd0 _build/nrf52832_xxaa_ble_db_discovery.c.o
                0x000000000002429c                ble_db_discovery_evt_register
 .text.ble_db_discovery_start
                0x000000000002436c       0x68 _build/nrf52832_xxaa_ble_db_discovery.c.o
                0x000000000002436c                ble_db_discovery_start
 .text.ble_db_discovery_on_ble_evt
                0x00000000000243d4      0xc94 _build/nrf52832_xxaa_ble_db_discovery.c.o
                0x00000000000243d4                ble_db_discovery_on_ble_evt
 .text.sd_ble_gatts_characteristic_add
                0x0000000000025068        0x4 _build/nrf52832_xxaa_ble_srv_common.c.o
 .text.ble_srv_is_notification_enabled
                0x000000000002506c        0x8 _build/nrf52832_xxaa_ble_srv_common.c.o
                0x000000000002506c                ble_srv_is_notification_enabled
 .text.characteristic_add
                0x0000000000025074      0x3fc _build/nrf52832_xxaa_ble_srv_common.c.o
                0x0000000000025074                characteristic_add
 .text.sd_ble_gap_data_length_update
                0x0000000000025470        0x4 _build/nrf52832_xxaa_nrf_ble_gatt.c.o
 .text.sd_ble_gattc_exchange_mtu_request
                0x0000000000025474        0x4 _build/nrf52832_xxaa_nrf_ble_gatt.c.o
 .text.sd_ble_gatts_exchange_mtu_reply
                0x0000000000025478        0x4 _build/nrf52832_xxaa_nrf_ble_gatt.c.o
 .text.nrf_ble_gatt_init
                0x000000000002547c       0x38 _build/nrf52832_xxaa_nrf_ble_gatt.c.o
                0x000000000002547c                nrf_ble_gatt_init
 .text.nrf_ble_gatt_att_mtu_periph_set
                0x00000000000254b4       0x18 _build/nrf52832_xxaa_nrf_ble_gatt.c.o
                0x00000000000254b4                nrf_ble_gatt_att_mtu_periph_set
 .text.nrf_ble_gatt_att_mtu_central_set
                0x00000000000254cc       0x18 _build/nrf52832_xxaa_nrf_ble_gatt.c.o
                0x00000000000254cc                nrf_ble_gatt_att_mtu_central_set
 .text.nrf_ble_gatt_data_length_set
                0x00000000000254e4       0x4c _build/nrf52832_xxaa_nrf_ble_gatt.c.o
                0x00000000000254e4                nrf_ble_gatt_data_length_set
 .text.nrf_ble_gatt_on_ble_evt
                0x0000000000025530      0x208 _build/nrf52832_xxaa_nrf_ble_gatt.c.o
                0x0000000000025530                nrf_ble_gatt_on_ble_evt
 .text          0x0000000000025738       0x3c _build/nrf52832_xxaa_gcc_startup_nrf52.S.o
                0x0000000000025738                Reset_Handler
                0x0000000000025760                NMI_Handler
                0x0000000000025762                HardFault_Handler
                0x0000000000025764                MemoryManagement_Handler
                0x0000000000025766                BusFault_Handler
                0x0000000000025768                UsageFault_Handler
                0x000000000002576a                SVC_Handler
                0x000000000002576c                DebugMon_Handler
                0x000000000002576e                PendSV_Handler
                0x0000000000025770                SysTick_Handler
                0x0000000000025772                TIMER4_IRQHandler
                0x0000000000025772                I2S_IRQHandler
                0x0000000000025772                SWI4_EGU4_IRQHandler
                0x0000000000025772                TIMER0_IRQHandler
                0x0000000000025772                TIMER1_IRQHandler
                0x0000000000025772                PWM2_IRQHandler
                0x0000000000025772                ECB_IRQHandler
                0x0000000000025772                SPIM1_SPIS1_TWIM1_TWIS1_SPI1_TWI1_IRQHandler
                0x0000000000025772                Default_Handler
                0x0000000000025772                SAADC_IRQHandler
                0x0000000000025772                CCM_AAR_IRQHandler
                0x0000000000025772                WDT_IRQHandler
                0x0000000000025772                SWI5_EGU5_IRQHandler
                0x0000000000025772                RNG_IRQHandler
                0x0000000000025772                PWM0_IRQHandler
                0x0000000000025772                SWI3_EGU3_IRQHandler
                0x0000000000025772                SWI1_EGU1_IRQHandler
                0x0000000000025772                SPIM2_SPIS2_SPI2_IRQHandler
                0x0000000000025772                NFCT_IRQHandler
                0x0000000000025772                MWU_IRQHandler
                0x0000000000025772                TIMER2_IRQHandler
                0x0000000000025772                COMP_LPCOMP_IRQHandler
                0x0000000000025772                RTC0_IRQHandler
                0x0000000000025772                PWM1_IRQHandler
                0x0000000000025772                RADIO_IRQHandler
                0x0000000000025772                PDM_IRQHandler
                0x0000000000025772                TEMP_IRQHandler
                0x0000000000025772                QDEC_IRQHandler
                0x0000000000025772                TIMER3_IRQHandler
                0x0000000000025772                FPU_IRQHandler
                0x0000000000025772                SPIM0_SPIS0_TWIM0_TWIS0_SPI0_TWI0_IRQHandler
 .text.SystemInit
                0x0000000000025774      0x348 _build/nrf52832_xxaa_system_nrf52.c.o
                0x0000000000025774                SystemInit
 .text.sd_evt_get
                0x0000000000025abc        0x4 _build/nrf52832_xxaa_softdevice_handler.c.o
 .text.sd_softdevice_enable
                0x0000000000025ac0        0x4 _build/nrf52832_xxaa_softdevice_handler.c.o
 .text.sd_ble_enable
                0x0000000000025ac4        0x4 _build/nrf52832_xxaa_softdevice_handler.c.o
 .text.sd_ble_evt_get
                0x0000000000025ac8        0x4 _build/nrf52832_xxaa_softdevice_handler.c.o
 .text.softdevice_fault_handler
                0x0000000000025acc        0x4 _build/nrf52832_xxaa_softdevice_handler.c.o
                0x0000000000025acc                softdevice_fault_handler
 .text.intern_softdevice_events_execute.part.2
                0x0000000000025ad0       0xc0 _build/nrf52832_xxaa_softdevice_handler.c.o
 .text.softdevice_handler_is_enabled
                0x0000000000025b90        0xc _build/nrf52832_xxaa_softdevice_handler.c.o
                0x0000000000025b90                softdevice_handler_is_enabled
 .text.softdevice_handler_init
                0x0000000000025b9c       0x94 _build/nrf52832_xxaa_softdevice_handler.c.o
                0x0000000000025b9c                softdevice_handler_init
 .text.softdevice_ble_evt_handler_set
                0x0000000000025c30       0x14 _build/nrf52832_xxaa_softdevice_handler.c.o
                0x0000000000025c30                softdevice_ble_evt_handler_set
 .text.SWI2_EGU2_IRQHandler
                0x0000000000025c44       0x30 _build/nrf52832_xxaa_softdevice_handler.c.o
                0x0000000000025c44                SWI2_EGU2_IRQHandler
 .text.softdevice_app_ram_start_get
                0x0000000000025c74       0x14 _build/nrf52832_xxaa_softdevice_handler.c.o
                0x0000000000025c74                softdevice_app_ram_start_get
 .text.softdevice_enable
                0x0000000000025c88       0x68 _build/nrf52832_xxaa_softdevice_handler.c.o
                0x0000000000025c88                softdevice_enable
 .text.__get_current_locale
                0x0000000000025cf0       0x18 /usr/local/gcc-arm/bin/../lib/gcc/arm-none-eabi/5.4.1/../../../../arm-none-eabi/lib/armv7e-m/fpu/libc_nano.a(lib_a-locale.o)
 .text.__locale_ctype_ptr
                0x0000000000025d08       0x14 /usr/local/gcc-arm/bin/../lib/gcc/arm-none-eabi/5.4.1/../../../../arm-none-eabi/lib/armv7e-m/fpu/libc_nano.a(lib_a-locale.o)
                0x0000000000025d08                __locale_ctype_ptr
 .text.__ascii_mbtowc
                0x0000000000025d1c       0x24 /usr/local/gcc-arm/bin/../lib/gcc/arm-none-eabi/5.4.1/../../../../arm-none-eabi/lib/armv7e-m/fpu/libc_nano.a(lib_a-mbtowc_r.o)
                0x0000000000025d1c                __ascii_mbtowc
 .text.memcmp   0x0000000000025d40       0x1e /usr/local/gcc-arm/bin/../lib/gcc/arm-none-eabi/5.4.1/../../../../arm-none-eabi/lib/armv7e-m/fpu/libc_nano.a(lib_a-memcmp.o)
                0x0000000000025d40                memcmp
 .text.memcpy   0x0000000000025d5e       0x16 /usr/local/gcc-arm/bin/../lib/gcc/arm-none-eabi/5.4.1/../../../../arm-none-eabi/lib/armv7e-m/fpu/libc_nano.a(lib_a-memcpy-stub.o)
                0x0000000000025d5e                memcpy
 .text.snprintf
                0x0000000000025d74       0x64 /usr/local/gcc-arm/bin/../lib/gcc/arm-none-eabi/5.4.1/../../../../arm-none-eabi/lib/armv7e-m/fpu/libc_nano.a(lib_a-snprintf.o)
                0x0000000000025d74                snprintf
                0x0000000000025d74                sniprintf
 .text          0x0000000000025dd8       0x10 /usr/local/gcc-arm/bin/../lib/gcc/arm-none-eabi/5.4.1/../../../../arm-none-eabi/lib/armv7e-m/fpu/libc_nano.a(lib_a-strlen.o)
                0x0000000000025dd8                strlen
 .text.__ascii_wctomb
                0x0000000000025de8       0x1a /usr/local/gcc-arm/bin/../lib/gcc/arm-none-eabi/5.4.1/../../../../arm-none-eabi/lib/armv7e-m/fpu/libc_nano.a(lib_a-wctomb_r.o)
                0x0000000000025de8                __ascii_wctomb
 .text.__ssputs_r
                0x0000000000025e02       0xb2 /usr/local/gcc-arm/bin/../lib/gcc/arm-none-eabi/5.4.1/../../../../arm-none-eabi/lib/armv7e-m/fpu/libc_nano.a(lib_a-nano-svfprintf.o)
                0x0000000000025e02                __ssputs_r
 .text._svfprintf_r
                0x0000000000025eb4      0x1e8 /usr/local/gcc-arm/bin/../lib/gcc/arm-none-eabi/5.4.1/../../../../arm-none-eabi/lib/armv7e-m/fpu/libc_nano.a(lib_a-nano-svfprintf.o)
                0x0000000000025eb4                _svfprintf_r
                0x0000000000025eb4                _svfiprintf_r
 .text._printf_common
                0x000000000002609c       0xec /usr/local/gcc-arm/bin/../lib/gcc/arm-none-eabi/5.4.1/../../../../arm-none-eabi/lib/armv7e-m/fpu/libc_nano.a(lib_a-nano-vfprintf_i.o)
                0x000000000002609c                _printf_common
 .text._printf_i
                0x0000000000026188      0x24c /usr/local/gcc-arm/bin/../lib/gcc/arm-none-eabi/5.4.1/../../../../arm-none-eabi/lib/armv7e-m/fpu/libc_nano.a(lib_a-nano-vfprintf_i.o)
                0x0000000000026188                _printf_i
 *fill*         0x00000000000263d4        0xc 
 .text          0x00000000000263e0       0xa0 /usr/local/gcc-arm/bin/../lib/gcc/arm-none-eabi/5.4.1/../../../../arm-none-eabi/lib/armv7e-m/fpu/libc_nano.a(lib_a-memchr.o)
                0x00000000000263e0                memchr
 .text.memmove  0x0000000000026480       0x36 /usr/local/gcc-arm/bin/../lib/gcc/arm-none-eabi/5.4.1/../../../../arm-none-eabi/lib/armv7e-m/fpu/libc_nano.a(lib_a-memmove.o)
                0x0000000000026480                memmove
 *fill*         0x00000000000264b6        0x2 
 .text._free_r  0x00000000000264b8       0x9c /usr/local/gcc-arm/bin/../lib/gcc/arm-none-eabi/5.4.1/../../../../arm-none-eabi/lib/armv7e-m/fpu/libc_nano.a(lib_a-nano-freer.o)
                0x00000000000264b8                _free_r
 .text._malloc_r
                0x0000000000026554       0xbc /usr/local/gcc-arm/bin/../lib/gcc/arm-none-eabi/5.4.1/../../../../arm-none-eabi/lib/armv7e-m/fpu/libc_nano.a(lib_a-nano-mallocr.o)
                0x0000000000026554                _malloc_r
 .text._realloc_r
                0x0000000000026610       0x4c /usr/local/gcc-arm/bin/../lib/gcc/arm-none-eabi/5.4.1/../../../../arm-none-eabi/lib/armv7e-m/fpu/libc_nano.a(lib_a-nano-reallocr.o)
                0x0000000000026610                _realloc_r
 .text._sbrk_r  0x000000000002665c       0x20 /usr/local/gcc-arm/bin/../lib/gcc/arm-none-eabi/5.4.1/../../../../arm-none-eabi/lib/armv7e-m/fpu/libc_nano.a(lib_a-sbrkr.o)
                0x000000000002665c                _sbrk_r
 .text.__malloc_lock
                0x000000000002667c        0x2 /usr/local/gcc-arm/bin/../lib/gcc/arm-none-eabi/5.4.1/../../../../arm-none-eabi/lib/armv7e-m/fpu/libc_nano.a(lib_a-mlock.o)
                0x000000000002667c                __malloc_lock
 .text.__malloc_unlock
                0x000000000002667e        0x2 /usr/local/gcc-arm/bin/../lib/gcc/arm-none-eabi/5.4.1/../../../../arm-none-eabi/lib/armv7e-m/fpu/libc_nano.a(lib_a-mlock.o)
                0x000000000002667e                __malloc_unlock
 .text._malloc_usable_size_r
                0x0000000000026680       0x14 /usr/local/gcc-arm/bin/../lib/gcc/arm-none-eabi/5.4.1/../../../../arm-none-eabi/lib/armv7e-m/fpu/libc_nano.a(lib_a-nano-msizer.o)
                0x0000000000026680                _malloc_usable_size_r
 .text._sbrk    0x0000000000026694       0x1c /usr/local/gcc-arm/bin/../lib/gcc/arm-none-eabi/5.4.1/../../../../arm-none-eabi/lib/armv7e-m/fpu/libnosys.a(sbrk.o)
                0x0000000000026694                _sbrk
 *(.init)
 .init          0x00000000000266b0        0x4 /usr/local/gcc-arm/bin/../lib/gcc/arm-none-eabi/5.4.1/armv7e-m/fpu/crti.o
                0x00000000000266b0                _init
 .init          0x00000000000266b4        0x8 /usr/local/gcc-arm/bin/../lib/gcc/arm-none-eabi/5.4.1/armv7e-m/fpu/crtn.o
 *(.fini)
 .fini          0x00000000000266bc        0x4 /usr/local/gcc-arm/bin/../lib/gcc/arm-none-eabi/5.4.1/armv7e-m/fpu/crti.o
                0x00000000000266bc                _fini
 .fini          0x00000000000266c0        0x8 /usr/local/gcc-arm/bin/../lib/gcc/arm-none-eabi/5.4.1/armv7e-m/fpu/crtn.o
 *crtbegin.o(.ctors)
 *crtbegin?.o(.ctors)
 *(EXCLUDE_FILE(*crtend.o *crtend?.o) .ctors)
 *(SORT(.ctors.*))
 *(.ctors)
 *crtbegin.o(.dtors)
 *crtbegin?.o(.dtors)
 *(EXCLUDE_FILE(*crtend.o *crtend?.o) .dtors)
 *(SORT(.dtors.*))
 *(.dtors)
 *(.rodata*)
 .rodata._global_impure_ptr
                0x00000000000266c8        0x4 /usr/local/gcc-arm/bin/../lib/gcc/arm-none-eabi/5.4.1/../../../../arm-none-eabi/lib/armv7e-m/fpu/libc_nano.a(lib_a-impure.o)
                0x00000000000266c8                _global_impure_ptr
 .rodata        0x00000000000266cc       0x20 _build/nrf52832_xxaa_nrf_log_backend_serial.c.o
 .rodata.str1.4
                0x00000000000266ec        0x7 _build/nrf52832_xxaa_nrf_log_backend_serial.c.o
 *fill*         0x00000000000266f3        0x1 
 .rodata.str1.4
                0x00000000000266f4        0xb _build/nrf52832_xxaa_nrf_log_frontend.c.o
 *fill*         0x00000000000266ff        0x1 
 .rodata.m_detection_delay_timer_id
                0x0000000000026700        0x4 _build/nrf52832_xxaa_app_button.c.o
 .rodata.str1.4
                0x0000000000026704       0x29 _build/nrf52832_xxaa_app_error_weak.c.o
 *fill*         0x000000000002672d        0x3 
 .rodata.m_board_led_list
                0x0000000000026730        0x4 _build/nrf52832_xxaa_boards.c.o
 .rodata        0x0000000000026734       0x10 _build/nrf52832_xxaa_amtc.c.o
 .rodata        0x0000000000026744       0x10 _build/nrf52832_xxaa_amts.c.o
 .rodata.str1.4
                0x0000000000026754       0x63 _build/nrf52832_xxaa_amts.c.o
 *fill*         0x00000000000267b7        0x1 
 .rodata        0x00000000000267b8        0x6 _build/nrf52832_xxaa_counter.c.o
 *fill*         0x00000000000267be        0x2 
 .rodata.m_rtc  0x00000000000267c0        0x8 _build/nrf52832_xxaa_counter.c.o
 .rodata        0x00000000000267c8        0x4 _build/nrf52832_xxaa_main.c.o
 .rodata.m_scan_param
                0x00000000000267cc        0x8 _build/nrf52832_xxaa_main.c.o
 .rodata.str1.4
                0x00000000000267d4      0xa0c _build/nrf52832_xxaa_main.c.o
                                        0xa14 (size before relaxing)
 .rodata.m_target_periph_name
                0x00000000000271e0        0xf _build/nrf52832_xxaa_main.c.o
 *fill*         0x00000000000271ef        0x1 
 .rodata.m_conn_params_timer_id
                0x00000000000271f0        0x4 _build/nrf52832_xxaa_ble_conn_params.c.o
 .rodata.str1.4
                0x00000000000271f4      0x185 _build/nrf52832_xxaa_nrf_ble_gatt.c.o
 *fill*         0x0000000000027379        0x3 
 .rodata.str1.4
                0x000000000002737c       0xa8 _build/nrf52832_xxaa_softdevice_handler.c.o
                                         0xa5 (size before relaxing)
 .rodata.str1.1
                0x0000000000027424        0xa /usr/local/gcc-arm/bin/../lib/gcc/arm-none-eabi/5.4.1/../../../../arm-none-eabi/lib/armv7e-m/fpu/libc_nano.a(lib_a-locale.o)
                                          0xb (size before relaxing)
 .rodata._ctype_
                0x000000000002742e      0x101 /usr/local/gcc-arm/bin/../lib/gcc/arm-none-eabi/5.4.1/../../../../arm-none-eabi/lib/armv7e-m/fpu/libc_nano.a(lib_a-ctype_.o)
                0x000000000002742e                _ctype_
 .rodata.str1.1
                0x000000000002752f       0x11 /usr/local/gcc-arm/bin/../lib/gcc/arm-none-eabi/5.4.1/../../../../arm-none-eabi/lib/armv7e-m/fpu/libc_nano.a(lib_a-nano-svfprintf.o)
 .rodata.str1.1
                0x0000000000027540       0x22 /usr/local/gcc-arm/bin/../lib/gcc/arm-none-eabi/5.4.1/../../../../arm-none-eabi/lib/armv7e-m/fpu/libc_nano.a(lib_a-nano-vfprintf_i.o)
 *(.eh_frame*)
 *fill*         0x0000000000027562        0x2 
 .eh_frame      0x0000000000027564        0x0 /usr/local/gcc-arm/bin/../lib/gcc/arm-none-eabi/5.4.1/armv7e-m/fpu/crtbegin.o
 .eh_frame      0x0000000000027564        0x4 /usr/local/gcc-arm/bin/../lib/gcc/arm-none-eabi/5.4.1/armv7e-m/fpu/crtend.o

.glue_7         0x0000000000027568        0x0
 .glue_7        0x0000000000027568        0x0 linker stubs

.glue_7t        0x0000000000027568        0x0
 .glue_7t       0x0000000000027568        0x0 linker stubs

.vfp11_veneer   0x0000000000027568        0x0
 .vfp11_veneer  0x0000000000027568        0x0 linker stubs

.v4_bx          0x0000000000027568        0x0
 .v4_bx         0x0000000000027568        0x0 linker stubs

.iplt           0x0000000000027568        0x0
 .iplt          0x0000000000027568        0x0 /usr/local/gcc-arm/bin/../lib/gcc/arm-none-eabi/5.4.1/armv7e-m/fpu/crtbegin.o

.pwr_mgmt_data  0x0000000000027568        0x0
                [!provide]                        PROVIDE (__start_pwr_mgmt_data, .)
 *(SORT(.pwr_mgmt_data*))
                [!provide]                        PROVIDE (__stop_pwr_mgmt_data, .)

.ARM.extab
 *(.ARM.extab* .gnu.linkonce.armextab.*)
                0x0000000000027568                __exidx_start = .

.ARM.exidx      0x0000000000027568        0x8
 *(.ARM.exidx* .gnu.linkonce.armexidx.*)
 .ARM.exidx     0x0000000000027568        0x8 /usr/local/gcc-arm/bin/../lib/gcc/arm-none-eabi/5.4.1/../../../../arm-none-eabi/lib/armv7e-m/fpu/crt0.o
                0x0000000000027570                __exidx_end = .
                0x0000000000027570                __etext = .

.rel.dyn        0x0000000000027570        0x0
 .rel.iplt      0x0000000000027570        0x0 /usr/local/gcc-arm/bin/../lib/gcc/arm-none-eabi/5.4.1/armv7e-m/fpu/crtbegin.o

.data           0x0000000020002fe0      0x20c load address 0x0000000000027570
                0x0000000020002fe0                __data_start__ = .
 *(vtable)
 *(.data*)
 .data.impure_data
                0x0000000020002fe0       0x60 /usr/local/gcc-arm/bin/../lib/gcc/arm-none-eabi/5.4.1/../../../../arm-none-eabi/lib/armv7e-m/fpu/libc_nano.a(lib_a-impure.o)
 .data._impure_ptr
                0x0000000020003040        0x4 /usr/local/gcc-arm/bin/../lib/gcc/arm-none-eabi/5.4.1/../../../../arm-none-eabi/lib/armv7e-m/fpu/libc_nano.a(lib_a-impure.o)
                0x0000000020003040                _impure_ptr
 .data.m_uart   0x0000000020003044        0x8 _build/nrf52832_xxaa_nrf_log_backend_serial.c.o
 .data.m_conn_param
                0x000000002000304c        0x8 _build/nrf52832_xxaa_main.c.o
 .data.m_test_params
                0x0000000020003054        0x8 _build/nrf52832_xxaa_main.c.o
 .data.m_conn_handle
                0x000000002000305c        0x2 _build/nrf52832_xxaa_main.c.o
 *fill*         0x000000002000305e        0x2 
 .data.buttons.9630
                0x0000000020003060       0x10 _build/nrf52832_xxaa_main.c.o
 .data.SystemCoreClock
                0x0000000020003070        0x4 _build/nrf52832_xxaa_system_nrf52.c.o
                0x0000000020003070                SystemCoreClock
 .data.__global_locale
                0x0000000020003074      0x16c /usr/local/gcc-arm/bin/../lib/gcc/arm-none-eabi/5.4.1/../../../../arm-none-eabi/lib/armv7e-m/fpu/libc_nano.a(lib_a-locale.o)
                0x0000000020003074                __global_locale
                0x00000000200031e0                . = ALIGN (0x4)
                0x00000000200031e0                PROVIDE (__preinit_array_start, .)
 *(.preinit_array)
                0x00000000200031e0                PROVIDE (__preinit_array_end, .)
                0x00000000200031e0                . = ALIGN (0x4)
                0x00000000200031e0                PROVIDE (__init_array_start, .)
 *(SORT(.init_array.*))
 *(.init_array)
 .init_array    0x00000000200031e0        0x4 /usr/local/gcc-arm/bin/../lib/gcc/arm-none-eabi/5.4.1/armv7e-m/fpu/crtbegin.o
                0x00000000200031e4                PROVIDE (__init_array_end, .)
                0x00000000200031e4                . = ALIGN (0x4)
                [!provide]                        PROVIDE (__fini_array_start, .)
 *(SORT(.fini_array.*))
 *(.fini_array)
 .fini_array    0x00000000200031e4        0x4 /usr/local/gcc-arm/bin/../lib/gcc/arm-none-eabi/5.4.1/armv7e-m/fpu/crtbegin.o
                [!provide]                        PROVIDE (__fini_array_end, .)
 *(.jcr*)
 .jcr           0x00000000200031e8        0x0 /usr/local/gcc-arm/bin/../lib/gcc/arm-none-eabi/5.4.1/armv7e-m/fpu/crtbegin.o
 .jcr           0x00000000200031e8        0x4 /usr/local/gcc-arm/bin/../lib/gcc/arm-none-eabi/5.4.1/armv7e-m/fpu/crtend.o
                0x00000000200031ec                . = ALIGN (0x4)
                0x00000000200031ec                __data_end__ = .
LOAD /usr/local/gcc-arm/bin/../lib/gcc/arm-none-eabi/5.4.1/armv7e-m/fpu/crti.o
LOAD /usr/local/gcc-arm/bin/../lib/gcc/arm-none-eabi/5.4.1/armv7e-m/fpu/crtbegin.o
LOAD /usr/local/gcc-arm/bin/../lib/gcc/arm-none-eabi/5.4.1/../../../../arm-none-eabi/lib/armv7e-m/fpu/crt0.o
LOAD /usr/local/gcc-arm/bin/../lib/gcc/arm-none-eabi/5.4.1/../../../../arm-none-eabi/lib/armv7e-m/fpu/libc_nano.a
LOAD /usr/local/gcc-arm/bin/../lib/gcc/arm-none-eabi/5.4.1/../../../../arm-none-eabi/lib/armv7e-m/fpu/libnosys.a
LOAD _build/nrf52832_xxaa_nrf_log_backend_serial.c.o
LOAD _build/nrf52832_xxaa_nrf_log_frontend.c.o
LOAD _build/nrf52832_xxaa_app_button.c.o
LOAD _build/nrf52832_xxaa_app_error.c.o
LOAD _build/nrf52832_xxaa_app_error_weak.c.o
LOAD _build/nrf52832_xxaa_app_scheduler.c.o
LOAD _build/nrf52832_xxaa_app_timer.c.o
LOAD _build/nrf52832_xxaa_app_util_platform.c.o
LOAD _build/nrf52832_xxaa_hardfault_implementation.c.o
LOAD _build/nrf52832_xxaa_nrf_assert.c.o
LOAD _build/nrf52832_xxaa_nrf_strerror.c.o
LOAD _build/nrf52832_xxaa_boards.c.o
LOAD _build/nrf52832_xxaa_nrf_drv_clock.c.o
LOAD _build/nrf52832_xxaa_nrf_drv_common.c.o
LOAD _build/nrf52832_xxaa_nrf_drv_gpiote.c.o
LOAD _build/nrf52832_xxaa_nrf_drv_rtc.c.o
LOAD _build/nrf52832_xxaa_nrf_drv_uart.c.o
LOAD _build/nrf52832_xxaa_bsp.c.o
LOAD _build/nrf52832_xxaa_bsp_nfc.c.o
LOAD _build/nrf52832_xxaa_amtc.c.o
LOAD _build/nrf52832_xxaa_amts.c.o
LOAD _build/nrf52832_xxaa_counter.c.o
LOAD _build/nrf52832_xxaa_main.c.o
LOAD _build/nrf52832_xxaa_RTT_Syscalls_GCC.c.o
LOAD _build/nrf52832_xxaa_SEGGER_RTT.c.o
LOAD _build/nrf52832_xxaa_SEGGER_RTT_printf.c.o
LOAD _build/nrf52832_xxaa_ble_advdata.c.o
LOAD _build/nrf52832_xxaa_ble_conn_params.c.o
LOAD _build/nrf52832_xxaa_ble_db_discovery.c.o
LOAD _build/nrf52832_xxaa_ble_srv_common.c.o
LOAD _build/nrf52832_xxaa_nrf_ble_gatt.c.o
LOAD _build/nrf52832_xxaa_gcc_startup_nrf52.S.o
LOAD _build/nrf52832_xxaa_system_nrf52.c.o
LOAD _build/nrf52832_xxaa_softdevice_handler.c.o
LOAD /usr/local/gcc-arm/bin/../lib/gcc/arm-none-eabi/5.4.1/../../../../arm-none-eabi/lib/armv7e-m/fpu/libm.a
START GROUP
LOAD /usr/local/gcc-arm/bin/../lib/gcc/arm-none-eabi/5.4.1/armv7e-m/fpu/libgcc.a
LOAD /usr/local/gcc-arm/bin/../lib/gcc/arm-none-eabi/5.4.1/../../../../arm-none-eabi/lib/armv7e-m/fpu/libc_nano.a
END GROUP
START GROUP
LOAD /usr/local/gcc-arm/bin/../lib/gcc/arm-none-eabi/5.4.1/armv7e-m/fpu/libgcc.a
LOAD /usr/local/gcc-arm/bin/../lib/gcc/arm-none-eabi/5.4.1/../../../../arm-none-eabi/lib/armv7e-m/fpu/libc_nano.a
END GROUP
LOAD /usr/local/gcc-arm/bin/../lib/gcc/arm-none-eabi/5.4.1/armv7e-m/fpu/crtend.o
LOAD /usr/local/gcc-arm/bin/../lib/gcc/arm-none-eabi/5.4.1/armv7e-m/fpu/crtn.o
START GROUP
LOAD /usr/local/gcc-arm/bin/../lib/gcc/arm-none-eabi/5.4.1/armv7e-m/fpu/libgcc.a
LOAD /usr/local/gcc-arm/bin/../lib/gcc/arm-none-eabi/5.4.1/../../../../arm-none-eabi/lib/armv7e-m/fpu/libc.a
LOAD /usr/local/gcc-arm/bin/../lib/gcc/arm-none-eabi/5.4.1/../../../../arm-none-eabi/lib/armv7e-m/fpu/libnosys.a
END GROUP

.igot.plt       0x00000000200031ec        0x0 load address 0x000000000002777c
 .igot.plt      0x00000000200031ec        0x0 /usr/local/gcc-arm/bin/../lib/gcc/arm-none-eabi/5.4.1/armv7e-m/fpu/crtbegin.o

.fs_data        0x00000000200031ec        0x0
                [!provide]                        PROVIDE (__start_fs_data, .)
 *(.fs_data)
                [!provide]                        PROVIDE (__stop_fs_data, .)

.bss            0x00000000200031ec      0xf00 load address 0x000000000002777c
                0x00000000200031ec                . = ALIGN (0x4)
                0x00000000200031ec                __bss_start__ = .
 *(.bss*)
 .bss           0x00000000200031ec       0x1c /usr/local/gcc-arm/bin/../lib/gcc/arm-none-eabi/5.4.1/armv7e-m/fpu/crtbegin.o
 .bss.m_uart_buffer
                0x0000000020003208      0x100 _build/nrf52832_xxaa_nrf_log_backend_serial.c.o
 .bss.m_rx_done
                0x0000000020003308        0x1 _build/nrf52832_xxaa_nrf_log_backend_serial.c.o
 .bss.m_blocking_mode
                0x0000000020003309        0x1 _build/nrf52832_xxaa_nrf_log_backend_serial.c.o
 .bss.m_initialized
                0x000000002000330a        0x1 _build/nrf52832_xxaa_nrf_log_backend_serial.c.o
 *fill*         0x000000002000330b        0x1 
 .bss.m_log_data
                0x000000002000330c      0x418 _build/nrf52832_xxaa_nrf_log_frontend.c.o
 .bss.m_detection_delay
                0x0000000020003724        0x4 _build/nrf52832_xxaa_app_button.c.o
 .bss.mp_buttons
                0x0000000020003728        0x4 _build/nrf52832_xxaa_app_button.c.o
 .bss.m_button_count
                0x000000002000372c        0x1 _build/nrf52832_xxaa_app_button.c.o
 *fill*         0x000000002000372d        0x3 
 .bss.m_detection_delay_timer_id_data
                0x0000000020003730       0x20 _build/nrf52832_xxaa_app_button.c.o
 .bss.m_pin_state
                0x0000000020003750        0x4 _build/nrf52832_xxaa_app_button.c.o
 .bss.m_pin_transition
                0x0000000020003754        0x4 _build/nrf52832_xxaa_app_button.c.o
 .bss.m_ticks_latest
                0x0000000020003758        0x4 _build/nrf52832_xxaa_app_timer.c.o
 .bss.mp_timer_id_head
                0x000000002000375c        0x4 _build/nrf52832_xxaa_app_timer.c.o
 .bss.m_ticks_elapsed_q_read_ind
                0x0000000020003760        0x1 _build/nrf52832_xxaa_app_timer.c.o
 .bss.m_ticks_elapsed_q_write_ind
                0x0000000020003761        0x1 _build/nrf52832_xxaa_app_timer.c.o
 .bss.m_rtc1_reset
                0x0000000020003762        0x1 _build/nrf52832_xxaa_app_timer.c.o
 *fill*         0x0000000020003763        0x1 
 .bss.m_op_queue
                0x0000000020003764      0x10c _build/nrf52832_xxaa_app_timer.c.o
 .bss.m_ticks_elapsed
                0x0000000020003870        0x8 _build/nrf52832_xxaa_app_timer.c.o
 .bss.m_rtc1_running
                0x0000000020003878        0x1 _build/nrf52832_xxaa_app_timer.c.o
 *fill*         0x0000000020003879        0x3 
 .bss.m_clock_cb
                0x000000002000387c       0x14 _build/nrf52832_xxaa_nrf_drv_clock.c.o
 .bss.m_cb      0x0000000020003890       0x58 _build/nrf52832_xxaa_nrf_drv_gpiote.c.o
 .bss.m_handlers
                0x00000000200038e8        0x4 _build/nrf52832_xxaa_nrf_drv_rtc.c.o
 .bss.m_cb      0x00000000200038ec        0x3 _build/nrf52832_xxaa_nrf_drv_rtc.c.o
 *fill*         0x00000000200038ef        0x1 
 .bss.m_cb      0x00000000200038f0       0x20 _build/nrf52832_xxaa_nrf_drv_uart.c.o
 .bss.m_tx_index
                0x0000000020003910        0x4 _build/nrf52832_xxaa_amtc.c.o
 .bss.m_tx_buffer
                0x0000000020003914       0xa0 _build/nrf52832_xxaa_amtc.c.o
 .bss.m_tx_insert_index
                0x00000000200039b4        0x4 _build/nrf52832_xxaa_amtc.c.o
 .bss.BLE_EVT_BUFFER.9657
                0x00000000200039b8      0x130 _build/nrf52832_xxaa_main.c.o
 .bss.m_amts    0x0000000020003ae8       0x24 _build/nrf52832_xxaa_main.c.o
 .bss.m_conn_interval_configured
                0x0000000020003b0c        0x1 _build/nrf52832_xxaa_main.c.o
 *fill*         0x0000000020003b0d        0x3 
 .bss.m_ble_db_discovery
                0x0000000020003b10      0x260 _build/nrf52832_xxaa_main.c.o
 .bss.m_notif_enabled
                0x0000000020003d70        0x1 _build/nrf52832_xxaa_main.c.o
 *fill*         0x0000000020003d71        0x3 
 .bss.m_gatt    0x0000000020003d74       0x1c _build/nrf52832_xxaa_main.c.o
 .bss.kbytes_cnt.9578
                0x0000000020003d90        0x4 _build/nrf52832_xxaa_main.c.o
 .bss.m_board_role
                0x0000000020003d94        0x1 _build/nrf52832_xxaa_main.c.o
 .bss.m_print_menu
                0x0000000020003d95        0x1 _build/nrf52832_xxaa_main.c.o
 *fill*         0x0000000020003d96        0x2 
 .bss.m_amtc    0x0000000020003d98       0x14 _build/nrf52832_xxaa_main.c.o
 .bss.m_gap_role
                0x0000000020003dac        0x1 _build/nrf52832_xxaa_main.c.o
 .bss.m_mtu_exchanged
                0x0000000020003dad        0x1 _build/nrf52832_xxaa_main.c.o
 .bss.m_data_length_updated
                0x0000000020003dae        0x1 _build/nrf52832_xxaa_main.c.o
 *fill*         0x0000000020003daf        0x1 
 .bss.bytes_cnt.9577
                0x0000000020003db0        0x4 _build/nrf52832_xxaa_main.c.o
 .bss.m_run_test
                0x0000000020003db4        0x1 _build/nrf52832_xxaa_main.c.o
 .bss.m_change_param
                0x0000000020003db5        0x1 _build/nrf52832_xxaa_ble_conn_params.c.o
 *fill*         0x0000000020003db6        0x2 
 .bss.m_current_conn_params
                0x0000000020003db8        0x8 _build/nrf52832_xxaa_ble_conn_params.c.o
 .bss.m_update_count
                0x0000000020003dc0        0x1 _build/nrf52832_xxaa_ble_conn_params.c.o
 *fill*         0x0000000020003dc1        0x3 
 .bss.m_conn_params_config
                0x0000000020003dc4       0x1c _build/nrf52832_xxaa_ble_conn_params.c.o
 .bss.m_conn_params_timer_id_data
                0x0000000020003de0       0x20 _build/nrf52832_xxaa_ble_conn_params.c.o
 .bss.m_conn_handle
                0x0000000020003e00        0x2 _build/nrf52832_xxaa_ble_conn_params.c.o
 *fill*         0x0000000020003e02        0x2 
 .bss.m_preferred_conn_params
                0x0000000020003e04        0x8 _build/nrf52832_xxaa_ble_conn_params.c.o
 .bss.m_evt_handler
                0x0000000020003e0c        0x4 _build/nrf52832_xxaa_ble_db_discovery.c.o
 .bss.m_pending_user_evts
                0x0000000020003e10      0x288 _build/nrf52832_xxaa_ble_db_discovery.c.o
 .bss.m_pending_usr_evt_index
                0x0000000020004098        0x4 _build/nrf52832_xxaa_ble_db_discovery.c.o
 .bss.m_registered_handlers
                0x000000002000409c       0x18 _build/nrf52832_xxaa_ble_db_discovery.c.o
 .bss.m_initialized
                0x00000000200040b4        0x1 _build/nrf52832_xxaa_ble_db_discovery.c.o
 *fill*         0x00000000200040b5        0x3 
 .bss.m_num_of_handlers_reg
                0x00000000200040b8        0x4 _build/nrf52832_xxaa_ble_db_discovery.c.o
 .bss.m_suspended
                0x00000000200040bc        0x1 _build/nrf52832_xxaa_softdevice_handler.c.o
 .bss.m_softdevice_enabled
                0x00000000200040bd        0x1 _build/nrf52832_xxaa_softdevice_handler.c.o
 .bss.m_ble_evt_buffer_size
                0x00000000200040be        0x2 _build/nrf52832_xxaa_softdevice_handler.c.o
 .bss.mp_ble_evt_buffer
                0x00000000200040c0        0x4 _build/nrf52832_xxaa_softdevice_handler.c.o
 .bss.m_sys_evt_handler
                0x00000000200040c4        0x4 _build/nrf52832_xxaa_softdevice_handler.c.o
 .bss.m_ble_evt_handler
                0x00000000200040c8        0x4 _build/nrf52832_xxaa_softdevice_handler.c.o
 .bss.m_evt_schedule_func
                0x00000000200040cc        0x4 _build/nrf52832_xxaa_softdevice_handler.c.o
 .bss.__malloc_sbrk_start
                0x00000000200040d0        0x4 /usr/local/gcc-arm/bin/../lib/gcc/arm-none-eabi/5.4.1/../../../../arm-none-eabi/lib/armv7e-m/fpu/libc_nano.a(lib_a-nano-mallocr.o)
                0x00000000200040d0                __malloc_sbrk_start
 .bss.__malloc_free_list
                0x00000000200040d4        0x4 /usr/local/gcc-arm/bin/../lib/gcc/arm-none-eabi/5.4.1/../../../../arm-none-eabi/lib/armv7e-m/fpu/libc_nano.a(lib_a-nano-mallocr.o)
                0x00000000200040d4                __malloc_free_list
 .bss.heap_end.4169
                0x00000000200040d8        0x4 /usr/local/gcc-arm/bin/../lib/gcc/arm-none-eabi/5.4.1/../../../../arm-none-eabi/lib/armv7e-m/fpu/libnosys.a(sbrk.o)
 *(COMMON)
 COMMON         0x00000000200040dc        0xc _build/nrf52832_xxaa_app_util_platform.c.o
                0x00000000200040dc                nrf_nvic_state
 COMMON         0x00000000200040e8        0x4 /usr/local/gcc-arm/bin/../lib/gcc/arm-none-eabi/5.4.1/../../../../arm-none-eabi/lib/armv7e-m/fpu/libc_nano.a(lib_a-reent.o)
                0x00000000200040e8                errno
                0x00000000200040ec                . = ALIGN (0x4)
                0x00000000200040ec                __bss_end__ = .

.heap           0x00000000200040f0     0x2000
                0x00000000200040f0                __HeapBase = .
                0x00000000200040f0                __end__ = .
                0x00000000200040f0                PROVIDE (end, .)
 *(.heap*)
 .heap          0x00000000200040f0     0x2000 _build/nrf52832_xxaa_gcc_startup_nrf52.S.o
                0x00000000200060f0                __HeapLimit = .

.stack_dummy    0x00000000200040f0     0x2000
 *(.stack*)
 .stack         0x00000000200040f0     0x2000 _build/nrf52832_xxaa_gcc_startup_nrf52.S.o
                0x0000000020010000                __StackTop = (ORIGIN (RAM) + LENGTH (RAM))
                0x000000002000e000                __StackLimit = (__StackTop - SIZEOF (.stack_dummy))
                0x0000000020010000                PROVIDE (__stack, __StackTop)
                0x0000000000000001                ASSERT ((__StackLimit >= __HeapLimit), region RAM overflowed with stack)
OUTPUT(_build/nrf52832_xxaa.out elf32-littlearm)

.ARM.attributes
                0x0000000000000000       0x30
 .ARM.attributes
                0x0000000000000000       0x22 /usr/local/gcc-arm/bin/../lib/gcc/arm-none-eabi/5.4.1/armv7e-m/fpu/crti.o
 .ARM.attributes
                0x0000000000000022       0x34 /usr/local/gcc-arm/bin/../lib/gcc/arm-none-eabi/5.4.1/armv7e-m/fpu/crtbegin.o
 .ARM.attributes
                0x0000000000000056       0x20 /usr/local/gcc-arm/bin/../lib/gcc/arm-none-eabi/5.4.1/../../../../arm-none-eabi/lib/armv7e-m/fpu/crt0.o
 .ARM.attributes
                0x0000000000000076       0x34 /usr/local/gcc-arm/bin/../lib/gcc/arm-none-eabi/5.4.1/../../../../arm-none-eabi/lib/armv7e-m/fpu/libc_nano.a(lib_a-exit.o)
 .ARM.attributes
                0x00000000000000aa       0x34 /usr/local/gcc-arm/bin/../lib/gcc/arm-none-eabi/5.4.1/../../../../arm-none-eabi/lib/armv7e-m/fpu/libc_nano.a(lib_a-impure.o)
 .ARM.attributes
                0x00000000000000de       0x34 /usr/local/gcc-arm/bin/../lib/gcc/arm-none-eabi/5.4.1/../../../../arm-none-eabi/lib/armv7e-m/fpu/libc_nano.a(lib_a-init.o)
 .ARM.attributes
                0x0000000000000112       0x34 /usr/local/gcc-arm/bin/../lib/gcc/arm-none-eabi/5.4.1/../../../../arm-none-eabi/lib/armv7e-m/fpu/libc_nano.a(lib_a-memset.o)
 .ARM.attributes
                0x0000000000000146       0x34 /usr/local/gcc-arm/bin/../lib/gcc/arm-none-eabi/5.4.1/../../../../arm-none-eabi/lib/armv7e-m/fpu/libnosys.a(_exit.o)
 .ARM.attributes
                0x000000000000017a       0x39 _build/nrf52832_xxaa_nrf_log_backend_serial.c.o
 .ARM.attributes
                0x00000000000001b3       0x39 _build/nrf52832_xxaa_nrf_log_frontend.c.o
 .ARM.attributes
                0x00000000000001ec       0x39 _build/nrf52832_xxaa_app_button.c.o
 .ARM.attributes
                0x0000000000000225       0x39 _build/nrf52832_xxaa_app_error.c.o
 .ARM.attributes
                0x000000000000025e       0x39 _build/nrf52832_xxaa_app_error_weak.c.o
 .ARM.attributes
                0x0000000000000297       0x39 _build/nrf52832_xxaa_app_timer.c.o
 .ARM.attributes
                0x00000000000002d0       0x39 _build/nrf52832_xxaa_app_util_platform.c.o
 .ARM.attributes
                0x0000000000000309       0x39 _build/nrf52832_xxaa_boards.c.o
 .ARM.attributes
                0x0000000000000342       0x39 _build/nrf52832_xxaa_nrf_drv_clock.c.o
 .ARM.attributes
                0x000000000000037b       0x39 _build/nrf52832_xxaa_nrf_drv_common.c.o
 .ARM.attributes
                0x00000000000003b4       0x39 _build/nrf52832_xxaa_nrf_drv_gpiote.c.o
 .ARM.attributes
                0x00000000000003ed       0x39 _build/nrf52832_xxaa_nrf_drv_rtc.c.o
 .ARM.attributes
                0x0000000000000426       0x39 _build/nrf52832_xxaa_nrf_drv_uart.c.o
 .ARM.attributes
                0x000000000000045f       0x39 _build/nrf52832_xxaa_amtc.c.o
 .ARM.attributes
                0x0000000000000498       0x39 _build/nrf52832_xxaa_amts.c.o
 .ARM.attributes
                0x00000000000004d1       0x39 _build/nrf52832_xxaa_counter.c.o
 .ARM.attributes
                0x000000000000050a       0x39 _build/nrf52832_xxaa_main.c.o
 .ARM.attributes
                0x0000000000000543       0x39 _build/nrf52832_xxaa_ble_advdata.c.o
 .ARM.attributes
                0x000000000000057c       0x39 _build/nrf52832_xxaa_ble_conn_params.c.o
 .ARM.attributes
                0x00000000000005b5       0x39 _build/nrf52832_xxaa_ble_db_discovery.c.o
 .ARM.attributes
                0x00000000000005ee       0x39 _build/nrf52832_xxaa_ble_srv_common.c.o
 .ARM.attributes
                0x0000000000000627       0x39 _build/nrf52832_xxaa_nrf_ble_gatt.c.o
 .ARM.attributes
                0x0000000000000660       0x1c _build/nrf52832_xxaa_gcc_startup_nrf52.S.o
 .ARM.attributes
                0x000000000000067c       0x39 _build/nrf52832_xxaa_system_nrf52.c.o
 .ARM.attributes
                0x00000000000006b5       0x39 _build/nrf52832_xxaa_softdevice_handler.c.o
 .ARM.attributes
                0x00000000000006ee       0x34 /usr/local/gcc-arm/bin/../lib/gcc/arm-none-eabi/5.4.1/../../../../arm-none-eabi/lib/armv7e-m/fpu/libc_nano.a(lib_a-locale.o)
 .ARM.attributes
                0x0000000000000722       0x34 /usr/local/gcc-arm/bin/../lib/gcc/arm-none-eabi/5.4.1/../../../../arm-none-eabi/lib/armv7e-m/fpu/libc_nano.a(lib_a-mbtowc_r.o)
 .ARM.attributes
                0x0000000000000756       0x34 /usr/local/gcc-arm/bin/../lib/gcc/arm-none-eabi/5.4.1/../../../../arm-none-eabi/lib/armv7e-m/fpu/libc_nano.a(lib_a-memcmp.o)
 .ARM.attributes
                0x000000000000078a       0x34 /usr/local/gcc-arm/bin/../lib/gcc/arm-none-eabi/5.4.1/../../../../arm-none-eabi/lib/armv7e-m/fpu/libc_nano.a(lib_a-memcpy-stub.o)
 .ARM.attributes
                0x00000000000007be       0x34 /usr/local/gcc-arm/bin/../lib/gcc/arm-none-eabi/5.4.1/../../../../arm-none-eabi/lib/armv7e-m/fpu/libc_nano.a(lib_a-snprintf.o)
 .ARM.attributes
                0x00000000000007f2       0x1b /usr/local/gcc-arm/bin/../lib/gcc/arm-none-eabi/5.4.1/../../../../arm-none-eabi/lib/armv7e-m/fpu/libc_nano.a(lib_a-strlen.o)
 .ARM.attributes
                0x000000000000080d       0x34 /usr/local/gcc-arm/bin/../lib/gcc/arm-none-eabi/5.4.1/../../../../arm-none-eabi/lib/armv7e-m/fpu/libc_nano.a(lib_a-wctomb_r.o)
 .ARM.attributes
                0x0000000000000841       0x34 /usr/local/gcc-arm/bin/../lib/gcc/arm-none-eabi/5.4.1/../../../../arm-none-eabi/lib/armv7e-m/fpu/libc_nano.a(lib_a-ctype_.o)
 .ARM.attributes
                0x0000000000000875       0x34 /usr/local/gcc-arm/bin/../lib/gcc/arm-none-eabi/5.4.1/../../../../arm-none-eabi/lib/armv7e-m/fpu/libc_nano.a(lib_a-nano-svfprintf.o)
 .ARM.attributes
                0x00000000000008a9       0x34 /usr/local/gcc-arm/bin/../lib/gcc/arm-none-eabi/5.4.1/../../../../arm-none-eabi/lib/armv7e-m/fpu/libc_nano.a(lib_a-nano-vfprintf_i.o)
 .ARM.attributes
                0x00000000000008dd       0x20 /usr/local/gcc-arm/bin/../lib/gcc/arm-none-eabi/5.4.1/../../../../arm-none-eabi/lib/armv7e-m/fpu/libc_nano.a(lib_a-memchr.o)
 .ARM.attributes
                0x00000000000008fd       0x34 /usr/local/gcc-arm/bin/../lib/gcc/arm-none-eabi/5.4.1/../../../../arm-none-eabi/lib/armv7e-m/fpu/libc_nano.a(lib_a-memmove.o)
 .ARM.attributes
                0x0000000000000931       0x34 /usr/local/gcc-arm/bin/../lib/gcc/arm-none-eabi/5.4.1/../../../../arm-none-eabi/lib/armv7e-m/fpu/libc_nano.a(lib_a-nano-freer.o)
 .ARM.attributes
                0x0000000000000965       0x34 /usr/local/gcc-arm/bin/../lib/gcc/arm-none-eabi/5.4.1/../../../../arm-none-eabi/lib/armv7e-m/fpu/libc_nano.a(lib_a-nano-mallocr.o)
 .ARM.attributes
                0x0000000000000999       0x34 /usr/local/gcc-arm/bin/../lib/gcc/arm-none-eabi/5.4.1/../../../../arm-none-eabi/lib/armv7e-m/fpu/libc_nano.a(lib_a-nano-reallocr.o)
 .ARM.attributes
                0x00000000000009cd       0x34 /usr/local/gcc-arm/bin/../lib/gcc/arm-none-eabi/5.4.1/../../../../arm-none-eabi/lib/armv7e-m/fpu/libc_nano.a(lib_a-sbrkr.o)
 .ARM.attributes
                0x0000000000000a01       0x34 /usr/local/gcc-arm/bin/../lib/gcc/arm-none-eabi/5.4.1/../../../../arm-none-eabi/lib/armv7e-m/fpu/libc_nano.a(lib_a-mlock.o)
 .ARM.attributes
                0x0000000000000a35       0x34 /usr/local/gcc-arm/bin/../lib/gcc/arm-none-eabi/5.4.1/../../../../arm-none-eabi/lib/armv7e-m/fpu/libc_nano.a(lib_a-nano-msizer.o)
 .ARM.attributes
                0x0000000000000a69       0x34 /usr/local/gcc-arm/bin/../lib/gcc/arm-none-eabi/5.4.1/../../../../arm-none-eabi/lib/armv7e-m/fpu/libc_nano.a(lib_a-reent.o)
 .ARM.attributes
                0x0000000000000a9d       0x34 /usr/local/gcc-arm/bin/../lib/gcc/arm-none-eabi/5.4.1/armv7e-m/fpu/crtend.o
 .ARM.attributes
                0x0000000000000ad1       0x22 /usr/local/gcc-arm/bin/../lib/gcc/arm-none-eabi/5.4.1/armv7e-m/fpu/crtn.o
 .ARM.attributes
                0x0000000000000af3       0x34 /usr/local/gcc-arm/bin/../lib/gcc/arm-none-eabi/5.4.1/../../../../arm-none-eabi/lib/armv7e-m/fpu/libnosys.a(sbrk.o)

.comment        0x0000000000000000       0x6e
 .comment       0x0000000000000000       0x6e _build/nrf52832_xxaa_nrf_log_backend_serial.c.o
                                         0x6f (size before relaxing)
 .comment       0x000000000000006e       0x6f _build/nrf52832_xxaa_nrf_log_frontend.c.o
 .comment       0x000000000000006e       0x6f _build/nrf52832_xxaa_app_button.c.o
 .comment       0x000000000000006e       0x6f _build/nrf52832_xxaa_app_error.c.o
 .comment       0x000000000000006e       0x6f _build/nrf52832_xxaa_app_error_weak.c.o
 .comment       0x000000000000006e       0x6f _build/nrf52832_xxaa_app_timer.c.o
 .comment       0x000000000000006e       0x6f _build/nrf52832_xxaa_app_util_platform.c.o
 .comment       0x000000000000006e       0x6f _build/nrf52832_xxaa_boards.c.o
 .comment       0x000000000000006e       0x6f _build/nrf52832_xxaa_nrf_drv_clock.c.o
 .comment       0x000000000000006e       0x6f _build/nrf52832_xxaa_nrf_drv_common.c.o
 .comment       0x000000000000006e       0x6f _build/nrf52832_xxaa_nrf_drv_gpiote.c.o
 .comment       0x000000000000006e       0x6f _build/nrf52832_xxaa_nrf_drv_rtc.c.o
 .comment       0x000000000000006e       0x6f _build/nrf52832_xxaa_nrf_drv_uart.c.o
 .comment       0x000000000000006e       0x6f _build/nrf52832_xxaa_amtc.c.o
 .comment       0x000000000000006e       0x6f _build/nrf52832_xxaa_amts.c.o
 .comment       0x000000000000006e       0x6f _build/nrf52832_xxaa_counter.c.o
 .comment       0x000000000000006e       0x6f _build/nrf52832_xxaa_main.c.o
 .comment       0x000000000000006e       0x6f _build/nrf52832_xxaa_ble_advdata.c.o
 .comment       0x000000000000006e       0x6f _build/nrf52832_xxaa_ble_conn_params.c.o
 .comment       0x000000000000006e       0x6f _build/nrf52832_xxaa_ble_db_discovery.c.o
 .comment       0x000000000000006e       0x6f _build/nrf52832_xxaa_ble_srv_common.c.o
 .comment       0x000000000000006e       0x6f _build/nrf52832_xxaa_nrf_ble_gatt.c.o
 .comment       0x000000000000006e       0x6f _build/nrf52832_xxaa_system_nrf52.c.o
 .comment       0x000000000000006e       0x6f _build/nrf52832_xxaa_softdevice_handler.c.o

.debug_frame    0x0000000000000000     0x21ac
 .debug_frame   0x0000000000000000       0x28 /usr/local/gcc-arm/bin/../lib/gcc/arm-none-eabi/5.4.1/../../../../arm-none-eabi/lib/armv7e-m/fpu/libc_nano.a(lib_a-exit.o)
 .debug_frame   0x0000000000000028       0x2c /usr/local/gcc-arm/bin/../lib/gcc/arm-none-eabi/5.4.1/../../../../arm-none-eabi/lib/armv7e-m/fpu/libc_nano.a(lib_a-init.o)
 .debug_frame   0x0000000000000054       0x20 /usr/local/gcc-arm/bin/../lib/gcc/arm-none-eabi/5.4.1/../../../../arm-none-eabi/lib/armv7e-m/fpu/libc_nano.a(lib_a-memset.o)
 .debug_frame   0x0000000000000074       0x20 /usr/local/gcc-arm/bin/../lib/gcc/arm-none-eabi/5.4.1/../../../../arm-none-eabi/lib/armv7e-m/fpu/libnosys.a(_exit.o)
 .debug_frame   0x0000000000000094       0xec _build/nrf52832_xxaa_nrf_log_backend_serial.c.o
 .debug_frame   0x0000000000000180      0x294 _build/nrf52832_xxaa_nrf_log_frontend.c.o
 .debug_frame   0x0000000000000414       0xe0 _build/nrf52832_xxaa_app_button.c.o
 .debug_frame   0x00000000000004f4       0x70 _build/nrf52832_xxaa_app_error.c.o
 .debug_frame   0x0000000000000564       0x28 _build/nrf52832_xxaa_app_error_weak.c.o
 .debug_frame   0x000000000000058c      0x150 _build/nrf52832_xxaa_app_timer.c.o
 .debug_frame   0x00000000000006dc       0x94 _build/nrf52832_xxaa_app_util_platform.c.o
 .debug_frame   0x0000000000000770      0x104 _build/nrf52832_xxaa_boards.c.o
 .debug_frame   0x0000000000000874      0x1f8 _build/nrf52832_xxaa_nrf_drv_clock.c.o
 .debug_frame   0x0000000000000a6c       0x3c _build/nrf52832_xxaa_nrf_drv_common.c.o
 .debug_frame   0x0000000000000aa8      0x25c _build/nrf52832_xxaa_nrf_drv_gpiote.c.o
 .debug_frame   0x0000000000000d04      0x178 _build/nrf52832_xxaa_nrf_drv_rtc.c.o
 .debug_frame   0x0000000000000e7c      0x1c0 _build/nrf52832_xxaa_nrf_drv_uart.c.o
 .debug_frame   0x000000000000103c      0x170 _build/nrf52832_xxaa_amtc.c.o
 .debug_frame   0x00000000000011ac      0x114 _build/nrf52832_xxaa_amts.c.o
 .debug_frame   0x00000000000012c0       0x6c _build/nrf52832_xxaa_counter.c.o
 .debug_frame   0x000000000000132c      0x2a4 _build/nrf52832_xxaa_main.c.o
 .debug_frame   0x00000000000015d0      0x100 _build/nrf52832_xxaa_ble_advdata.c.o
 .debug_frame   0x00000000000016d0      0x138 _build/nrf52832_xxaa_ble_conn_params.c.o
 .debug_frame   0x0000000000001808      0x17c _build/nrf52832_xxaa_ble_db_discovery.c.o
 .debug_frame   0x0000000000001984       0xcc _build/nrf52832_xxaa_ble_srv_common.c.o
 .debug_frame   0x0000000000001a50       0xe8 _build/nrf52832_xxaa_nrf_ble_gatt.c.o
 .debug_frame   0x0000000000001b38       0x48 _build/nrf52832_xxaa_system_nrf52.c.o
 .debug_frame   0x0000000000001b80      0x1b0 _build/nrf52832_xxaa_softdevice_handler.c.o
 .debug_frame   0x0000000000001d30       0x88 /usr/local/gcc-arm/bin/../lib/gcc/arm-none-eabi/5.4.1/../../../../arm-none-eabi/lib/armv7e-m/fpu/libc_nano.a(lib_a-locale.o)
 .debug_frame   0x0000000000001db8       0x44 /usr/local/gcc-arm/bin/../lib/gcc/arm-none-eabi/5.4.1/../../../../arm-none-eabi/lib/armv7e-m/fpu/libc_nano.a(lib_a-mbtowc_r.o)
 .debug_frame   0x0000000000001dfc       0x28 /usr/local/gcc-arm/bin/../lib/gcc/arm-none-eabi/5.4.1/../../../../arm-none-eabi/lib/armv7e-m/fpu/libc_nano.a(lib_a-memcmp.o)
 .debug_frame   0x0000000000001e24       0x28 /usr/local/gcc-arm/bin/../lib/gcc/arm-none-eabi/5.4.1/../../../../arm-none-eabi/lib/armv7e-m/fpu/libc_nano.a(lib_a-memcpy-stub.o)
 .debug_frame   0x0000000000001e4c       0x74 /usr/local/gcc-arm/bin/../lib/gcc/arm-none-eabi/5.4.1/../../../../arm-none-eabi/lib/armv7e-m/fpu/libc_nano.a(lib_a-snprintf.o)
 .debug_frame   0x0000000000001ec0       0x3c /usr/local/gcc-arm/bin/../lib/gcc/arm-none-eabi/5.4.1/../../../../arm-none-eabi/lib/armv7e-m/fpu/libc_nano.a(lib_a-wctomb_r.o)
 .debug_frame   0x0000000000001efc       0x90 /usr/local/gcc-arm/bin/../lib/gcc/arm-none-eabi/5.4.1/../../../../arm-none-eabi/lib/armv7e-m/fpu/libc_nano.a(lib_a-nano-svfprintf.o)
 .debug_frame   0x0000000000001f8c       0x60 /usr/local/gcc-arm/bin/../lib/gcc/arm-none-eabi/5.4.1/../../../../arm-none-eabi/lib/armv7e-m/fpu/libc_nano.a(lib_a-nano-vfprintf_i.o)
 .debug_frame   0x0000000000001fec       0x28 /usr/local/gcc-arm/bin/../lib/gcc/arm-none-eabi/5.4.1/../../../../arm-none-eabi/lib/armv7e-m/fpu/libc_nano.a(lib_a-memmove.o)
 .debug_frame   0x0000000000002014       0x38 /usr/local/gcc-arm/bin/../lib/gcc/arm-none-eabi/5.4.1/../../../../arm-none-eabi/lib/armv7e-m/fpu/libc_nano.a(lib_a-nano-freer.o)
 .debug_frame   0x000000000000204c       0x2c /usr/local/gcc-arm/bin/../lib/gcc/arm-none-eabi/5.4.1/../../../../arm-none-eabi/lib/armv7e-m/fpu/libc_nano.a(lib_a-nano-mallocr.o)
 .debug_frame   0x0000000000002078       0x3c /usr/local/gcc-arm/bin/../lib/gcc/arm-none-eabi/5.4.1/../../../../arm-none-eabi/lib/armv7e-m/fpu/libc_nano.a(lib_a-nano-reallocr.o)
 .debug_frame   0x00000000000020b4       0x2c /usr/local/gcc-arm/bin/../lib/gcc/arm-none-eabi/5.4.1/../../../../arm-none-eabi/lib/armv7e-m/fpu/libc_nano.a(lib_a-sbrkr.o)
 .debug_frame   0x00000000000020e0       0x30 /usr/local/gcc-arm/bin/../lib/gcc/arm-none-eabi/5.4.1/../../../../arm-none-eabi/lib/armv7e-m/fpu/libc_nano.a(lib_a-mlock.o)
 .debug_frame   0x0000000000002110       0x20 /usr/local/gcc-arm/bin/../lib/gcc/arm-none-eabi/5.4.1/../../../../arm-none-eabi/lib/armv7e-m/fpu/libc_nano.a(lib_a-nano-msizer.o)
 .debug_frame   0x0000000000002130       0x5c /usr/local/gcc-arm/bin/../lib/gcc/arm-none-eabi/5.4.1/../../../../arm-none-eabi/lib/armv7e-m/fpu/libc_nano.a(lib_a-reent.o)
 .debug_frame   0x000000000000218c       0x20 /usr/local/gcc-arm/bin/../lib/gcc/arm-none-eabi/5.4.1/../../../../arm-none-eabi/lib/armv7e-m/fpu/libnosys.a(sbrk.o)

.debug_info     0x0000000000000000    0x26936
 .debug_info    0x0000000000000000     0x1637 _build/nrf52832_xxaa_nrf_log_backend_serial.c.o
 .debug_info    0x0000000000001637     0x1565 _build/nrf52832_xxaa_nrf_log_frontend.c.o
 .debug_info    0x0000000000002b9c      0x623 _build/nrf52832_xxaa_app_button.c.o
 .debug_info    0x00000000000031bf      0x3a0 _build/nrf52832_xxaa_app_error.c.o
 .debug_info    0x000000000000355f      0x3ea _build/nrf52832_xxaa_app_error_weak.c.o
 .debug_info    0x0000000000003949     0x1aa9 _build/nrf52832_xxaa_app_timer.c.o
 .debug_info    0x00000000000053f2      0x980 _build/nrf52832_xxaa_app_util_platform.c.o
 .debug_info    0x0000000000005d72      0xbf8 _build/nrf52832_xxaa_boards.c.o
 .debug_info    0x000000000000696a     0x1719 _build/nrf52832_xxaa_nrf_drv_clock.c.o
 .debug_info    0x0000000000008083      0x6c6 _build/nrf52832_xxaa_nrf_drv_common.c.o
 .debug_info    0x0000000000008749     0x2787 _build/nrf52832_xxaa_nrf_drv_gpiote.c.o
 .debug_info    0x000000000000aed0     0x14f4 _build/nrf52832_xxaa_nrf_drv_rtc.c.o
 .debug_info    0x000000000000c3c4     0x43a3 _build/nrf52832_xxaa_nrf_drv_uart.c.o
 .debug_info    0x0000000000010767     0x1f2f _build/nrf52832_xxaa_amtc.c.o
 .debug_info    0x0000000000012696     0x20c4 _build/nrf52832_xxaa_amts.c.o
 .debug_info    0x000000000001475a      0x7bd _build/nrf52832_xxaa_counter.c.o
 .debug_info    0x0000000000014f17     0x588c _build/nrf52832_xxaa_main.c.o
 .debug_info    0x000000000001a7a3     0x1b26 _build/nrf52832_xxaa_ble_advdata.c.o
 .debug_info    0x000000000001c2c9     0x1c5f _build/nrf52832_xxaa_ble_conn_params.c.o
 .debug_info    0x000000000001df28     0x274d _build/nrf52832_xxaa_ble_db_discovery.c.o
 .debug_info    0x0000000000020675      0xcb5 _build/nrf52832_xxaa_ble_srv_common.c.o
 .debug_info    0x000000000002132a     0x20b9 _build/nrf52832_xxaa_nrf_ble_gatt.c.o
 .debug_info    0x00000000000233e3      0xe22 _build/nrf52832_xxaa_system_nrf52.c.o
 .debug_info    0x0000000000024205     0x2731 _build/nrf52832_xxaa_softdevice_handler.c.o

.debug_abbrev   0x0000000000000000     0x4ea6
 .debug_abbrev  0x0000000000000000      0x3db _build/nrf52832_xxaa_nrf_log_backend_serial.c.o
 .debug_abbrev  0x00000000000003db      0x354 _build/nrf52832_xxaa_nrf_log_frontend.c.o
 .debug_abbrev  0x000000000000072f      0x1e1 _build/nrf52832_xxaa_app_button.c.o
 .debug_abbrev  0x0000000000000910      0x14c _build/nrf52832_xxaa_app_error.c.o
 .debug_abbrev  0x0000000000000a5c      0x189 _build/nrf52832_xxaa_app_error_weak.c.o
 .debug_abbrev  0x0000000000000be5      0x40d _build/nrf52832_xxaa_app_timer.c.o
 .debug_abbrev  0x0000000000000ff2      0x2ad _build/nrf52832_xxaa_app_util_platform.c.o
 .debug_abbrev  0x000000000000129f      0x269 _build/nrf52832_xxaa_boards.c.o
 .debug_abbrev  0x0000000000001508      0x482 _build/nrf52832_xxaa_nrf_drv_clock.c.o
 .debug_abbrev  0x000000000000198a      0x1ad _build/nrf52832_xxaa_nrf_drv_common.c.o
 .debug_abbrev  0x0000000000001b37      0x41f _build/nrf52832_xxaa_nrf_drv_gpiote.c.o
 .debug_abbrev  0x0000000000001f56      0x3fd _build/nrf52832_xxaa_nrf_drv_rtc.c.o
 .debug_abbrev  0x0000000000002353      0x3ce _build/nrf52832_xxaa_nrf_drv_uart.c.o
 .debug_abbrev  0x0000000000002721      0x3f8 _build/nrf52832_xxaa_amtc.c.o
 .debug_abbrev  0x0000000000002b19      0x40c _build/nrf52832_xxaa_amts.c.o
 .debug_abbrev  0x0000000000002f25      0x285 _build/nrf52832_xxaa_counter.c.o
 .debug_abbrev  0x00000000000031aa      0x480 _build/nrf52832_xxaa_main.c.o
 .debug_abbrev  0x000000000000362a      0x369 _build/nrf52832_xxaa_ble_advdata.c.o
 .debug_abbrev  0x0000000000003993      0x409 _build/nrf52832_xxaa_ble_conn_params.c.o
 .debug_abbrev  0x0000000000003d9c      0x45a _build/nrf52832_xxaa_ble_db_discovery.c.o
 .debug_abbrev  0x00000000000041f6      0x24f _build/nrf52832_xxaa_ble_srv_common.c.o
 .debug_abbrev  0x0000000000004445      0x3a6 _build/nrf52832_xxaa_nrf_ble_gatt.c.o
 .debug_abbrev  0x00000000000047eb      0x1e7 _build/nrf52832_xxaa_system_nrf52.c.o
 .debug_abbrev  0x00000000000049d2      0x4d4 _build/nrf52832_xxaa_softdevice_handler.c.o

.debug_loc      0x0000000000000000    0x11e5f
 .debug_loc     0x0000000000000000      0xfe9 _build/nrf52832_xxaa_nrf_log_backend_serial.c.o
 .debug_loc     0x0000000000000fe9     0x1dc6 _build/nrf52832_xxaa_nrf_log_frontend.c.o
 .debug_loc     0x0000000000002daf      0x37f _build/nrf52832_xxaa_app_button.c.o
 .debug_loc     0x000000000000312e      0x145 _build/nrf52832_xxaa_app_error.c.o
 .debug_loc     0x0000000000003273       0x63 _build/nrf52832_xxaa_app_error_weak.c.o
 .debug_loc     0x00000000000032d6      0xe3f _build/nrf52832_xxaa_app_timer.c.o
 .debug_loc     0x0000000000004115       0xe4 _build/nrf52832_xxaa_app_util_platform.c.o
 .debug_loc     0x00000000000041f9      0x885 _build/nrf52832_xxaa_boards.c.o
 .debug_loc     0x0000000000004a7e      0x511 _build/nrf52832_xxaa_nrf_drv_clock.c.o
 .debug_loc     0x0000000000004f8f       0xea _build/nrf52832_xxaa_nrf_drv_common.c.o
 .debug_loc     0x0000000000005079     0x23f5 _build/nrf52832_xxaa_nrf_drv_gpiote.c.o
 .debug_loc     0x000000000000746e      0xecc _build/nrf52832_xxaa_nrf_drv_rtc.c.o
 .debug_loc     0x000000000000833a     0x275b _build/nrf52832_xxaa_nrf_drv_uart.c.o
 .debug_loc     0x000000000000aa95      0x5fc _build/nrf52832_xxaa_amtc.c.o
 .debug_loc     0x000000000000b091      0x493 _build/nrf52832_xxaa_amts.c.o
 .debug_loc     0x000000000000b524       0x78 _build/nrf52832_xxaa_counter.c.o
 .debug_loc     0x000000000000b59c     0x122a _build/nrf52832_xxaa_main.c.o
 .debug_loc     0x000000000000c7c6     0x1acf _build/nrf52832_xxaa_ble_advdata.c.o
 .debug_loc     0x000000000000e295      0x3ba _build/nrf52832_xxaa_ble_conn_params.c.o
 .debug_loc     0x000000000000e64f     0x210a _build/nrf52832_xxaa_ble_db_discovery.c.o
 .debug_loc     0x0000000000010759      0x56c _build/nrf52832_xxaa_ble_srv_common.c.o
 .debug_loc     0x0000000000010cc5      0xc29 _build/nrf52832_xxaa_nrf_ble_gatt.c.o
 .debug_loc     0x00000000000118ee      0x571 _build/nrf52832_xxaa_softdevice_handler.c.o

.debug_aranges  0x0000000000000000      0x9f8
 .debug_aranges
                0x0000000000000000       0x50 _build/nrf52832_xxaa_nrf_log_backend_serial.c.o
 .debug_aranges
                0x0000000000000050       0x98 _build/nrf52832_xxaa_nrf_log_frontend.c.o
 .debug_aranges
                0x00000000000000e8       0x48 _build/nrf52832_xxaa_app_button.c.o
 .debug_aranges
                0x0000000000000130       0x30 _build/nrf52832_xxaa_app_error.c.o
 .debug_aranges
                0x0000000000000160       0x20 _build/nrf52832_xxaa_app_error_weak.c.o
 .debug_aranges
                0x0000000000000180       0x70 _build/nrf52832_xxaa_app_timer.c.o
 .debug_aranges
                0x00000000000001f0       0x48 _build/nrf52832_xxaa_app_util_platform.c.o
 .debug_aranges
                0x0000000000000238       0x80 _build/nrf52832_xxaa_boards.c.o
 .debug_aranges
                0x00000000000002b8       0xb0 _build/nrf52832_xxaa_nrf_drv_clock.c.o
 .debug_aranges
                0x0000000000000368       0x28 _build/nrf52832_xxaa_nrf_drv_common.c.o
 .debug_aranges
                0x0000000000000390       0xd8 _build/nrf52832_xxaa_nrf_drv_gpiote.c.o
 .debug_aranges
                0x0000000000000468       0x78 _build/nrf52832_xxaa_nrf_drv_rtc.c.o
 .debug_aranges
                0x00000000000004e0       0x78 _build/nrf52832_xxaa_nrf_drv_uart.c.o
 .debug_aranges
                0x0000000000000558       0x60 _build/nrf52832_xxaa_amtc.c.o
 .debug_aranges
                0x00000000000005b8       0x68 _build/nrf52832_xxaa_amts.c.o
 .debug_aranges
                0x0000000000000620       0x40 _build/nrf52832_xxaa_counter.c.o
 .debug_aranges
                0x0000000000000660       0xd8 _build/nrf52832_xxaa_main.c.o
 .debug_aranges
                0x0000000000000738       0x58 _build/nrf52832_xxaa_ble_advdata.c.o
 .debug_aranges
                0x0000000000000790       0x68 _build/nrf52832_xxaa_ble_conn_params.c.o
 .debug_aranges
                0x00000000000007f8       0x68 _build/nrf52832_xxaa_ble_db_discovery.c.o
 .debug_aranges
                0x0000000000000860       0x58 _build/nrf52832_xxaa_ble_srv_common.c.o
 .debug_aranges
                0x00000000000008b8       0x68 _build/nrf52832_xxaa_nrf_ble_gatt.c.o
 .debug_aranges
                0x0000000000000920       0x28 _build/nrf52832_xxaa_system_nrf52.c.o
 .debug_aranges
                0x0000000000000948       0xb0 _build/nrf52832_xxaa_softdevice_handler.c.o

.debug_ranges   0x0000000000000000     0x3a48
 .debug_ranges  0x0000000000000000      0x178 _build/nrf52832_xxaa_nrf_log_backend_serial.c.o
 .debug_ranges  0x0000000000000178      0x2f8 _build/nrf52832_xxaa_nrf_log_frontend.c.o
 .debug_ranges  0x0000000000000470       0xa0 _build/nrf52832_xxaa_app_button.c.o
 .debug_ranges  0x0000000000000510       0x20 _build/nrf52832_xxaa_app_error.c.o
 .debug_ranges  0x0000000000000530       0x10 _build/nrf52832_xxaa_app_error_weak.c.o
 .debug_ranges  0x0000000000000540      0x4d0 _build/nrf52832_xxaa_app_timer.c.o
 .debug_ranges  0x0000000000000a10       0x80 _build/nrf52832_xxaa_app_util_platform.c.o
 .debug_ranges  0x0000000000000a90      0x130 _build/nrf52832_xxaa_boards.c.o
 .debug_ranges  0x0000000000000bc0      0x3d0 _build/nrf52832_xxaa_nrf_drv_clock.c.o
 .debug_ranges  0x0000000000000f90       0x38 _build/nrf52832_xxaa_nrf_drv_common.c.o
 .debug_ranges  0x0000000000000fc8      0xa18 _build/nrf52832_xxaa_nrf_drv_gpiote.c.o
 .debug_ranges  0x00000000000019e0      0x310 _build/nrf52832_xxaa_nrf_drv_rtc.c.o
 .debug_ranges  0x0000000000001cf0      0x7c0 _build/nrf52832_xxaa_nrf_drv_uart.c.o
 .debug_ranges  0x00000000000024b0      0x160 _build/nrf52832_xxaa_amtc.c.o
 .debug_ranges  0x0000000000002610      0x100 _build/nrf52832_xxaa_amts.c.o
 .debug_ranges  0x0000000000002710       0x48 _build/nrf52832_xxaa_counter.c.o
 .debug_ranges  0x0000000000002758      0x3e0 _build/nrf52832_xxaa_main.c.o
 .debug_ranges  0x0000000000002b38      0x310 _build/nrf52832_xxaa_ble_advdata.c.o
 .debug_ranges  0x0000000000002e48       0xd0 _build/nrf52832_xxaa_ble_conn_params.c.o
 .debug_ranges  0x0000000000002f18      0x5f0 _build/nrf52832_xxaa_ble_db_discovery.c.o
 .debug_ranges  0x0000000000003508      0x160 _build/nrf52832_xxaa_ble_srv_common.c.o
 .debug_ranges  0x0000000000003668       0xd0 _build/nrf52832_xxaa_nrf_ble_gatt.c.o
 .debug_ranges  0x0000000000003738      0x130 _build/nrf52832_xxaa_system_nrf52.c.o
 .debug_ranges  0x0000000000003868      0x1e0 _build/nrf52832_xxaa_softdevice_handler.c.o

.debug_macro    0x0000000000000000    0x19409
 .debug_macro   0x0000000000000000      0x370 _build/nrf52832_xxaa_nrf_log_backend_serial.c.o
 .debug_macro   0x0000000000000370      0x8f2 _build/nrf52832_xxaa_nrf_log_backend_serial.c.o
 .debug_macro   0x0000000000000c62       0x22 _build/nrf52832_xxaa_nrf_log_backend_serial.c.o
 .debug_macro   0x0000000000000c84       0x4f _build/nrf52832_xxaa_nrf_log_backend_serial.c.o
 .debug_macro   0x0000000000000cd3       0x44 _build/nrf52832_xxaa_nrf_log_backend_serial.c.o
 .debug_macro   0x0000000000000d17       0xfd _build/nrf52832_xxaa_nrf_log_backend_serial.c.o
 .debug_macro   0x0000000000000e14       0x5e _build/nrf52832_xxaa_nrf_log_backend_serial.c.o
 .debug_macro   0x0000000000000e72      0x1df _build/nrf52832_xxaa_nrf_log_backend_serial.c.o
 .debug_macro   0x0000000000001051       0x22 _build/nrf52832_xxaa_nrf_log_backend_serial.c.o
 .debug_macro   0x0000000000001073       0x52 _build/nrf52832_xxaa_nrf_log_backend_serial.c.o
 .debug_macro   0x00000000000010c5       0x35 _build/nrf52832_xxaa_nrf_log_backend_serial.c.o
 .debug_macro   0x00000000000010fa       0x9c _build/nrf52832_xxaa_nrf_log_backend_serial.c.o
 .debug_macro   0x0000000000001196      0x16d _build/nrf52832_xxaa_nrf_log_backend_serial.c.o
 .debug_macro   0x0000000000001303       0x52 _build/nrf52832_xxaa_nrf_log_backend_serial.c.o
 .debug_macro   0x0000000000001355       0x1f _build/nrf52832_xxaa_nrf_log_backend_serial.c.o
 .debug_macro   0x0000000000001374       0x43 _build/nrf52832_xxaa_nrf_log_backend_serial.c.o
 .debug_macro   0x00000000000013b7       0x20 _build/nrf52832_xxaa_nrf_log_backend_serial.c.o
 .debug_macro   0x00000000000013d7      0x187 _build/nrf52832_xxaa_nrf_log_backend_serial.c.o
 .debug_macro   0x000000000000155e      0x330 _build/nrf52832_xxaa_nrf_log_backend_serial.c.o
 .debug_macro   0x000000000000188e       0x10 _build/nrf52832_xxaa_nrf_log_backend_serial.c.o
 .debug_macro   0x000000000000189e       0x35 _build/nrf52832_xxaa_nrf_log_backend_serial.c.o
 .debug_macro   0x00000000000018d3      0x404 _build/nrf52832_xxaa_nrf_log_backend_serial.c.o
 .debug_macro   0x0000000000001cd7      0x16d _build/nrf52832_xxaa_nrf_log_backend_serial.c.o
 .debug_macro   0x0000000000001e44       0x2e _build/nrf52832_xxaa_nrf_log_backend_serial.c.o
 .debug_macro   0x0000000000001e72       0x22 _build/nrf52832_xxaa_nrf_log_backend_serial.c.o
 .debug_macro   0x0000000000001e94       0x9a _build/nrf52832_xxaa_nrf_log_backend_serial.c.o
 .debug_macro   0x0000000000001f2e       0x10 _build/nrf52832_xxaa_nrf_log_backend_serial.c.o
 .debug_macro   0x0000000000001f3e       0x78 _build/nrf52832_xxaa_nrf_log_backend_serial.c.o
 .debug_macro   0x0000000000001fb6       0x22 _build/nrf52832_xxaa_nrf_log_backend_serial.c.o
 .debug_macro   0x0000000000001fd8       0x2d _build/nrf52832_xxaa_nrf_log_backend_serial.c.o
 .debug_macro   0x0000000000002005       0x3b _build/nrf52832_xxaa_nrf_log_backend_serial.c.o
 .debug_macro   0x0000000000002040       0x50 _build/nrf52832_xxaa_nrf_log_backend_serial.c.o
 .debug_macro   0x0000000000002090      0xe66 _build/nrf52832_xxaa_nrf_log_backend_serial.c.o
 .debug_macro   0x0000000000002ef6      0x392 _build/nrf52832_xxaa_nrf_log_backend_serial.c.o
 .debug_macro   0x0000000000003288     0xcc8d _build/nrf52832_xxaa_nrf_log_backend_serial.c.o
 .debug_macro   0x000000000000ff15     0x1313 _build/nrf52832_xxaa_nrf_log_backend_serial.c.o
 .debug_macro   0x0000000000011228       0x82 _build/nrf52832_xxaa_nrf_log_backend_serial.c.o
 .debug_macro   0x00000000000112aa      0x491 _build/nrf52832_xxaa_nrf_log_backend_serial.c.o
 .debug_macro   0x000000000001173b       0x4b _build/nrf52832_xxaa_nrf_log_backend_serial.c.o
 .debug_macro   0x0000000000011786       0x16 _build/nrf52832_xxaa_nrf_log_backend_serial.c.o
 .debug_macro   0x000000000001179c       0x40 _build/nrf52832_xxaa_nrf_log_backend_serial.c.o
 .debug_macro   0x00000000000117dc       0x64 _build/nrf52832_xxaa_nrf_log_backend_serial.c.o
 .debug_macro   0x0000000000011840       0x2e _build/nrf52832_xxaa_nrf_log_backend_serial.c.o
 .debug_macro   0x000000000001186e       0x1c _build/nrf52832_xxaa_nrf_log_backend_serial.c.o
 .debug_macro   0x000000000001188a       0x10 _build/nrf52832_xxaa_nrf_log_backend_serial.c.o
 .debug_macro   0x000000000001189a       0x10 _build/nrf52832_xxaa_nrf_log_backend_serial.c.o
 .debug_macro   0x00000000000118aa       0xb6 _build/nrf52832_xxaa_nrf_log_backend_serial.c.o
 .debug_macro   0x0000000000011960       0x16 _build/nrf52832_xxaa_nrf_log_backend_serial.c.o
 .debug_macro   0x0000000000011976      0x145 _build/nrf52832_xxaa_nrf_log_backend_serial.c.o
 .debug_macro   0x0000000000011abb       0x2b _build/nrf52832_xxaa_nrf_log_backend_serial.c.o
 .debug_macro   0x0000000000011ae6       0x10 _build/nrf52832_xxaa_nrf_log_backend_serial.c.o
 .debug_macro   0x0000000000011af6       0x7f _build/nrf52832_xxaa_nrf_log_backend_serial.c.o
 .debug_macro   0x0000000000011b75       0x28 _build/nrf52832_xxaa_nrf_log_backend_serial.c.o
 .debug_macro   0x0000000000011b9d       0x22 _build/nrf52832_xxaa_nrf_log_backend_serial.c.o
 .debug_macro   0x0000000000011bbf       0x52 _build/nrf52832_xxaa_nrf_log_backend_serial.c.o
 .debug_macro   0x0000000000011c11       0x9c _build/nrf52832_xxaa_nrf_log_backend_serial.c.o
 .debug_macro   0x0000000000011cad      0x2a4 _build/nrf52832_xxaa_nrf_log_backend_serial.c.o
 .debug_macro   0x0000000000011f51       0x10 _build/nrf52832_xxaa_nrf_log_backend_serial.c.o
 .debug_macro   0x0000000000011f61       0x43 _build/nrf52832_xxaa_nrf_log_backend_serial.c.o
 .debug_macro   0x0000000000011fa4      0x353 _build/nrf52832_xxaa_nrf_log_frontend.c.o
 .debug_macro   0x00000000000122f7       0x22 _build/nrf52832_xxaa_nrf_log_frontend.c.o
 .debug_macro   0x0000000000012319      0x16a _build/nrf52832_xxaa_nrf_log_frontend.c.o
 .debug_macro   0x0000000000012483       0x5e _build/nrf52832_xxaa_nrf_log_frontend.c.o
 .debug_macro   0x00000000000124e1       0x2e _build/nrf52832_xxaa_nrf_log_frontend.c.o
 .debug_macro   0x000000000001250f      0x321 _build/nrf52832_xxaa_app_button.c.o
 .debug_macro   0x0000000000012830       0x16 _build/nrf52832_xxaa_app_button.c.o
 .debug_macro   0x0000000000012846       0x22 _build/nrf52832_xxaa_app_button.c.o
 .debug_macro   0x0000000000012868       0x16 _build/nrf52832_xxaa_app_button.c.o
 .debug_macro   0x000000000001287e       0x1c _build/nrf52832_xxaa_app_button.c.o
 .debug_macro   0x000000000001289a       0x28 _build/nrf52832_xxaa_app_button.c.o
 .debug_macro   0x00000000000128c2       0x1f _build/nrf52832_xxaa_app_button.c.o
 .debug_macro   0x00000000000128e1       0x30 _build/nrf52832_xxaa_app_button.c.o
 .debug_macro   0x0000000000012911      0x30f _build/nrf52832_xxaa_app_error.c.o
 .debug_macro   0x0000000000012c20       0x35 _build/nrf52832_xxaa_app_error.c.o
 .debug_macro   0x0000000000012c55       0x22 _build/nrf52832_xxaa_app_error.c.o
 .debug_macro   0x0000000000012c77       0x16 _build/nrf52832_xxaa_app_error.c.o
 .debug_macro   0x0000000000012c8d       0x97 _build/nrf52832_xxaa_app_error.c.o
 .debug_macro   0x0000000000012d24       0xf6 _build/nrf52832_xxaa_app_error.c.o
 .debug_macro   0x0000000000012e1a       0x16 _build/nrf52832_xxaa_app_error.c.o
 .debug_macro   0x0000000000012e30      0x497 _build/nrf52832_xxaa_app_error.c.o
 .debug_macro   0x00000000000132c7      0x164 _build/nrf52832_xxaa_app_error.c.o
 .debug_macro   0x000000000001342b       0x16 _build/nrf52832_xxaa_app_error.c.o
 .debug_macro   0x0000000000013441      0x309 _build/nrf52832_xxaa_app_error_weak.c.o
 .debug_macro   0x000000000001374a      0x344 _build/nrf52832_xxaa_app_timer.c.o
 .debug_macro   0x0000000000013a8e       0x16 _build/nrf52832_xxaa_app_timer.c.o
 .debug_macro   0x0000000000013aa4      0x26e _build/nrf52832_xxaa_app_util_platform.c.o
 .debug_macro   0x0000000000013d12      0x292 _build/nrf52832_xxaa_boards.c.o
 .debug_macro   0x0000000000013fa4      0x261 _build/nrf52832_xxaa_boards.c.o
 .debug_macro   0x0000000000014205      0x115 _build/nrf52832_xxaa_boards.c.o
 .debug_macro   0x000000000001431a      0x452 _build/nrf52832_xxaa_nrf_drv_clock.c.o
 .debug_macro   0x000000000001476c       0x10 _build/nrf52832_xxaa_nrf_drv_clock.c.o
 .debug_macro   0x000000000001477c       0x28 _build/nrf52832_xxaa_nrf_drv_clock.c.o
 .debug_macro   0x00000000000147a4       0x1c _build/nrf52832_xxaa_nrf_drv_clock.c.o
 .debug_macro   0x00000000000147c0       0xf7 _build/nrf52832_xxaa_nrf_drv_clock.c.o
 .debug_macro   0x00000000000148b7      0x139 _build/nrf52832_xxaa_nrf_drv_clock.c.o
 .debug_macro   0x00000000000149f0      0x1fb _build/nrf52832_xxaa_nrf_drv_clock.c.o
 .debug_macro   0x0000000000014beb      0x46a _build/nrf52832_xxaa_nrf_drv_clock.c.o
 .debug_macro   0x0000000000015055       0x3a _build/nrf52832_xxaa_nrf_drv_clock.c.o
 .debug_macro   0x000000000001508f      0x1f7 _build/nrf52832_xxaa_nrf_drv_clock.c.o
 .debug_macro   0x0000000000015286       0x22 _build/nrf52832_xxaa_nrf_drv_clock.c.o
 .debug_macro   0x00000000000152a8       0xf1 _build/nrf52832_xxaa_nrf_drv_clock.c.o
 .debug_macro   0x0000000000015399       0x3c _build/nrf52832_xxaa_nrf_drv_clock.c.o
 .debug_macro   0x00000000000153d5       0x10 _build/nrf52832_xxaa_nrf_drv_clock.c.o
 .debug_macro   0x00000000000153e5       0x10 _build/nrf52832_xxaa_nrf_drv_clock.c.o
 .debug_macro   0x00000000000153f5       0x16 _build/nrf52832_xxaa_nrf_drv_clock.c.o
 .debug_macro   0x000000000001540b       0x16 _build/nrf52832_xxaa_nrf_drv_clock.c.o
 .debug_macro   0x0000000000015421      0x2e1 _build/nrf52832_xxaa_nrf_drv_common.c.o
 .debug_macro   0x0000000000015702       0x22 _build/nrf52832_xxaa_nrf_drv_common.c.o
 .debug_macro   0x0000000000015724      0x3e5 _build/nrf52832_xxaa_nrf_drv_gpiote.c.o
 .debug_macro   0x0000000000015b09       0x16 _build/nrf52832_xxaa_nrf_drv_gpiote.c.o
 .debug_macro   0x0000000000015b1f      0x37c _build/nrf52832_xxaa_nrf_drv_rtc.c.o
 .debug_macro   0x0000000000015e9b       0x28 _build/nrf52832_xxaa_nrf_drv_rtc.c.o
 .debug_macro   0x0000000000015ec3       0x28 _build/nrf52832_xxaa_nrf_drv_rtc.c.o
 .debug_macro   0x0000000000015eeb      0x3d2 _build/nrf52832_xxaa_nrf_drv_uart.c.o
 .debug_macro   0x00000000000162bd      0x322 _build/nrf52832_xxaa_amtc.c.o
 .debug_macro   0x00000000000165df      0x464 _build/nrf52832_xxaa_amtc.c.o
 .debug_macro   0x0000000000016a43       0x34 _build/nrf52832_xxaa_amtc.c.o
 .debug_macro   0x0000000000016a77       0x1c _build/nrf52832_xxaa_amtc.c.o
 .debug_macro   0x0000000000016a93      0x2e9 _build/nrf52832_xxaa_amtc.c.o
 .debug_macro   0x0000000000016d7c       0x10 _build/nrf52832_xxaa_amtc.c.o
 .debug_macro   0x0000000000016d8c       0x28 _build/nrf52832_xxaa_amtc.c.o
 .debug_macro   0x0000000000016db4       0x1c _build/nrf52832_xxaa_amtc.c.o
 .debug_macro   0x0000000000016dd0      0x389 _build/nrf52832_xxaa_amts.c.o
 .debug_macro   0x0000000000017159      0x1f5 _build/nrf52832_xxaa_amts.c.o
 .debug_macro   0x000000000001734e      0x2cf _build/nrf52832_xxaa_counter.c.o
 .debug_macro   0x000000000001761d      0x596 _build/nrf52832_xxaa_main.c.o
 .debug_macro   0x0000000000017bb3       0x1c _build/nrf52832_xxaa_main.c.o
 .debug_macro   0x0000000000017bcf       0xa6 _build/nrf52832_xxaa_main.c.o
 .debug_macro   0x0000000000017c75       0x6a _build/nrf52832_xxaa_main.c.o
 .debug_macro   0x0000000000017cdf       0x46 _build/nrf52832_xxaa_main.c.o
 .debug_macro   0x0000000000017d25      0x2ac _build/nrf52832_xxaa_ble_advdata.c.o
 .debug_macro   0x0000000000017fd1       0x64 _build/nrf52832_xxaa_ble_advdata.c.o
 .debug_macro   0x0000000000018035      0x311 _build/nrf52832_xxaa_ble_conn_params.c.o
 .debug_macro   0x0000000000018346      0x10e _build/nrf52832_xxaa_ble_conn_params.c.o
 .debug_macro   0x0000000000018454       0x86 _build/nrf52832_xxaa_ble_conn_params.c.o
 .debug_macro   0x00000000000184da      0x316 _build/nrf52832_xxaa_ble_db_discovery.c.o